node_modules/.pnpm/@ozwasyd+element-plus@file+..+authority-before-6b735-candidate.tgz_vue@3.5.32_typescript@6.0.2_/node_modules/@ozwasyd/element-plus/es/components/breadcrumb/src/breadcrumb-item.d.ts(2,58): error TS2307: Cannot find module 'vue-router' or its corresponding type declarations.
node_modules/.pnpm/@ozwasyd+element-plus@file+..+authority-before-6b735-candidate.tgz_vue@3.5.32_typescript@6.0.2_/node_modules/@ozwasyd/element-plus/es/components/breadcrumb/src/breadcrumb-item.d.ts(9,145): error TS2307: Cannot find module 'vue-router' or its corresponding type declarations.
node_modules/.pnpm/@ozwasyd+element-plus@file+..+authority-before-6b735-candidate.tgz_vue@3.5.32_typescript@6.0.2_/node_modules/@ozwasyd/element-plus/es/components/breadcrumb/src/breadcrumb-item.d.ts(9,199): error TS2307: Cannot find module 'vue-router' or its corresponding type declarations.
node_modules/.pnpm/@ozwasyd+element-plus@file+..+authority-before-6b735-candidate.tgz_vue@3.5.32_typescript@6.0.2_/node_modules/@ozwasyd/element-plus/es/components/breadcrumb/src/breadcrumb-item.d.ts(9,266): error TS2307: Cannot find module 'vue-router' or its corresponding type declarations.
node_modules/.pnpm/@ozwasyd+element-plus@file+..+authority-before-6b735-candidate.tgz_vue@3.5.32_typescript@6.0.2_/node_modules/@ozwasyd/element-plus/es/components/breadcrumb/src/breadcrumb-item.d.ts(9,320): error TS2307: Cannot find module 'vue-router' or its corresponding type declarations.
node_modules/.pnpm/@ozwasyd+element-plus@file+..+authority-before-6b735-candidate.tgz_vue@3.5.32_typescript@6.0.2_/node_modules/@ozwasyd/element-plus/es/components/breadcrumb/src/breadcrumb-item.d.ts(9,407): error TS2307: Cannot find module 'vue-router' or its corresponding type declarations.
node_modules/.pnpm/@ozwasyd+element-plus@file+..+authority-before-6b735-candidate.tgz_vue@3.5.32_typescript@6.0.2_/node_modules/@ozwasyd/element-plus/es/components/breadcrumb/src/breadcrumb-item.d.ts(9,461): error TS2307: Cannot find module 'vue-router' or its corresponding type declarations.
node_modules/.pnpm/@ozwasyd+element-plus@file+..+authority-before-6b735-candidate.tgz_vue@3.5.32_typescript@6.0.2_/node_modules/@ozwasyd/element-plus/es/components/breadcrumb/src/breadcrumb-item.d.ts(9,528): error TS2307: Cannot find module 'vue-router' or its corresponding type declarations.
node_modules/.pnpm/@ozwasyd+element-plus@file+..+authority-before-6b735-candidate.tgz_vue@3.5.32_typescript@6.0.2_/node_modules/@ozwasyd/element-plus/es/components/breadcrumb/src/breadcrumb-item.d.ts(9,582): error TS2307: Cannot find module 'vue-router' or its corresponding type declarations.
node_modules/.pnpm/@ozwasyd+element-plus@file+..+authority-before-6b735-candidate.tgz_vue@3.5.32_typescript@6.0.2_/node_modules/@ozwasyd/element-plus/es/components/index.d.ts(12,15): error TS2307: Cannot find module './cascader' or its corresponding type declarations.
node_modules/.pnpm/@ozwasyd+element-plus@file+..+authority-before-6b735-candidate.tgz_vue@3.5.32_typescript@6.0.2_/node_modules/@ozwasyd/element-plus/es/components/index.d.ts(56,15): error TS2307: Cannot find module './select' or its corresponding type declarations.
node_modules/.pnpm/@ozwasyd+element-plus@file+..+authority-before-6b735-candidate.tgz_vue@3.5.32_typescript@6.0.2_/node_modules/@ozwasyd/element-plus/es/components/index.d.ts(61,15): error TS2307: Cannot find module './slider' or its corresponding type declarations.
node_modules/.pnpm/@ozwasyd+element-plus@file+..+authority-before-6b735-candidate.tgz_vue@3.5.32_typescript@6.0.2_/node_modules/@ozwasyd/element-plus/es/components/index.d.ts(74,15): error TS2307: Cannot find module './time-select' or its corresponding type declarations.
node_modules/.pnpm/@ozwasyd+element-plus@file+..+authority-before-6b735-candidate.tgz_vue@3.5.32_typescript@6.0.2_/node_modules/@ozwasyd/element-plus/es/components/menu/index.d.ts(160,149): error TS2307: Cannot find module 'vue-router' or its corresponding type declarations.
node_modules/.pnpm/@ozwasyd+element-plus@file+..+authority-before-6b735-candidate.tgz_vue@3.5.32_typescript@6.0.2_/node_modules/@ozwasyd/element-plus/es/components/menu/index.d.ts(160,203): error TS2307: Cannot find module 'vue-router' or its corresponding type declarations.
node_modules/.pnpm/@ozwasyd+element-plus@file+..+authority-before-6b735-candidate.tgz_vue@3.5.32_typescript@6.0.2_/node_modules/@ozwasyd/element-plus/es/components/menu/index.d.ts(160,270): error TS2307: Cannot find module 'vue-router' or its corresponding type declarations.
node_modules/.pnpm/@ozwasyd+element-plus@file+..+authority-before-6b735-candidate.tgz_vue@3.5.32_typescript@6.0.2_/node_modules/@ozwasyd/element-plus/es/components/menu/index.d.ts(160,324): error TS2307: Cannot find module 'vue-router' or its corresponding type declarations.
node_modules/.pnpm/@ozwasyd+element-plus@file+..+authority-before-6b735-candidate.tgz_vue@3.5.32_typescript@6.0.2_/node_modules/@ozwasyd/element-plus/es/components/menu/index.d.ts(160,411): error TS2307: Cannot find module 'vue-router' or its corresponding type declarations.
node_modules/.pnpm/@ozwasyd+element-plus@file+..+authority-before-6b735-candidate.tgz_vue@3.5.32_typescript@6.0.2_/node_modules/@ozwasyd/element-plus/es/components/menu/index.d.ts(160,465): error TS2307: Cannot find module 'vue-router' or its corresponding type declarations.
node_modules/.pnpm/@ozwasyd+element-plus@file+..+authority-before-6b735-candidate.tgz_vue@3.5.32_typescript@6.0.2_/node_modules/@ozwasyd/element-plus/es/components/menu/index.d.ts(160,532): error TS2307: Cannot find module 'vue-router' or its corresponding type declarations.
node_modules/.pnpm/@ozwasyd+element-plus@file+..+authority-before-6b735-candidate.tgz_vue@3.5.32_typescript@6.0.2_/node_modules/@ozwasyd/element-plus/es/components/menu/index.d.ts(160,586): error TS2307: Cannot find module 'vue-router' or its corresponding type declarations.
node_modules/.pnpm/@ozwasyd+element-plus@file+..+authority-before-6b735-candidate.tgz_vue@3.5.32_typescript@6.0.2_/node_modules/@ozwasyd/element-plus/es/components/menu/index.d.ts(218,149): error TS2307: Cannot find module 'vue-router' or its corresponding type declarations.
node_modules/.pnpm/@ozwasyd+element-plus@file+..+authority-before-6b735-candidate.tgz_vue@3.5.32_typescript@6.0.2_/node_modules/@ozwasyd/element-plus/es/components/menu/index.d.ts(218,203): error TS2307: Cannot find module 'vue-router' or its corresponding type declarations.
node_modules/.pnpm/@ozwasyd+element-plus@file+..+authority-before-6b735-candidate.tgz_vue@3.5.32_typescript@6.0.2_/node_modules/@ozwasyd/element-plus/es/components/menu/index.d.ts(218,270): error TS2307: Cannot find module 'vue-router' or its corresponding type declarations.
node_modules/.pnpm/@ozwasyd+element-plus@file+..+authority-before-6b735-candidate.tgz_vue@3.5.32_typescript@6.0.2_/node_modules/@ozwasyd/element-plus/es/components/menu/index.d.ts(218,324): error TS2307: Cannot find module 'vue-router' or its corresponding type declarations.
node_modules/.pnpm/@ozwasyd+element-plus@file+..+authority-before-6b735-candidate.tgz_vue@3.5.32_typescript@6.0.2_/node_modules/@ozwasyd/element-plus/es/components/menu/index.d.ts(218,411): error TS2307: Cannot find module 'vue-router' or its corresponding type declarations.
node_modules/.pnpm/@ozwasyd+element-plus@file+..+authority-before-6b735-candidate.tgz_vue@3.5.32_typescript@6.0.2_/node_modules/@ozwasyd/element-plus/es/components/menu/index.d.ts(218,465): error TS2307: Cannot find module 'vue-router' or its corresponding type declarations.
node_modules/.pnpm/@ozwasyd+element-plus@file+..+authority-before-6b735-candidate.tgz_vue@3.5.32_typescript@6.0.2_/node_modules/@ozwasyd/element-plus/es/components/menu/index.d.ts(218,532): error TS2307: Cannot find module 'vue-router' or its corresponding type declarations.
node_modules/.pnpm/@ozwasyd+element-plus@file+..+authority-before-6b735-candidate.tgz_vue@3.5.32_typescript@6.0.2_/node_modules/@ozwasyd/element-plus/es/components/menu/index.d.ts(218,586): error TS2307: Cannot find module 'vue-router' or its corresponding type declarations.
node_modules/.pnpm/@ozwasyd+element-plus@file+..+authority-before-6b735-candidate.tgz_vue@3.5.32_typescript@6.0.2_/node_modules/@ozwasyd/element-plus/es/components/menu/index.d.ts(4873,145): error TS2307: Cannot find module 'vue-router' or its corresponding type declarations.
node_modules/.pnpm/@ozwasyd+element-plus@file+..+authority-before-6b735-candidate.tgz_vue@3.5.32_typescript@6.0.2_/node_modules/@ozwasyd/element-plus/es/components/menu/index.d.ts(4873,199): error TS2307: Cannot find module 'vue-router' or its corresponding type declarations.
node_modules/.pnpm/@ozwasyd+element-plus@file+..+authority-before-6b735-candidate.tgz_vue@3.5.32_typescript@6.0.2_/node_modules/@ozwasyd/element-plus/es/components/menu/index.d.ts(4873,266): error TS2307: Cannot find module 'vue-router' or its corresponding type declarations.
node_modules/.pnpm/@ozwasyd+element-plus@file+..+authority-before-6b735-candidate.tgz_vue@3.5.32_typescript@6.0.2_/node_modules/@ozwasyd/element-plus/es/components/menu/index.d.ts(4873,320): error TS2307: Cannot find module 'vue-router' or its corresponding type declarations.
node_modules/.pnpm/@ozwasyd+element-plus@file+..+authority-before-6b735-candidate.tgz_vue@3.5.32_typescript@6.0.2_/node_modules/@ozwasyd/element-plus/es/components/menu/index.d.ts(4873,407): error TS2307: Cannot find module 'vue-router' or its corresponding type declarations.
node_modules/.pnpm/@ozwasyd+element-plus@file+..+authority-before-6b735-candidate.tgz_vue@3.5.32_typescript@6.0.2_/node_modules/@ozwasyd/element-plus/es/components/menu/index.d.ts(4873,461): error TS2307: Cannot find module 'vue-router' or its corresponding type declarations.
node_modules/.pnpm/@ozwasyd+element-plus@file+..+authority-before-6b735-candidate.tgz_vue@3.5.32_typescript@6.0.2_/node_modules/@ozwasyd/element-plus/es/components/menu/index.d.ts(4873,528): error TS2307: Cannot find module 'vue-router' or its corresponding type declarations.
node_modules/.pnpm/@ozwasyd+element-plus@file+..+authority-before-6b735-candidate.tgz_vue@3.5.32_typescript@6.0.2_/node_modules/@ozwasyd/element-plus/es/components/menu/index.d.ts(4873,582): error TS2307: Cannot find module 'vue-router' or its corresponding type declarations.
node_modules/.pnpm/@ozwasyd+element-plus@file+..+authority-before-6b735-candidate.tgz_vue@3.5.32_typescript@6.0.2_/node_modules/@ozwasyd/element-plus/es/components/menu/index.d.ts(4931,145): error TS2307: Cannot find module 'vue-router' or its corresponding type declarations.
node_modules/.pnpm/@ozwasyd+element-plus@file+..+authority-before-6b735-candidate.tgz_vue@3.5.32_typescript@6.0.2_/node_modules/@ozwasyd/element-plus/es/components/menu/index.d.ts(4931,199): error TS2307: Cannot find module 'vue-router' or its corresponding type declarations.
node_modules/.pnpm/@ozwasyd+element-plus@file+..+authority-before-6b735-candidate.tgz_vue@3.5.32_typescript@6.0.2_/node_modules/@ozwasyd/element-plus/es/components/menu/index.d.ts(4931,266): error TS2307: Cannot find module 'vue-router' or its corresponding type declarations.
node_modules/.pnpm/@ozwasyd+element-plus@file+..+authority-before-6b735-candidate.tgz_vue@3.5.32_typescript@6.0.2_/node_modules/@ozwasyd/element-plus/es/components/menu/index.d.ts(4931,320): error TS2307: Cannot find module 'vue-router' or its corresponding type declarations.
node_modules/.pnpm/@ozwasyd+element-plus@file+..+authority-before-6b735-candidate.tgz_vue@3.5.32_typescript@6.0.2_/node_modules/@ozwasyd/element-plus/es/components/menu/index.d.ts(4931,407): error TS2307: Cannot find module 'vue-router' or its corresponding type declarations.
node_modules/.pnpm/@ozwasyd+element-plus@file+..+authority-before-6b735-candidate.tgz_vue@3.5.32_typescript@6.0.2_/node_modules/@ozwasyd/element-plus/es/components/menu/index.d.ts(4931,461): error TS2307: Cannot find module 'vue-router' or its corresponding type declarations.
node_modules/.pnpm/@ozwasyd+element-plus@file+..+authority-before-6b735-candidate.tgz_vue@3.5.32_typescript@6.0.2_/node_modules/@ozwasyd/element-plus/es/components/menu/index.d.ts(4931,528): error TS2307: Cannot find module 'vue-router' or its corresponding type declarations.
node_modules/.pnpm/@ozwasyd+element-plus@file+..+authority-before-6b735-candidate.tgz_vue@3.5.32_typescript@6.0.2_/node_modules/@ozwasyd/element-plus/es/components/menu/index.d.ts(4931,582): error TS2307: Cannot find module 'vue-router' or its corresponding type declarations.
node_modules/.pnpm/@ozwasyd+element-plus@file+..+authority-before-6b735-candidate.tgz_vue@3.5.32_typescript@6.0.2_/node_modules/@ozwasyd/element-plus/es/components/menu/src/menu-item.d.ts(12,145): error TS2307: Cannot find module 'vue-router' or its corresponding type declarations.
node_modules/.pnpm/@ozwasyd+element-plus@file+..+authority-before-6b735-candidate.tgz_vue@3.5.32_typescript@6.0.2_/node_modules/@ozwasyd/element-plus/es/components/menu/src/menu-item.d.ts(12,199): error TS2307: Cannot find module 'vue-router' or its corresponding type declarations.
node_modules/.pnpm/@ozwasyd+element-plus@file+..+authority-before-6b735-candidate.tgz_vue@3.5.32_typescript@6.0.2_/node_modules/@ozwasyd/element-plus/es/components/menu/src/menu-item.d.ts(12,266): error TS2307: Cannot find module 'vue-router' or its corresponding type declarations.
node_modules/.pnpm/@ozwasyd+element-plus@file+..+authority-before-6b735-candidate.tgz_vue@3.5.32_typescript@6.0.2_/node_modules/@ozwasyd/element-plus/es/components/menu/src/menu-item.d.ts(12,320): error TS2307: Cannot find module 'vue-router' or its corresponding type declarations.
node_modules/.pnpm/@ozwasyd+element-plus@file+..+authority-before-6b735-candidate.tgz_vue@3.5.32_typescript@6.0.2_/node_modules/@ozwasyd/element-plus/es/components/menu/src/menu-item.d.ts(12,407): error TS2307: Cannot find module 'vue-router' or its corresponding type declarations.
node_modules/.pnpm/@ozwasyd+element-plus@file+..+authority-before-6b735-candidate.tgz_vue@3.5.32_typescript@6.0.2_/node_modules/@ozwasyd/element-plus/es/components/menu/src/menu-item.d.ts(12,461): error TS2307: Cannot find module 'vue-router' or its corresponding type declarations.
node_modules/.pnpm/@ozwasyd+element-plus@file+..+authority-before-6b735-candidate.tgz_vue@3.5.32_typescript@6.0.2_/node_modules/@ozwasyd/element-plus/es/components/menu/src/menu-item.d.ts(12,528): error TS2307: Cannot find module 'vue-router' or its corresponding type declarations.
node_modules/.pnpm/@ozwasyd+element-plus@file+..+authority-before-6b735-candidate.tgz_vue@3.5.32_typescript@6.0.2_/node_modules/@ozwasyd/element-plus/es/components/menu/src/menu-item.d.ts(12,582): error TS2307: Cannot find module 'vue-router' or its corresponding type declarations.
node_modules/.pnpm/@ozwasyd+element-plus@file+..+authority-before-6b735-candidate.tgz_vue@3.5.32_typescript@6.0.2_/node_modules/@ozwasyd/element-plus/es/components/menu/src/menu-item.vue.d.ts(11,145): error TS2307: Cannot find module 'vue-router' or its corresponding type declarations.
node_modules/.pnpm/@ozwasyd+element-plus@file+..+authority-before-6b735-candidate.tgz_vue@3.5.32_typescript@6.0.2_/node_modules/@ozwasyd/element-plus/es/components/menu/src/menu-item.vue.d.ts(11,199): error TS2307: Cannot find module 'vue-router' or its corresponding type declarations.
node_modules/.pnpm/@ozwasyd+element-plus@file+..+authority-before-6b735-candidate.tgz_vue@3.5.32_typescript@6.0.2_/node_modules/@ozwasyd/element-plus/es/components/menu/src/menu-item.vue.d.ts(11,266): error TS2307: Cannot find module 'vue-router' or its corresponding type declarations.
node_modules/.pnpm/@ozwasyd+element-plus@file+..+authority-before-6b735-candidate.tgz_vue@3.5.32_typescript@6.0.2_/node_modules/@ozwasyd/element-plus/es/components/menu/src/menu-item.vue.d.ts(11,320): error TS2307: Cannot find module 'vue-router' or its corresponding type declarations.
node_modules/.pnpm/@ozwasyd+element-plus@file+..+authority-before-6b735-candidate.tgz_vue@3.5.32_typescript@6.0.2_/node_modules/@ozwasyd/element-plus/es/components/menu/src/menu-item.vue.d.ts(11,407): error TS2307: Cannot find module 'vue-router' or its corresponding type declarations.
node_modules/.pnpm/@ozwasyd+element-plus@file+..+authority-before-6b735-candidate.tgz_vue@3.5.32_typescript@6.0.2_/node_modules/@ozwasyd/element-plus/es/components/menu/src/menu-item.vue.d.ts(11,461): error TS2307: Cannot find module 'vue-router' or its corresponding type declarations.
node_modules/.pnpm/@ozwasyd+element-plus@file+..+authority-before-6b735-candidate.tgz_vue@3.5.32_typescript@6.0.2_/node_modules/@ozwasyd/element-plus/es/components/menu/src/menu-item.vue.d.ts(11,528): error TS2307: Cannot find module 'vue-router' or its corresponding type declarations.
node_modules/.pnpm/@ozwasyd+element-plus@file+..+authority-before-6b735-candidate.tgz_vue@3.5.32_typescript@6.0.2_/node_modules/@ozwasyd/element-plus/es/components/menu/src/menu-item.vue.d.ts(11,582): error TS2307: Cannot find module 'vue-router' or its corresponding type declarations.
node_modules/.pnpm/@ozwasyd+element-plus@file+..+authority-before-6b735-candidate.tgz_vue@3.5.32_typescript@6.0.2_/node_modules/@ozwasyd/element-plus/es/components/menu/src/menu-item.vue.d.ts(69,145): error TS2307: Cannot find module 'vue-router' or its corresponding type declarations.
node_modules/.pnpm/@ozwasyd+element-plus@file+..+authority-before-6b735-candidate.tgz_vue@3.5.32_typescript@6.0.2_/node_modules/@ozwasyd/element-plus/es/components/menu/src/menu-item.vue.d.ts(69,199): error TS2307: Cannot find module 'vue-router' or its corresponding type declarations.
node_modules/.pnpm/@ozwasyd+element-plus@file+..+authority-before-6b735-candidate.tgz_vue@3.5.32_typescript@6.0.2_/node_modules/@ozwasyd/element-plus/es/components/menu/src/menu-item.vue.d.ts(69,266): error TS2307: Cannot find module 'vue-router' or its corresponding type declarations.
node_modules/.pnpm/@ozwasyd+element-plus@file+..+authority-before-6b735-candidate.tgz_vue@3.5.32_typescript@6.0.2_/node_modules/@ozwasyd/element-plus/es/components/menu/src/menu-item.vue.d.ts(69,320): error TS2307: Cannot find module 'vue-router' or its corresponding type declarations.
node_modules/.pnpm/@ozwasyd+element-plus@file+..+authority-before-6b735-candidate.tgz_vue@3.5.32_typescript@6.0.2_/node_modules/@ozwasyd/element-plus/es/components/menu/src/menu-item.vue.d.ts(69,407): error TS2307: Cannot find module 'vue-router' or its corresponding type declarations.
node_modules/.pnpm/@ozwasyd+element-plus@file+..+authority-before-6b735-candidate.tgz_vue@3.5.32_typescript@6.0.2_/node_modules/@ozwasyd/element-plus/es/components/menu/src/menu-item.vue.d.ts(69,461): error TS2307: Cannot find module 'vue-router' or its corresponding type declarations.
node_modules/.pnpm/@ozwasyd+element-plus@file+..+authority-before-6b735-candidate.tgz_vue@3.5.32_typescript@6.0.2_/node_modules/@ozwasyd/element-plus/es/components/menu/src/menu-item.vue.d.ts(69,528): error TS2307: Cannot find module 'vue-router' or its corresponding type declarations.
node_modules/.pnpm/@ozwasyd+element-plus@file+..+authority-before-6b735-candidate.tgz_vue@3.5.32_typescript@6.0.2_/node_modules/@ozwasyd/element-plus/es/components/menu/src/menu-item.vue.d.ts(69,582): error TS2307: Cannot find module 'vue-router' or its corresponding type declarations.
node_modules/.pnpm/@ozwasyd+element-plus@file+..+authority-before-6b735-candidate.tgz_vue@3.5.32_typescript@6.0.2_/node_modules/@ozwasyd/element-plus/es/components/menu/src/menu.d.ts(2,58): error TS2307: Cannot find module 'vue-router' or its corresponding type declarations.
node_modules/.pnpm/@ozwasyd+element-plus@file+..+authority-before-6b735-candidate.tgz_vue@3.5.32_typescript@6.0.2_/node_modules/@ozwasyd/element-plus/es/components/menu/src/types.d.ts(2,39): error TS2307: Cannot find module 'vue-router' or its corresponding type declarations.
node_modules/.pnpm/@ozwasyd+element-plus@file+..+authority-before-6b735-candidate.tgz_vue@3.5.32_typescript@6.0.2_/node_modules/@ozwasyd/element-plus/es/utils/objects.d.ts(1,30): error TS2307: Cannot find module 'type-fest' or its corresponding type declarations.
node_modules/.pnpm/@ozwasyd+element-plus@file+..+authority-before-6b735-candidate.tgz_vue@3.5.32_typescript@6.0.2_/node_modules/@ozwasyd/element-plus/global.d.ts(19,58): error TS2339: Property 'ElCascader' does not exist on type 'typeof import("/workspace/.setup/public-declaration-closure/authority-before-6b735-consumer/node_modules/.pnpm/@ozwasyd+element-plus@file+..+authority-before-6b735-candidate.tgz_vue@3.5.32_typescript@6.0.2_/node_modules/@ozwasyd/element-plus/es/index")'.
node_modules/.pnpm/@ozwasyd+element-plus@file+..+authority-before-6b735-candidate.tgz_vue@3.5.32_typescript@6.0.2_/node_modules/@ozwasyd/element-plus/global.d.ts(108,56): error TS2339: Property 'ElOption' does not exist on type 'typeof import("/workspace/.setup/public-declaration-closure/authority-before-6b735-consumer/node_modules/.pnpm/@ozwasyd+element-plus@file+..+authority-before-6b735-candidate.tgz_vue@3.5.32_typescript@6.0.2_/node_modules/@ozwasyd/element-plus/es/index")'.
node_modules/.pnpm/@ozwasyd+element-plus@file+..+authority-before-6b735-candidate.tgz_vue@3.5.32_typescript@6.0.2_/node_modules/@ozwasyd/element-plus/global.d.ts(109,61): error TS2339: Property 'ElOptionGroup' does not exist on type 'typeof import("/workspace/.setup/public-declaration-closure/authority-before-6b735-consumer/node_modules/.pnpm/@ozwasyd+element-plus@file+..+authority-before-6b735-candidate.tgz_vue@3.5.32_typescript@6.0.2_/node_modules/@ozwasyd/element-plus/es/index")'.
node_modules/.pnpm/@ozwasyd+element-plus@file+..+authority-before-6b735-candidate.tgz_vue@3.5.32_typescript@6.0.2_/node_modules/@ozwasyd/element-plus/global.d.ts(136,56): error TS2339: Property 'ElSelect' does not exist on type 'typeof import("/workspace/.setup/public-declaration-closure/authority-before-6b735-consumer/node_modules/.pnpm/@ozwasyd+element-plus@file+..+authority-before-6b735-candidate.tgz_vue@3.5.32_typescript@6.0.2_/node_modules/@ozwasyd/element-plus/es/index")'.
node_modules/.pnpm/@ozwasyd+element-plus@file+..+authority-before-6b735-candidate.tgz_vue@3.5.32_typescript@6.0.2_/node_modules/@ozwasyd/element-plus/global.d.ts(141,56): error TS2339: Property 'ElSlider' does not exist on type 'typeof import("/workspace/.setup/public-declaration-closure/authority-before-6b735-consumer/node_modules/.pnpm/@ozwasyd+element-plus@file+..+authority-before-6b735-candidate.tgz_vue@3.5.32_typescript@6.0.2_/node_modules/@ozwasyd/element-plus/es/index")'.
node_modules/.pnpm/@ozwasyd+element-plus@file+..+authority-before-6b735-candidate.tgz_vue@3.5.32_typescript@6.0.2_/node_modules/@ozwasyd/element-plus/global.d.ts(157,60): error TS2339: Property 'ElTimeSelect' does not exist on type 'typeof import("/workspace/.setup/public-declaration-closure/authority-before-6b735-consumer/node_modules/.pnpm/@ozwasyd+element-plus@file+..+authority-before-6b735-candidate.tgz_vue@3.5.32_typescript@6.0.2_/node_modules/@ozwasyd/element-plus/es/index")'.
