
Welcome to .NET 10.0!
---------------------
SDK Version: 10.0.108

----------------
Installed an ASP.NET Core HTTPS development certificate.
To trust the certificate, run 'dotnet dev-certs https --trust'
Learn about HTTPS: https://aka.ms/dotnet-https

----------------
Write your first app: https://aka.ms/dotnet-hello-world
Find out what's new: https://aka.ms/dotnet-whats-new
Explore documentation: https://aka.ms/dotnet-docs
Report issues and find source on GitHub: https://github.com/dotnet/core
Use 'dotnet --help' to see available commands or visit: https://aka.ms/dotnet-cli
--------------------------------------------------------------------------------------
  Determining projects to restore...
  Restored /workspace/tablev2-fix/dotnet/FsusUI.Avalonia.Icons/FsusUI.Avalonia.Icons.csproj (in 7.4 sec).
  Restored /workspace/tablev2-fix/dotnet/FsusUI.Avalonia.HeadlessTests/FsusUI.Avalonia.HeadlessTests.csproj (in 59.09 sec).
  Restored /workspace/tablev2-fix/dotnet/FsusUI.Avalonia/FsusUI.Avalonia.csproj (in 2 ms).
  Restored /workspace/tablev2-fix/dotnet/FsusUI.Avalonia.Demo/FsusUI.Avalonia.Demo.csproj (in 4 ms).
  Restored /workspace/tablev2-fix/dotnet/FsusUI.Avalonia.Themes/FsusUI.Avalonia.Themes.csproj (in 2 ms).
  Restored /workspace/tablev2-fix/dotnet/FsusUI.Avalonia.FormGenerator/FsusUI.Avalonia.FormGenerator.csproj (in 57 ms).
