  FsusUI.Avalonia.FormGenerator -> /workspace/FsusUI-desktop-tabs-diagnostic/dotnet/FsusUI.Avalonia.FormGenerator/bin/Release/netstandard2.0/FsusUI.Avalonia.FormGenerator.dll
  FsusUI.Avalonia -> /workspace/FsusUI-desktop-tabs-diagnostic/dotnet/FsusUI.Avalonia/bin/Release/net10.0/FsusUI.Avalonia.dll
  FsusUI.Avalonia.Icons -> /workspace/FsusUI-desktop-tabs-diagnostic/dotnet/FsusUI.Avalonia.Icons/bin/Release/net10.0/FsusUI.Avalonia.Icons.dll
  FsusUI.Avalonia.Themes -> /workspace/FsusUI-desktop-tabs-diagnostic/dotnet/FsusUI.Avalonia.Themes/bin/Release/net10.0/FsusUI.Avalonia.Themes.dll
  FsusUI.Avalonia.Demo -> /workspace/FsusUI-desktop-tabs-diagnostic/dotnet/FsusUI.Avalonia.Demo/bin/Release/net10.0/FsusUI.Avalonia.Demo.dll
/workspace/FsusUI-desktop-tabs-diagnostic/dotnet/FsusUI.Avalonia.HeadlessTests/FsusMarkdownEditorPageAndHistoryHeadlessTests.cs(162,5): warning xUnit2013: Do not use Assert.Equal() to check for collection size. Use Assert.Single instead. (https://xunit.net/xunit.analyzers/rules/xUnit2013) [/workspace/FsusUI-desktop-tabs-diagnostic/dotnet/FsusUI.Avalonia.HeadlessTests/FsusUI.Avalonia.HeadlessTests.csproj]
/workspace/FsusUI-desktop-tabs-diagnostic/dotnet/FsusUI.Avalonia.HeadlessTests/FsusDesktopShellHeadlessTests.cs(244,5): warning xUnit2031: Do not use a Where clause to filter before calling Assert.Single. Use the overload of Assert.Single that accepts a filtering function. (https://xunit.net/xunit.analyzers/rules/xUnit2031) [/workspace/FsusUI-desktop-tabs-diagnostic/dotnet/FsusUI.Avalonia.HeadlessTests/FsusUI.Avalonia.HeadlessTests.csproj]
  FsusUI.Avalonia.HeadlessTests -> /workspace/FsusUI-desktop-tabs-diagnostic/dotnet/FsusUI.Avalonia.HeadlessTests/bin/Release/net10.0/FsusUI.Avalonia.HeadlessTests.dll
Test run for /workspace/FsusUI-desktop-tabs-diagnostic/dotnet/FsusUI.Avalonia.HeadlessTests/bin/Release/net10.0/FsusUI.Avalonia.HeadlessTests.dll (.NETCoreApp,Version=v10.0)
VSTest version 18.0.2 (x64)

Starting test execution, please wait...
A total of 1 test files matched the specified pattern.
[xUnit.net 00:00:04.16]     FsusUI.Avalonia.HeadlessTests.FsusDesktopShellHeadlessTests.DocumentTabsSupportCloseDragReorderOverflowContextAndPlatformCycling(headerWidth: 220) [FAIL]
  Failed FsusUI.Avalonia.HeadlessTests.FsusDesktopShellHeadlessTests.DocumentTabsSupportCloseDragReorderOverflowContextAndPlatformCycling(headerWidth: 220) [2 s]
  Error Message:
   Assert.Same() Failure: Values are not the same instance
Expected: FsusDocumentTab { ActualThemeVariant = Light, Background = White, BackgroundSizing = CenterBorder, BorderBrush = #ff2a599c, BorderThickness = 0,0,0,2, ··· }
Actual:   null
  Stack Trace:
     at FsusUI.Avalonia.HeadlessTests.FsusDesktopShellHeadlessTests.DocumentTabsSupportCloseDragReorderOverflowContextAndPlatformCycling(Double headerWidth) in /workspace/FsusUI-desktop-tabs-diagnostic/dotnet/FsusUI.Avalonia.HeadlessTests/FsusDesktopShellHeadlessTests.cs:line 243
   at System.Reflection.MethodBaseInvoker.InterpretedInvoke_Method(Object obj, IntPtr* args)
   at System.Reflection.MethodBaseInvoker.InvokeDirectByRefWithFewArgs(Object obj, Span`1 copyOfArgs, BindingFlags invokeAttr)
[xUnit.net 00:00:06.15]     FsusUI.Avalonia.HeadlessTests.FsusDesktopShellHeadlessTests.DocumentTabsSupportCloseDragReorderOverflowContextAndPlatformCycling(headerWidth: 120) [FAIL]
  Failed FsusUI.Avalonia.HeadlessTests.FsusDesktopShellHeadlessTests.DocumentTabsSupportCloseDragReorderOverflowContextAndPlatformCycling(headerWidth: 120) [1 s]
  Error Message:
   Assert.Same() Failure: Values are not the same instance
Expected: FsusDocumentTab { ActualThemeVariant = Light, Background = White, BackgroundSizing = CenterBorder, BorderBrush = #ff2a599c, BorderThickness = 0,0,0,2, ··· }
Actual:   null
  Stack Trace:
     at FsusUI.Avalonia.HeadlessTests.FsusDesktopShellHeadlessTests.DocumentTabsSupportCloseDragReorderOverflowContextAndPlatformCycling(Double headerWidth) in /workspace/FsusUI-desktop-tabs-diagnostic/dotnet/FsusUI.Avalonia.HeadlessTests/FsusDesktopShellHeadlessTests.cs:line 243
   at InvokeStub_FsusDesktopShellHeadlessTests.DocumentTabsSupportCloseDragReorderOverflowContextAndPlatformCycling(Object, Span`1)
   at System.Reflection.MethodBaseInvoker.InvokeWithOneArg(Object obj, BindingFlags invokeAttr, Binder binder, Object[] parameters, CultureInfo culture)
Results File: /tmp/desktop-tabs-evidence/identity-before.trx

Failed!  - Failed:     2, Passed:     0, Skipped:     0, Total:     2, Duration: 4 s - FsusUI.Avalonia.HeadlessTests.dll (net10.0)
