
Welcome to .NET 10.0!
---------------------
SDK Version: 10.0.108

----------------
Installed an ASP.NET Core HTTPS development certificate.
To trust the certificate, run 'dotnet dev-certs https --trust'
Learn about HTTPS: https://aka.ms/dotnet-https

----------------
Write your first app: https://aka.ms/dotnet-hello-world
Find out what's new: https://aka.ms/dotnet-whats-new
Explore documentation: https://aka.ms/dotnet-docs
Report issues and find source on GitHub: https://github.com/dotnet/core
Use 'dotnet --help' to see available commands or visit: https://aka.ms/dotnet-cli
--------------------------------------------------------------------------------------
  Determining projects to restore...
  Restored /workspace/FsusUI-desktop-tabs-diagnostic/dotnet/FsusUI.Avalonia.Icons/FsusUI.Avalonia.Icons.csproj (in 7.94 sec).
  Restored /workspace/FsusUI-desktop-tabs-diagnostic/dotnet/FsusUI.Avalonia.FormGenerator/FsusUI.Avalonia.FormGenerator.csproj (in 97 ms).
  Restored /workspace/FsusUI-desktop-tabs-diagnostic/dotnet/FsusUI.Avalonia.Themes/FsusUI.Avalonia.Themes.csproj (in 4 ms).
  Restored /workspace/FsusUI-desktop-tabs-diagnostic/dotnet/FsusUI.Avalonia.Demo/FsusUI.Avalonia.Demo.csproj (in 35.6 sec).
  Restored /workspace/FsusUI-desktop-tabs-diagnostic/dotnet/FsusUI.Avalonia/FsusUI.Avalonia.csproj (in 5 ms).
  Restored /workspace/FsusUI-desktop-tabs-diagnostic/dotnet/FsusUI.Avalonia.HeadlessTests/FsusUI.Avalonia.HeadlessTests.csproj (in 26.61 sec).
