<?xml version="1.0" encoding="utf-8"?>
<TestRun id="f52d4858-a29b-4c7b-b2b6-6f140dbe2927" name="@d45ac3896e5a 2026-10-09 08:57:45" xmlns="http://microsoft.com/schemas/VisualStudio/TeamTest/2010">
  <Times creation="2026-10-09T08:57:45.4341057+00:00" queuing="2026-10-09T08:57:45.4341058+00:00" start="2026-10-09T08:57:43.9880935+00:00" finish="2026-10-09T08:57:45.6073430+00:00" />
  <TestSettings name="default" id="d4a2fbc4-92dc-4a6b-acbd-74a52dc8a42a">
    <Deployment runDeploymentRoot="_d45ac3896e5a_2026-10-09_08_57_45" />
  </TestSettings>
  <Results>
    <UnitTestResult executionId="e598dd5b-b39e-440b-a78d-42490379cf11" testId="177da618-47e9-b1ae-ed72-7bfcc1fc8057" testName="FsusUI.Avalonia.Tests.Controls.FsusShortcutRecorderTests.CommonOemSerializationRoundTripsWithoutDelimiterAmbiguity(key: OemPipe)" computerName="d45ac3896e5a" duration="00:00:00.0000075" startTime="2026-10-09T08:57:45.3976490+00:00" endTime="2026-10-09T08:57:45.3977576+00:00" testType="13cdc9d9-ddb5-4fa4-a97d-d965ccfc6d4b" outcome="Passed" testListId="8c84fa94-04c1-424b-9868-57a2d4851a1d" relativeResultsDirectory="e598dd5b-b39e-440b-a78d-42490379cf11" />
    <UnitTestResult executionId="e61cf29c-aced-4bc5-a8f8-6fa128fcc130" testId="69c58baf-8038-87cd-f75a-f94df39829cc" testName="FsusUI.Avalonia.Tests.Controls.FsusWebViewAdapterTests.BackendCannotClaimPdfStructureOrMissingOutlineDestination" computerName="d45ac3896e5a" duration="00:00:00.0006857" startTime="2026-10-09T08:57:45.3927470+00:00" endTime="2026-10-09T08:57:45.3928430+00:00" testType="13cdc9d9-ddb5-4fa4-a97d-d965ccfc6d4b" outcome="Passed" testListId="8c84fa94-04c1-424b-9868-57a2d4851a1d" relativeResultsDirectory="e61cf29c-aced-4bc5-a8f8-6fa128fcc130" />
    <UnitTestResult executionId="04d7801d-2a29-4a31-9767-90b543c5720c" testId="eb6ddf8a-45cb-8906-4655-7d39be102263" testName="FsusUI.Avalonia.Tests.Controls.FsusShortcutRecorderTests.CommonOemSerializationRoundTripsWithoutDelimiterAmbiguity(key: OemQuestion)" computerName="d45ac3896e5a" duration="00:00:00.0000191" startTime="2026-10-09T08:57:45.3981944+00:00" endTime="2026-10-09T08:57:45.3982852+00:00" testType="13cdc9d9-ddb5-4fa4-a97d-d965ccfc6d4b" outcome="Passed" testListId="8c84fa94-04c1-424b-9868-57a2d4851a1d" relativeResultsDirectory="04d7801d-2a29-4a31-9767-90b543c5720c" />
    <UnitTestResult executionId="dca892de-43aa-4531-82c7-725608037552" testId="eb5c5448-72da-b83b-e2ff-38a42693bed3" testName="FsusUI.Avalonia.Tests.Controls.FsusTreeRowRetentionTests.LargeTreeExpansionAndFocusKeepUnaffectedRowsAttached" computerName="d45ac3896e5a" duration="00:00:00.1361534" startTime="2026-10-09T08:57:45.0388996+00:00" endTime="2026-10-09T08:57:45.1754848+00:00" testType="13cdc9d9-ddb5-4fa4-a97d-d965ccfc6d4b" outcome="Passed" testListId="8c84fa94-04c1-424b-9868-57a2d4851a1d" relativeResultsDirectory="dca892de-43aa-4531-82c7-725608037552" />
    <UnitTestResult executionId="409969f2-5ec4-429a-8d37-2a43761c3021" testId="63b9f453-8743-5542-82c8-e6ac82fedf4f" testName="FsusUI.Avalonia.Tests.Controls.FsusWebViewAdapterTests.CancellationPropagatesAndDestinationOwnershipStaysWithCaller" computerName="d45ac3896e5a" duration="00:00:00.0024637" startTime="2026-10-09T08:57:45.3925417+00:00" endTime="2026-10-09T08:57:45.3926422+00:00" testType="13cdc9d9-ddb5-4fa4-a97d-d965ccfc6d4b" outcome="Passed" testListId="8c84fa94-04c1-424b-9868-57a2d4851a1d" relativeResultsDirectory="409969f2-5ec4-429a-8d37-2a43761c3021" />
    <UnitTestResult executionId="5e4fd2b5-90bd-4670-a4f6-514faf12758a" testId="5c8b380f-ae06-ea2b-e17c-0a65ca8d32d2" testName="FsusUI.Avalonia.Tests.Controls.FsusShortcutRecorderTests.CommonOemSerializationRoundTripsWithoutDelimiterAmbiguity(key: OemSemicolon)" computerName="d45ac3896e5a" duration="00:00:00.0057451" startTime="2026-10-09T08:57:45.3970753+00:00" endTime="2026-10-09T08:57:45.3973056+00:00" testType="13cdc9d9-ddb5-4fa4-a97d-d965ccfc6d4b" outcome="Passed" testListId="8c84fa94-04c1-424b-9868-57a2d4851a1d" relativeResultsDirectory="5e4fd2b5-90bd-4670-a4f6-514faf12758a" />
    <UnitTestResult executionId="fc277af9-f86b-4dd8-8149-a6ab98b9054b" testId="dbaa8dfd-3188-2985-f4df-fcf644a2ca14" testName="FsusUI.Avalonia.Tests.Controls.FsusShortcutRecorderTests.InjectedExistingShortcutsShowAccessibleConflictStatus" computerName="d45ac3896e5a" duration="00:00:00.0038723" startTime="2026-10-09T08:57:45.4012240+00:00" endTime="2026-10-09T08:57:45.4013304+00:00" testType="13cdc9d9-ddb5-4fa4-a97d-d965ccfc6d4b" outcome="Passed" testListId="8c84fa94-04c1-424b-9868-57a2d4851a1d" relativeResultsDirectory="fc277af9-f86b-4dd8-8149-a6ab98b9054b" />
    <UnitTestResult executionId="2a1bfb70-a79b-429e-a7fe-630d77bf707e" testId="4f3cc315-94ee-98db-c8dd-44cb6b844cc3" testName="FsusUI.Avalonia.Tests.Controls.FsusShortcutRecorderTests.RawKeyGestureInteropPreservesLiteralPhysicalControl" computerName="d45ac3896e5a" duration="00:00:00.0038648" startTime="2026-10-09T08:57:45.4007888+00:00" endTime="2026-10-09T08:57:45.4008899+00:00" testType="13cdc9d9-ddb5-4fa4-a97d-d965ccfc6d4b" outcome="Passed" testListId="8c84fa94-04c1-424b-9868-57a2d4851a1d" relativeResultsDirectory="2a1bfb70-a79b-429e-a7fe-630d77bf707e" />
    <UnitTestResult executionId="c5e13e17-9506-4e08-b31e-1ba3fcc9ffd9" testId="a40308ed-c6ed-ee4c-24b5-014e95b321ce" testName="FsusUI.Avalonia.Tests.Controls.FsusShortcutRecorderTests.ShortcutGestureNormalizesOemKeys" computerName="d45ac3896e5a" duration="00:00:00.0002461" startTime="2026-10-09T08:57:45.4027965+00:00" endTime="2026-10-09T08:57:45.4028883+00:00" testType="13cdc9d9-ddb5-4fa4-a97d-d965ccfc6d4b" outcome="Passed" testListId="8c84fa94-04c1-424b-9868-57a2d4851a1d" relativeResultsDirectory="c5e13e17-9506-4e08-b31e-1ba3fcc9ffd9" />
    <UnitTestResult executionId="af349176-6760-4103-a0c8-a0482a2b19b1" testId="7a80d968-2e04-0a0d-16dc-a819404c6510" testName="FsusUI.Avalonia.Tests.Controls.FsusWebViewAdapterTests.BackendCannotClaimSuccessWithPdfMarkersButNoObjectGraph" computerName="d45ac3896e5a" duration="00:00:00.0005456" startTime="2026-10-09T08:57:45.3934222+00:00" endTime="2026-10-09T08:57:45.3935190+00:00" testType="13cdc9d9-ddb5-4fa4-a97d-d965ccfc6d4b" outcome="Passed" testListId="8c84fa94-04c1-424b-9868-57a2d4851a1d" relativeResultsDirectory="af349176-6760-4103-a0c8-a0482a2b19b1" />
    <UnitTestResult executionId="8d2666bf-1919-40d4-b7db-e1b93621cf96" testId="e76ed051-1cf0-09cb-5341-de0449599b83" testName="FsusUI.Avalonia.Tests.Controls.FsusShortcutRecorderTests.InvalidBareKeyPreservesOriginalValueAndClearsStaleHelpAfterRecovery" computerName="d45ac3896e5a" duration="00:00:00.0006759" startTime="2026-10-09T08:57:45.4004001+00:00" endTime="2026-10-09T08:57:45.4004943+00:00" testType="13cdc9d9-ddb5-4fa4-a97d-d965ccfc6d4b" outcome="Passed" testListId="8c84fa94-04c1-424b-9868-57a2d4851a1d" relativeResultsDirectory="8d2666bf-1919-40d4-b7db-e1b93621cf96" />
    <UnitTestResult executionId="dab88d01-000c-46fa-8a87-bd3e4caeb351" testId="8f97d7ef-355c-d3d9-e6a6-ec82670e33a9" testName="FsusUI.Avalonia.Tests.Controls.FsusShortcutRecorderTests.ShortcutGestureDisplaysCommandOptionOnMacAndCtrlAltOnWindowsLinux" computerName="d45ac3896e5a" duration="00:00:00.0001123" startTime="2026-10-09T08:57:45.3995788+00:00" endTime="2026-10-09T08:57:45.3996739+00:00" testType="13cdc9d9-ddb5-4fa4-a97d-d965ccfc6d4b" outcome="Passed" testListId="8c84fa94-04c1-424b-9868-57a2d4851a1d" relativeResultsDirectory="dab88d01-000c-46fa-8a87-bd3e4caeb351" />
    <UnitTestResult executionId="8b3a83c6-c426-4c16-9050-2554620e7368" testId="8ae39422-dc63-9baf-8c6b-88c99193bd37" testName="FsusUI.Avalonia.Tests.Controls.FsusShortcutRecorderTests.RecorderCapturesSingleShortcutOnKeyCombination(platform: Linux, primaryModifier: Control, displayShortcut: &quot;Ctrl+Shift+P&quot;)" computerName="d45ac3896e5a" duration="00:00:00.0004896" startTime="2026-10-09T08:57:45.3960702+00:00" endTime="2026-10-09T08:57:45.3964619+00:00" testType="13cdc9d9-ddb5-4fa4-a97d-d965ccfc6d4b" outcome="Passed" testListId="8c84fa94-04c1-424b-9868-57a2d4851a1d" relativeResultsDirectory="8b3a83c6-c426-4c16-9050-2554620e7368" />
    <UnitTestResult executionId="fe8c284d-60f0-49b5-b79c-b93c4c5f6767" testId="1bfd972d-16cb-73e3-18f5-0607cb05399c" testName="FsusUI.Avalonia.Tests.Controls.FsusShortcutRecorderTests.RecorderCapturesSingleShortcutOnKeyCombination(platform: Windows, primaryModifier: Control, displayShortcut: &quot;Ctrl+Shift+P&quot;)" computerName="d45ac3896e5a" duration="00:00:00.0000760" startTime="2026-10-09T08:57:45.3965944+00:00" endTime="2026-10-09T08:57:45.3967122+00:00" testType="13cdc9d9-ddb5-4fa4-a97d-d965ccfc6d4b" outcome="Passed" testListId="8c84fa94-04c1-424b-9868-57a2d4851a1d" relativeResultsDirectory="fe8c284d-60f0-49b5-b79c-b93c4c5f6767" />
    <UnitTestResult executionId="7ef0c4f8-f598-4bfd-8fd8-bd5cc5e1394b" testId="3b13405d-b347-f755-7901-2065c166cba1" testName="FsusUI.Avalonia.Tests.Controls.FsusShortcutRecorderTests.CommonOemSerializationRoundTripsWithoutDelimiterAmbiguity(key: OemCloseBrackets)" computerName="d45ac3896e5a" duration="00:00:00.0000077" startTime="2026-10-09T08:57:45.3990879+00:00" endTime="2026-10-09T08:57:45.3991925+00:00" testType="13cdc9d9-ddb5-4fa4-a97d-d965ccfc6d4b" outcome="Passed" testListId="8c84fa94-04c1-424b-9868-57a2d4851a1d" relativeResultsDirectory="7ef0c4f8-f598-4bfd-8fd8-bd5cc5e1394b" />
    <UnitTestResult executionId="062824ac-ba9d-452d-ac1c-bb583a5929ad" testId="7b03a1d9-b2b5-8fa6-226b-406defa79301" testName="FsusUI.Avalonia.Tests.Controls.FsusWebViewAdapterTests.TaggedPdfAndHierarchicalOutlineAreProvenByAdapterSimulation(platform: Windows, theme: Light, expectedPageBackground: &quot;#FFFFFF&quot;, expectedTextColor: &quot;#0F0F11&quot;)" computerName="d45ac3896e5a" duration="00:00:00.0058296" startTime="2026-10-09T08:57:45.3239606+00:00" endTime="2026-10-09T08:57:45.3280671+00:00" testType="13cdc9d9-ddb5-4fa4-a97d-d965ccfc6d4b" outcome="Passed" testListId="8c84fa94-04c1-424b-9868-57a2d4851a1d" relativeResultsDirectory="062824ac-ba9d-452d-ac1c-bb583a5929ad" />
    <UnitTestResult executionId="ffc54ad4-813d-48a7-a988-6b50b9f9d8f9" testId="d130afc1-4726-1ed7-f2e4-5aafdab3eb3d" testName="FsusUI.Avalonia.Tests.Controls.FsusWebViewAdapterTests.TaggedPdfAndHierarchicalOutlineAreProvenByAdapterSimulation(platform: Windows, theme: Dark, expectedPageBackground: &quot;#121214&quot;, expectedTextColor: &quot;#F0F0F4&quot;)" computerName="d45ac3896e5a" duration="00:00:00.0372448" startTime="2026-10-09T08:57:45.2856387+00:00" endTime="2026-10-09T08:57:45.3228930+00:00" testType="13cdc9d9-ddb5-4fa4-a97d-d965ccfc6d4b" outcome="Passed" testListId="8c84fa94-04c1-424b-9868-57a2d4851a1d" relativeResultsDirectory="ffc54ad4-813d-48a7-a988-6b50b9f9d8f9" />
    <UnitTestResult executionId="e0872a45-deb5-4990-ac88-7c678c4398ef" testId="879e3bfb-05dd-b3f1-e46a-16a312b5f9ed" testName="FsusUI.Avalonia.Tests.Controls.FsusShortcutRecorderTests.CommonOemSerializationRoundTripsWithoutDelimiterAmbiguity(key: OemPeriod)" computerName="d45ac3896e5a" duration="00:00:00.0000097" startTime="2026-10-09T08:57:45.3978377+00:00" endTime="2026-10-09T08:57:45.3979459+00:00" testType="13cdc9d9-ddb5-4fa4-a97d-d965ccfc6d4b" outcome="Passed" testListId="8c84fa94-04c1-424b-9868-57a2d4851a1d" relativeResultsDirectory="e0872a45-deb5-4990-ac88-7c678c4398ef" />
    <UnitTestResult executionId="d41d35f7-01a0-4aa1-b2aa-1df369ace666" testId="1cd740e6-b91c-6816-0ca6-2dfba9f1fa18" testName="FsusUI.Avalonia.Tests.Controls.FsusWebViewAdapterTests.BackendCannotClaimSuccessWithoutWritingPdfBytes" computerName="d45ac3896e5a" duration="00:00:00.0006604" startTime="2026-10-09T08:57:45.3936194+00:00" endTime="2026-10-09T08:57:45.3937130+00:00" testType="13cdc9d9-ddb5-4fa4-a97d-d965ccfc6d4b" outcome="Passed" testListId="8c84fa94-04c1-424b-9868-57a2d4851a1d" relativeResultsDirectory="d41d35f7-01a0-4aa1-b2aa-1df369ace666" />
    <UnitTestResult executionId="9f3d7c61-10de-4c8b-9abd-9fab6fae9124" testId="4b0d9cd3-bfcb-43da-f8e5-b36f97a71c60" testName="FsusUI.Avalonia.Tests.Controls.FsusCommandPaletteTests.WraparoundNavigationNestedBackImeAndEscapeUsePublicControlApi" computerName="d45ac3896e5a" duration="00:00:00.0095820" startTime="2026-10-09T08:57:45.5235765+00:00" endTime="2026-10-09T08:57:45.5328456+00:00" testType="13cdc9d9-ddb5-4fa4-a97d-d965ccfc6d4b" outcome="Passed" testListId="8c84fa94-04c1-424b-9868-57a2d4851a1d" relativeResultsDirectory="9f3d7c61-10de-4c8b-9abd-9fab6fae9124" />
    <UnitTestResult executionId="81ce2ff4-d91b-435e-b453-f2e4e282f327" testId="06bdb30d-53d8-a686-3b28-e7b509994c6a" testName="FsusUI.Avalonia.Tests.Controls.FsusShortcutRecorderTests.CommonOemSerializationRoundTripsWithoutDelimiterAmbiguity(key: Oem3)" computerName="d45ac3896e5a" duration="00:00:00.0000270" startTime="2026-10-09T08:57:45.3974511+00:00" endTime="2026-10-09T08:57:45.3975622+00:00" testType="13cdc9d9-ddb5-4fa4-a97d-d965ccfc6d4b" outcome="Passed" testListId="8c84fa94-04c1-424b-9868-57a2d4851a1d" relativeResultsDirectory="81ce2ff4-d91b-435e-b453-f2e4e282f327" />
    <UnitTestResult executionId="545f5c83-71a9-45b4-af24-61bd8bc1fc96" testId="ae26656e-2fac-aa25-632c-57b2107f3541" testName="FsusUI.Avalonia.Tests.Controls.FsusShortcutRecorderTests.ShortcutGestureNormalizesKeysAndMaintainsStableSerialization" computerName="d45ac3896e5a" duration="00:00:00.0003321" startTime="2026-10-09T08:57:45.4031764+00:00" endTime="2026-10-09T08:57:45.4032683+00:00" testType="13cdc9d9-ddb5-4fa4-a97d-d965ccfc6d4b" outcome="Passed" testListId="8c84fa94-04c1-424b-9868-57a2d4851a1d" relativeResultsDirectory="545f5c83-71a9-45b4-af24-61bd8bc1fc96" />
    <UnitTestResult executionId="8472833d-cec1-4f57-8b0e-8e54723d06b7" testId="ebba2518-aa3e-6240-3dfa-9ddbefa9fd8c" testName="FsusUI.Avalonia.Tests.Controls.FsusCommandPaletteTests.ExecutesSyncAndAsyncCommandsWithBusyFailureAndDisabledGuards" computerName="d45ac3896e5a" duration="00:00:00.0216208" startTime="2026-10-09T08:57:45.4929911+00:00" endTime="2026-10-09T08:57:45.5145056+00:00" testType="13cdc9d9-ddb5-4fa4-a97d-d965ccfc6d4b" outcome="Passed" testListId="8c84fa94-04c1-424b-9868-57a2d4851a1d" relativeResultsDirectory="8472833d-cec1-4f57-8b0e-8e54723d06b7" />
    <UnitTestResult executionId="a6bbdbb5-d606-4879-b373-6f1eb1e07d51" testId="19e8f5c4-e10e-f5f3-934b-af7f8b64d816" testName="FsusUI.Avalonia.Tests.Controls.FsusShortcutRecorderTests.EscapeCancelsRecordingAndPreservesOriginalValue" computerName="d45ac3896e5a" duration="00:00:00.0002608" startTime="2026-10-09T08:57:45.3999603+00:00" endTime="2026-10-09T08:57:45.4000516+00:00" testType="13cdc9d9-ddb5-4fa4-a97d-d965ccfc6d4b" outcome="Passed" testListId="8c84fa94-04c1-424b-9868-57a2d4851a1d" relativeResultsDirectory="a6bbdbb5-d606-4879-b373-6f1eb1e07d51" />
    <UnitTestResult executionId="6fbd4803-ab5b-43a0-9b36-b17f83b0274e" testId="6930db3b-dbf1-b339-37b0-237f62e976a5" testName="FsusUI.Avalonia.Tests.Controls.FsusWebViewAdapterTests.InFlightCancellationInterruptsBackendAndPreservesDestinationOwnership" computerName="d45ac3896e5a" duration="00:00:00.0212166" startTime="2026-10-09T08:57:45.2634556+00:00" endTime="2026-10-09T08:57:45.2792663+00:00" testType="13cdc9d9-ddb5-4fa4-a97d-d965ccfc6d4b" outcome="Passed" testListId="8c84fa94-04c1-424b-9868-57a2d4851a1d" relativeResultsDirectory="6fbd4803-ab5b-43a0-9b36-b17f83b0274e" />
    <UnitTestResult executionId="e7dfa467-b15c-4617-8422-5e6f8594473c" testId="c54a18bd-387a-abb9-9211-a79ff3f76f37" testName="FsusUI.Avalonia.Tests.Controls.FsusShortcutRecorderTests.MacMetaAndWindowsControlNormalizeToTheSameStableGesture" computerName="d45ac3896e5a" duration="00:00:00.0001466" startTime="2026-10-09T08:57:45.4029873+00:00" endTime="2026-10-09T08:57:45.4030795+00:00" testType="13cdc9d9-ddb5-4fa4-a97d-d965ccfc6d4b" outcome="Passed" testListId="8c84fa94-04c1-424b-9868-57a2d4851a1d" relativeResultsDirectory="e7dfa467-b15c-4617-8422-5e6f8594473c" />
    <UnitTestResult executionId="1b007d64-16c3-4366-bd0a-6c274c6a43be" testId="938eaa66-962b-f4f2-6a28-64907b4663d1" testName="FsusUI.Avalonia.Tests.Controls.FsusTreeRowRetentionTests.ReorderingReplacingAndRemovingNodesUpdatesRowsAndSetMetadata" computerName="d45ac3896e5a" duration="00:00:00.0062674" startTime="2026-10-09T08:57:45.0353183+00:00" endTime="2026-10-09T08:57:45.0387311+00:00" testType="13cdc9d9-ddb5-4fa4-a97d-d965ccfc6d4b" outcome="Passed" testListId="8c84fa94-04c1-424b-9868-57a2d4851a1d" relativeResultsDirectory="1b007d64-16c3-4366-bd0a-6c274c6a43be" />
    <UnitTestResult executionId="70e50960-f6a1-4864-a93d-2ec9edfa4759" testId="8671eb47-75e0-aeeb-95e1-1886517c218a" testName="FsusUI.Avalonia.Tests.Controls.FsusTreeRowRetentionTests.CustomPresenterStillRefreshesMutablePayloadAndRestoresDefaultContent" computerName="d45ac3896e5a" duration="00:00:00.1309600" startTime="2026-10-09T08:57:44.8803029+00:00" endTime="2026-10-09T08:57:45.0195461+00:00" testType="13cdc9d9-ddb5-4fa4-a97d-d965ccfc6d4b" outcome="Passed" testListId="8c84fa94-04c1-424b-9868-57a2d4851a1d" relativeResultsDirectory="70e50960-f6a1-4864-a93d-2ec9edfa4759" />
    <UnitTestResult executionId="584e1559-b961-451b-8f61-65c0b9927e69" testId="5ba02aa7-da87-0948-c8fa-06d5dabf2cfc" testName="FsusUI.Avalonia.Tests.Controls.FsusCommandPaletteTests.FiltersLocalAndAsyncCommandsCaseInsensitivelyWithPublicMetadata" computerName="d45ac3896e5a" duration="00:00:00.0085298" startTime="2026-10-09T08:57:45.5146919+00:00" endTime="2026-10-09T08:57:45.5231319+00:00" testType="13cdc9d9-ddb5-4fa4-a97d-d965ccfc6d4b" outcome="Passed" testListId="8c84fa94-04c1-424b-9868-57a2d4851a1d" relativeResultsDirectory="584e1559-b961-451b-8f61-65c0b9927e69" />
    <UnitTestResult executionId="dd3fb2e0-1e5a-46ae-b447-30595cd78b81" testId="8b4e9e3a-cf00-6ca6-8e32-0ec439709fa8" testName="FsusUI.Avalonia.Tests.Controls.FsusWebViewAdapterTests.TaggedPdfAndHierarchicalOutlineAreProvenByAdapterSimulation(platform: Linux, theme: Dark, expectedPageBackground: &quot;#121214&quot;, expectedTextColor: &quot;#F0F0F4&quot;)" computerName="d45ac3896e5a" duration="00:00:00.0008046" startTime="2026-10-09T08:57:45.3915771+00:00" endTime="2026-10-09T08:57:45.3917373+00:00" testType="13cdc9d9-ddb5-4fa4-a97d-d965ccfc6d4b" outcome="Passed" testListId="8c84fa94-04c1-424b-9868-57a2d4851a1d" relativeResultsDirectory="dd3fb2e0-1e5a-46ae-b447-30595cd78b81" />
    <UnitTestResult executionId="f1540bc3-9b7e-4ea5-8792-69c1959f94a7" testId="e6b5da3e-4405-ec7e-acad-942676efbe9a" testName="FsusUI.Avalonia.Tests.Controls.FsusShortcutRecorderTests.RecorderCapturesSingleShortcutOnKeyCombination(platform: macOS, primaryModifier: Meta, displayShortcut: &quot;Command+Shift+P&quot;)" computerName="d45ac3896e5a" duration="00:00:00.0265628" startTime="2026-10-09T08:57:45.3939129+00:00" endTime="2026-10-09T08:57:45.3940108+00:00" testType="13cdc9d9-ddb5-4fa4-a97d-d965ccfc6d4b" outcome="Passed" testListId="8c84fa94-04c1-424b-9868-57a2d4851a1d" relativeResultsDirectory="f1540bc3-9b7e-4ea5-8792-69c1959f94a7" />
    <UnitTestResult executionId="22013676-d473-4263-beb8-7544d2a9dc40" testId="38296595-2ea9-4e01-fe55-68ef057898c1" testName="FsusUI.Avalonia.Tests.Controls.FsusWebViewAdapterTests.BackendCannotCloseCallerOwnedPdfStream" computerName="d45ac3896e5a" duration="00:00:00.0008158" startTime="2026-10-09T08:57:45.3922773+00:00" endTime="2026-10-09T08:57:45.3924097+00:00" testType="13cdc9d9-ddb5-4fa4-a97d-d965ccfc6d4b" outcome="Passed" testListId="8c84fa94-04c1-424b-9868-57a2d4851a1d" relativeResultsDirectory="22013676-d473-4263-beb8-7544d2a9dc40" />
    <UnitTestResult executionId="46a5bb13-b5d7-4b81-9ee0-72cbfb77bf32" testId="8ec1e45e-7692-f1e1-37ff-6a51c80750d0" testName="FsusUI.Avalonia.Tests.Controls.FsusWebViewAdapterTests.BackendCannotSilentlyClaimRequestedOutlineWasApplied" computerName="d45ac3896e5a" duration="00:00:00.0005275" startTime="2026-10-09T08:57:45.3932052+00:00" endTime="2026-10-09T08:57:45.3932990+00:00" testType="13cdc9d9-ddb5-4fa4-a97d-d965ccfc6d4b" outcome="Passed" testListId="8c84fa94-04c1-424b-9868-57a2d4851a1d" relativeResultsDirectory="46a5bb13-b5d7-4b81-9ee0-72cbfb77bf32" />
    <UnitTestResult executionId="ff5584b2-aabf-4c3a-be9e-6e999b631059" testId="b1aa3cf0-02cc-b47d-2966-4c38249bc8d7" testName="FsusUI.Avalonia.Tests.Controls.FsusTreeRowRetentionTests.RetainedRowLeavesRenameModeAndRemovesTransientCreateRows" computerName="d45ac3896e5a" duration="00:00:00.0639089" startTime="2026-10-09T08:57:45.1756875+00:00" endTime="2026-10-09T08:57:45.2414601+00:00" testType="13cdc9d9-ddb5-4fa4-a97d-d965ccfc6d4b" outcome="Passed" testListId="8c84fa94-04c1-424b-9868-57a2d4851a1d" relativeResultsDirectory="ff5584b2-aabf-4c3a-be9e-6e999b631059" />
    <UnitTestResult executionId="d89e9782-67ed-408c-8fc1-74dda1ef9716" testId="07ff0514-e8e5-2bf4-7d2c-5b40ad80cd07" testName="FsusUI.Avalonia.Tests.Controls.FsusCommandPaletteTests.PlatformFormatsLocalAndProviderCommandsWithoutChangingGestures" computerName="d45ac3896e5a" duration="00:00:00.0914303" startTime="2026-10-09T08:57:45.4034477+00:00" endTime="2026-10-09T08:57:45.4927648+00:00" testType="13cdc9d9-ddb5-4fa4-a97d-d965ccfc6d4b" outcome="Passed" testListId="8c84fa94-04c1-424b-9868-57a2d4851a1d" relativeResultsDirectory="d89e9782-67ed-408c-8fc1-74dda1ef9716" />
    <UnitTestResult executionId="fc0bcc58-22ca-41b8-953d-06e672e05a7c" testId="7ccd2805-79c2-92fa-d34b-7b05650802bb" testName="FsusUI.Avalonia.Tests.Controls.FsusShortcutRecorderTests.WindowsMetaRemainsDistinctAndRoundTrips" computerName="d45ac3896e5a" duration="00:00:00.0001219" startTime="2026-10-09T08:57:45.3997723+00:00" endTime="2026-10-09T08:57:45.3998639+00:00" testType="13cdc9d9-ddb5-4fa4-a97d-d965ccfc6d4b" outcome="Passed" testListId="8c84fa94-04c1-424b-9868-57a2d4851a1d" relativeResultsDirectory="fc0bcc58-22ca-41b8-953d-06e672e05a7c" />
    <UnitTestResult executionId="8fa95827-2966-4153-9285-e58a0e443b69" testId="44382f23-9acb-c2be-c00a-00acc4a9877a" testName="FsusUI.Avalonia.Tests.Controls.FsusShortcutRecorderTests.CommonOemSerializationRoundTripsWithoutDelimiterAmbiguity(key: OemQuotes)" computerName="d45ac3896e5a" duration="00:00:00.0074963" startTime="2026-10-09T08:57:45.3968360+00:00" endTime="2026-10-09T08:57:45.3969860+00:00" testType="13cdc9d9-ddb5-4fa4-a97d-d965ccfc6d4b" outcome="Passed" testListId="8c84fa94-04c1-424b-9868-57a2d4851a1d" relativeResultsDirectory="8fa95827-2966-4153-9285-e58a0e443b69" />
    <UnitTestResult executionId="e995feea-874a-48f0-b4c6-a6bd80f951d2" testId="546071c8-06f7-f7a6-b417-ed36de21f022" testName="FsusUI.Avalonia.Tests.Controls.FsusWebViewAdapterTests.UnsupportedPdfCapabilityDoesNotInvokeBackendOrTouchStream" computerName="d45ac3896e5a" duration="00:00:00.0007075" startTime="2026-10-09T08:57:45.3929755+00:00" endTime="2026-10-09T08:57:45.3930763+00:00" testType="13cdc9d9-ddb5-4fa4-a97d-d965ccfc6d4b" outcome="Passed" testListId="8c84fa94-04c1-424b-9868-57a2d4851a1d" relativeResultsDirectory="e995feea-874a-48f0-b4c6-a6bd80f951d2" />
    <UnitTestResult executionId="c81e75bc-2652-443b-9b66-5cc6513eea5e" testId="4eb63801-cd1f-9cbd-9757-0cf274286c0a" testName="FsusUI.Avalonia.Tests.Controls.FsusShortcutRecorderTests.ReservedShortcutsShowReservedStatus" computerName="d45ac3896e5a" duration="00:00:00.0026318" startTime="2026-10-09T08:57:45.4001496+00:00" endTime="2026-10-09T08:57:45.4002637+00:00" testType="13cdc9d9-ddb5-4fa4-a97d-d965ccfc6d4b" outcome="Passed" testListId="8c84fa94-04c1-424b-9868-57a2d4851a1d" relativeResultsDirectory="c81e75bc-2652-443b-9b66-5cc6513eea5e" />
    <UnitTestResult executionId="ab5497c5-dc4a-4a23-b3ef-07b233cf362c" testId="57920257-1dd8-172a-fa6c-c9e8d1d1e584" testName="FsusUI.Avalonia.Tests.Controls.FsusShortcutRecorderTests.ClearabilityAndCommandAvailabilityTrackControlState" computerName="d45ac3896e5a" duration="00:00:00.0006307" startTime="2026-10-09T08:57:45.4024928+00:00" endTime="2026-10-09T08:57:45.4026785+00:00" testType="13cdc9d9-ddb5-4fa4-a97d-d965ccfc6d4b" outcome="Passed" testListId="8c84fa94-04c1-424b-9868-57a2d4851a1d" relativeResultsDirectory="ab5497c5-dc4a-4a23-b3ef-07b233cf362c" />
    <UnitTestResult executionId="7663189b-ec52-4c61-9864-a5a90997946e" testId="69f24313-19d9-8fd3-a9ed-19bf30680ac5" testName="FsusUI.Avalonia.Tests.Controls.FsusWebViewAdapterTests.TaggedPdfAndHierarchicalOutlineAreProvenByAdapterSimulation(platform: Linux, theme: Light, expectedPageBackground: &quot;#FFFFFF&quot;, expectedTextColor: &quot;#0F0F11&quot;)" computerName="d45ac3896e5a" duration="00:00:00.0008866" startTime="2026-10-09T08:57:45.3289205+00:00" endTime="2026-10-09T08:57:45.3291606+00:00" testType="13cdc9d9-ddb5-4fa4-a97d-d965ccfc6d4b" outcome="Passed" testListId="8c84fa94-04c1-424b-9868-57a2d4851a1d" relativeResultsDirectory="7663189b-ec52-4c61-9864-a5a90997946e" />
    <UnitTestResult executionId="270d0cdb-d39c-4102-b0fe-b95225bcbea8" testId="6fd17f5a-69b7-7233-9d0b-d366feabd549" testName="FsusUI.Avalonia.Tests.Controls.FsusShortcutRecorderTests.CommonOemSerializationRoundTripsWithoutDelimiterAmbiguity(key: Oem4)" computerName="d45ac3896e5a" duration="00:00:00.0000059" startTime="2026-10-09T08:57:45.3980251+00:00" endTime="2026-10-09T08:57:45.3981243+00:00" testType="13cdc9d9-ddb5-4fa4-a97d-d965ccfc6d4b" outcome="Passed" testListId="8c84fa94-04c1-424b-9868-57a2d4851a1d" relativeResultsDirectory="270d0cdb-d39c-4102-b0fe-b95225bcbea8" />
    <UnitTestResult executionId="6b6e7b12-ee8e-419f-8072-78e1514310cc" testId="a080e077-3853-358c-c35b-e700fac23ffe" testName="FsusUI.Avalonia.Tests.Controls.FsusShortcutRecorderTests.BackspaceOrDeleteClearsRecordedValue" computerName="d45ac3896e5a" duration="00:00:00.0003423" startTime="2026-10-09T08:57:45.4022156+00:00" endTime="2026-10-09T08:57:45.4023218+00:00" testType="13cdc9d9-ddb5-4fa4-a97d-d965ccfc6d4b" outcome="Passed" testListId="8c84fa94-04c1-424b-9868-57a2d4851a1d" relativeResultsDirectory="6b6e7b12-ee8e-419f-8072-78e1514310cc" />
    <UnitTestResult executionId="dfd98448-3e9d-4c75-b37c-16e6074c1d35" testId="dc9b9603-9dca-d1d9-0db0-97bd7d3e6c0f" testName="FsusUI.Avalonia.Tests.Controls.FsusTreeRowRetentionTests.RetainedRowsUpdateGeometryPresentationSelectionAndAutomation" computerName="d45ac3896e5a" duration="00:00:00.0125750" startTime="2026-10-09T08:57:45.0342512+00:00" endTime="2026-10-09T08:57:45.0345369+00:00" testType="13cdc9d9-ddb5-4fa4-a97d-d965ccfc6d4b" outcome="Passed" testListId="8c84fa94-04c1-424b-9868-57a2d4851a1d" relativeResultsDirectory="dfd98448-3e9d-4c75-b37c-16e6074c1d35" />
    <UnitTestResult executionId="f38dd4ba-0ca6-47c0-9da2-5c309f904d7b" testId="a9fd6c4a-c16d-46a9-4408-9bdcb0c1b6a2" testName="FsusUI.Avalonia.Tests.Controls.FsusShortcutRecorderTests.AutoRecorderUsesHostPlatformAndExplicitDisplayChangesPreserveValue" computerName="d45ac3896e5a" duration="00:00:00.0069200" startTime="2026-10-09T08:57:45.3993204+00:00" endTime="2026-10-09T08:57:45.3994627+00:00" testType="13cdc9d9-ddb5-4fa4-a97d-d965ccfc6d4b" outcome="Passed" testListId="8c84fa94-04c1-424b-9868-57a2d4851a1d" relativeResultsDirectory="f38dd4ba-0ca6-47c0-9da2-5c309f904d7b" />
  </Results>
  <TestDefinitions>
    <UnitTest name="FsusUI.Avalonia.Tests.Controls.FsusShortcutRecorderTests.ClearabilityAndCommandAvailabilityTrackControlState" storage="/workspace/native-reviewed-integration/dotnet/fsusui.avalonia.tests/bin/release/net10.0/fsusui.avalonia.tests.dll" id="57920257-1dd8-172a-fa6c-c9e8d1d1e584">
      <Execution id="ab5497c5-dc4a-4a23-b3ef-07b233cf362c" />
      <TestMethod codeBase="/workspace/native-reviewed-integration/dotnet/FsusUI.Avalonia.Tests/bin/Release/net10.0/FsusUI.Avalonia.Tests.dll" adapterTypeName="executor://xunit/VsTestRunner3/netcore/" className="FsusUI.Avalonia.Tests.Controls.FsusShortcutRecorderTests" name="ClearabilityAndCommandAvailabilityTrackControlState" />
    </UnitTest>
    <UnitTest name="FsusUI.Avalonia.Tests.Controls.FsusShortcutRecorderTests.AutoRecorderUsesHostPlatformAndExplicitDisplayChangesPreserveValue" storage="/workspace/native-reviewed-integration/dotnet/fsusui.avalonia.tests/bin/release/net10.0/fsusui.avalonia.tests.dll" id="a9fd6c4a-c16d-46a9-4408-9bdcb0c1b6a2">
      <Execution id="f38dd4ba-0ca6-47c0-9da2-5c309f904d7b" />
      <TestMethod codeBase="/workspace/native-reviewed-integration/dotnet/FsusUI.Avalonia.Tests/bin/Release/net10.0/FsusUI.Avalonia.Tests.dll" adapterTypeName="executor://xunit/VsTestRunner3/netcore/" className="FsusUI.Avalonia.Tests.Controls.FsusShortcutRecorderTests" name="AutoRecorderUsesHostPlatformAndExplicitDisplayChangesPreserveValue" />
    </UnitTest>
    <UnitTest name="FsusUI.Avalonia.Tests.Controls.FsusShortcutRecorderTests.CommonOemSerializationRoundTripsWithoutDelimiterAmbiguity(key: OemPeriod)" storage="/workspace/native-reviewed-integration/dotnet/fsusui.avalonia.tests/bin/release/net10.0/fsusui.avalonia.tests.dll" id="879e3bfb-05dd-b3f1-e46a-16a312b5f9ed">
      <Execution id="e0872a45-deb5-4990-ac88-7c678c4398ef" />
      <TestMethod codeBase="/workspace/native-reviewed-integration/dotnet/FsusUI.Avalonia.Tests/bin/Release/net10.0/FsusUI.Avalonia.Tests.dll" adapterTypeName="executor://xunit/VsTestRunner3/netcore/" className="FsusUI.Avalonia.Tests.Controls.FsusShortcutRecorderTests" name="CommonOemSerializationRoundTripsWithoutDelimiterAmbiguity" />
    </UnitTest>
    <UnitTest name="FsusUI.Avalonia.Tests.Controls.FsusShortcutRecorderTests.InjectedExistingShortcutsShowAccessibleConflictStatus" storage="/workspace/native-reviewed-integration/dotnet/fsusui.avalonia.tests/bin/release/net10.0/fsusui.avalonia.tests.dll" id="dbaa8dfd-3188-2985-f4df-fcf644a2ca14">
      <Execution id="fc277af9-f86b-4dd8-8149-a6ab98b9054b" />
      <TestMethod codeBase="/workspace/native-reviewed-integration/dotnet/FsusUI.Avalonia.Tests/bin/Release/net10.0/FsusUI.Avalonia.Tests.dll" adapterTypeName="executor://xunit/VsTestRunner3/netcore/" className="FsusUI.Avalonia.Tests.Controls.FsusShortcutRecorderTests" name="InjectedExistingShortcutsShowAccessibleConflictStatus" />
    </UnitTest>
    <UnitTest name="FsusUI.Avalonia.Tests.Controls.FsusShortcutRecorderTests.CommonOemSerializationRoundTripsWithoutDelimiterAmbiguity(key: Oem3)" storage="/workspace/native-reviewed-integration/dotnet/fsusui.avalonia.tests/bin/release/net10.0/fsusui.avalonia.tests.dll" id="06bdb30d-53d8-a686-3b28-e7b509994c6a">
      <Execution id="81ce2ff4-d91b-435e-b453-f2e4e282f327" />
      <TestMethod codeBase="/workspace/native-reviewed-integration/dotnet/FsusUI.Avalonia.Tests/bin/Release/net10.0/FsusUI.Avalonia.Tests.dll" adapterTypeName="executor://xunit/VsTestRunner3/netcore/" className="FsusUI.Avalonia.Tests.Controls.FsusShortcutRecorderTests" name="CommonOemSerializationRoundTripsWithoutDelimiterAmbiguity" />
    </UnitTest>
    <UnitTest name="FsusUI.Avalonia.Tests.Controls.FsusShortcutRecorderTests.CommonOemSerializationRoundTripsWithoutDelimiterAmbiguity(key: OemCloseBrackets)" storage="/workspace/native-reviewed-integration/dotnet/fsusui.avalonia.tests/bin/release/net10.0/fsusui.avalonia.tests.dll" id="3b13405d-b347-f755-7901-2065c166cba1">
      <Execution id="7ef0c4f8-f598-4bfd-8fd8-bd5cc5e1394b" />
      <TestMethod codeBase="/workspace/native-reviewed-integration/dotnet/FsusUI.Avalonia.Tests/bin/Release/net10.0/FsusUI.Avalonia.Tests.dll" adapterTypeName="executor://xunit/VsTestRunner3/netcore/" className="FsusUI.Avalonia.Tests.Controls.FsusShortcutRecorderTests" name="CommonOemSerializationRoundTripsWithoutDelimiterAmbiguity" />
    </UnitTest>
    <UnitTest name="FsusUI.Avalonia.Tests.Controls.FsusShortcutRecorderTests.ReservedShortcutsShowReservedStatus" storage="/workspace/native-reviewed-integration/dotnet/fsusui.avalonia.tests/bin/release/net10.0/fsusui.avalonia.tests.dll" id="4eb63801-cd1f-9cbd-9757-0cf274286c0a">
      <Execution id="c81e75bc-2652-443b-9b66-5cc6513eea5e" />
      <TestMethod codeBase="/workspace/native-reviewed-integration/dotnet/FsusUI.Avalonia.Tests/bin/Release/net10.0/FsusUI.Avalonia.Tests.dll" adapterTypeName="executor://xunit/VsTestRunner3/netcore/" className="FsusUI.Avalonia.Tests.Controls.FsusShortcutRecorderTests" name="ReservedShortcutsShowReservedStatus" />
    </UnitTest>
    <UnitTest name="FsusUI.Avalonia.Tests.Controls.FsusShortcutRecorderTests.InvalidBareKeyPreservesOriginalValueAndClearsStaleHelpAfterRecovery" storage="/workspace/native-reviewed-integration/dotnet/fsusui.avalonia.tests/bin/release/net10.0/fsusui.avalonia.tests.dll" id="e76ed051-1cf0-09cb-5341-de0449599b83">
      <Execution id="8d2666bf-1919-40d4-b7db-e1b93621cf96" />
      <TestMethod codeBase="/workspace/native-reviewed-integration/dotnet/FsusUI.Avalonia.Tests/bin/Release/net10.0/FsusUI.Avalonia.Tests.dll" adapterTypeName="executor://xunit/VsTestRunner3/netcore/" className="FsusUI.Avalonia.Tests.Controls.FsusShortcutRecorderTests" name="InvalidBareKeyPreservesOriginalValueAndClearsStaleHelpAfterRecovery" />
    </UnitTest>
    <UnitTest name="FsusUI.Avalonia.Tests.Controls.FsusShortcutRecorderTests.RawKeyGestureInteropPreservesLiteralPhysicalControl" storage="/workspace/native-reviewed-integration/dotnet/fsusui.avalonia.tests/bin/release/net10.0/fsusui.avalonia.tests.dll" id="4f3cc315-94ee-98db-c8dd-44cb6b844cc3">
      <Execution id="2a1bfb70-a79b-429e-a7fe-630d77bf707e" />
      <TestMethod codeBase="/workspace/native-reviewed-integration/dotnet/FsusUI.Avalonia.Tests/bin/Release/net10.0/FsusUI.Avalonia.Tests.dll" adapterTypeName="executor://xunit/VsTestRunner3/netcore/" className="FsusUI.Avalonia.Tests.Controls.FsusShortcutRecorderTests" name="RawKeyGestureInteropPreservesLiteralPhysicalControl" />
    </UnitTest>
    <UnitTest name="FsusUI.Avalonia.Tests.Controls.FsusWebViewAdapterTests.BackendCannotSilentlyClaimRequestedOutlineWasApplied" storage="/workspace/native-reviewed-integration/dotnet/fsusui.avalonia.tests/bin/release/net10.0/fsusui.avalonia.tests.dll" id="8ec1e45e-7692-f1e1-37ff-6a51c80750d0">
      <Execution id="46a5bb13-b5d7-4b81-9ee0-72cbfb77bf32" />
      <TestMethod codeBase="/workspace/native-reviewed-integration/dotnet/FsusUI.Avalonia.Tests/bin/Release/net10.0/FsusUI.Avalonia.Tests.dll" adapterTypeName="executor://xunit/VsTestRunner3/netcore/" className="FsusUI.Avalonia.Tests.Controls.FsusWebViewAdapterTests" name="BackendCannotSilentlyClaimRequestedOutlineWasApplied" />
    </UnitTest>
    <UnitTest name="FsusUI.Avalonia.Tests.Controls.FsusWebViewAdapterTests.BackendCannotCloseCallerOwnedPdfStream" storage="/workspace/native-reviewed-integration/dotnet/fsusui.avalonia.tests/bin/release/net10.0/fsusui.avalonia.tests.dll" id="38296595-2ea9-4e01-fe55-68ef057898c1">
      <Execution id="22013676-d473-4263-beb8-7544d2a9dc40" />
      <TestMethod codeBase="/workspace/native-reviewed-integration/dotnet/FsusUI.Avalonia.Tests/bin/Release/net10.0/FsusUI.Avalonia.Tests.dll" adapterTypeName="executor://xunit/VsTestRunner3/netcore/" className="FsusUI.Avalonia.Tests.Controls.FsusWebViewAdapterTests" name="BackendCannotCloseCallerOwnedPdfStream" />
    </UnitTest>
    <UnitTest name="FsusUI.Avalonia.Tests.Controls.FsusShortcutRecorderTests.ShortcutGestureNormalizesOemKeys" storage="/workspace/native-reviewed-integration/dotnet/fsusui.avalonia.tests/bin/release/net10.0/fsusui.avalonia.tests.dll" id="a40308ed-c6ed-ee4c-24b5-014e95b321ce">
      <Execution id="c5e13e17-9506-4e08-b31e-1ba3fcc9ffd9" />
      <TestMethod codeBase="/workspace/native-reviewed-integration/dotnet/FsusUI.Avalonia.Tests/bin/Release/net10.0/FsusUI.Avalonia.Tests.dll" adapterTypeName="executor://xunit/VsTestRunner3/netcore/" className="FsusUI.Avalonia.Tests.Controls.FsusShortcutRecorderTests" name="ShortcutGestureNormalizesOemKeys" />
    </UnitTest>
    <UnitTest name="FsusUI.Avalonia.Tests.Controls.FsusWebViewAdapterTests.BackendCannotClaimSuccessWithoutWritingPdfBytes" storage="/workspace/native-reviewed-integration/dotnet/fsusui.avalonia.tests/bin/release/net10.0/fsusui.avalonia.tests.dll" id="1cd740e6-b91c-6816-0ca6-2dfba9f1fa18">
      <Execution id="d41d35f7-01a0-4aa1-b2aa-1df369ace666" />
      <TestMethod codeBase="/workspace/native-reviewed-integration/dotnet/FsusUI.Avalonia.Tests/bin/Release/net10.0/FsusUI.Avalonia.Tests.dll" adapterTypeName="executor://xunit/VsTestRunner3/netcore/" className="FsusUI.Avalonia.Tests.Controls.FsusWebViewAdapterTests" name="BackendCannotClaimSuccessWithoutWritingPdfBytes" />
    </UnitTest>
    <UnitTest name="FsusUI.Avalonia.Tests.Controls.FsusShortcutRecorderTests.BackspaceOrDeleteClearsRecordedValue" storage="/workspace/native-reviewed-integration/dotnet/fsusui.avalonia.tests/bin/release/net10.0/fsusui.avalonia.tests.dll" id="a080e077-3853-358c-c35b-e700fac23ffe">
      <Execution id="6b6e7b12-ee8e-419f-8072-78e1514310cc" />
      <TestMethod codeBase="/workspace/native-reviewed-integration/dotnet/FsusUI.Avalonia.Tests/bin/Release/net10.0/FsusUI.Avalonia.Tests.dll" adapterTypeName="executor://xunit/VsTestRunner3/netcore/" className="FsusUI.Avalonia.Tests.Controls.FsusShortcutRecorderTests" name="BackspaceOrDeleteClearsRecordedValue" />
    </UnitTest>
    <UnitTest name="FsusUI.Avalonia.Tests.Controls.FsusShortcutRecorderTests.CommonOemSerializationRoundTripsWithoutDelimiterAmbiguity(key: Oem4)" storage="/workspace/native-reviewed-integration/dotnet/fsusui.avalonia.tests/bin/release/net10.0/fsusui.avalonia.tests.dll" id="6fd17f5a-69b7-7233-9d0b-d366feabd549">
      <Execution id="270d0cdb-d39c-4102-b0fe-b95225bcbea8" />
      <TestMethod codeBase="/workspace/native-reviewed-integration/dotnet/FsusUI.Avalonia.Tests/bin/Release/net10.0/FsusUI.Avalonia.Tests.dll" adapterTypeName="executor://xunit/VsTestRunner3/netcore/" className="FsusUI.Avalonia.Tests.Controls.FsusShortcutRecorderTests" name="CommonOemSerializationRoundTripsWithoutDelimiterAmbiguity" />
    </UnitTest>
    <UnitTest name="FsusUI.Avalonia.Tests.Controls.FsusTreeRowRetentionTests.LargeTreeExpansionAndFocusKeepUnaffectedRowsAttached" storage="/workspace/native-reviewed-integration/dotnet/fsusui.avalonia.tests/bin/release/net10.0/fsusui.avalonia.tests.dll" id="eb5c5448-72da-b83b-e2ff-38a42693bed3">
      <Execution id="dca892de-43aa-4531-82c7-725608037552" />
      <TestMethod codeBase="/workspace/native-reviewed-integration/dotnet/FsusUI.Avalonia.Tests/bin/Release/net10.0/FsusUI.Avalonia.Tests.dll" adapterTypeName="executor://xunit/VsTestRunner3/netcore/" className="FsusUI.Avalonia.Tests.Controls.FsusTreeRowRetentionTests" name="LargeTreeExpansionAndFocusKeepUnaffectedRowsAttached" />
    </UnitTest>
    <UnitTest name="FsusUI.Avalonia.Tests.Controls.FsusShortcutRecorderTests.CommonOemSerializationRoundTripsWithoutDelimiterAmbiguity(key: OemSemicolon)" storage="/workspace/native-reviewed-integration/dotnet/fsusui.avalonia.tests/bin/release/net10.0/fsusui.avalonia.tests.dll" id="5c8b380f-ae06-ea2b-e17c-0a65ca8d32d2">
      <Execution id="5e4fd2b5-90bd-4670-a4f6-514faf12758a" />
      <TestMethod codeBase="/workspace/native-reviewed-integration/dotnet/FsusUI.Avalonia.Tests/bin/Release/net10.0/FsusUI.Avalonia.Tests.dll" adapterTypeName="executor://xunit/VsTestRunner3/netcore/" className="FsusUI.Avalonia.Tests.Controls.FsusShortcutRecorderTests" name="CommonOemSerializationRoundTripsWithoutDelimiterAmbiguity" />
    </UnitTest>
    <UnitTest name="FsusUI.Avalonia.Tests.Controls.FsusWebViewAdapterTests.TaggedPdfAndHierarchicalOutlineAreProvenByAdapterSimulation(platform: Linux, theme: Light, expectedPageBackground: &quot;#FFFFFF&quot;, expectedTextColor: &quot;#0F0F11&quot;)" storage="/workspace/native-reviewed-integration/dotnet/fsusui.avalonia.tests/bin/release/net10.0/fsusui.avalonia.tests.dll" id="69f24313-19d9-8fd3-a9ed-19bf30680ac5">
      <Execution id="7663189b-ec52-4c61-9864-a5a90997946e" />
      <TestMethod codeBase="/workspace/native-reviewed-integration/dotnet/FsusUI.Avalonia.Tests/bin/Release/net10.0/FsusUI.Avalonia.Tests.dll" adapterTypeName="executor://xunit/VsTestRunner3/netcore/" className="FsusUI.Avalonia.Tests.Controls.FsusWebViewAdapterTests" name="TaggedPdfAndHierarchicalOutlineAreProvenByAdapterSimulation" />
    </UnitTest>
    <UnitTest name="FsusUI.Avalonia.Tests.Controls.FsusWebViewAdapterTests.BackendCannotClaimSuccessWithPdfMarkersButNoObjectGraph" storage="/workspace/native-reviewed-integration/dotnet/fsusui.avalonia.tests/bin/release/net10.0/fsusui.avalonia.tests.dll" id="7a80d968-2e04-0a0d-16dc-a819404c6510">
      <Execution id="af349176-6760-4103-a0c8-a0482a2b19b1" />
      <TestMethod codeBase="/workspace/native-reviewed-integration/dotnet/FsusUI.Avalonia.Tests/bin/Release/net10.0/FsusUI.Avalonia.Tests.dll" adapterTypeName="executor://xunit/VsTestRunner3/netcore/" className="FsusUI.Avalonia.Tests.Controls.FsusWebViewAdapterTests" name="BackendCannotClaimSuccessWithPdfMarkersButNoObjectGraph" />
    </UnitTest>
    <UnitTest name="FsusUI.Avalonia.Tests.Controls.FsusShortcutRecorderTests.RecorderCapturesSingleShortcutOnKeyCombination(platform: Windows, primaryModifier: Control, displayShortcut: &quot;Ctrl+Shift+P&quot;)" storage="/workspace/native-reviewed-integration/dotnet/fsusui.avalonia.tests/bin/release/net10.0/fsusui.avalonia.tests.dll" id="1bfd972d-16cb-73e3-18f5-0607cb05399c">
      <Execution id="fe8c284d-60f0-49b5-b79c-b93c4c5f6767" />
      <TestMethod codeBase="/workspace/native-reviewed-integration/dotnet/FsusUI.Avalonia.Tests/bin/Release/net10.0/FsusUI.Avalonia.Tests.dll" adapterTypeName="executor://xunit/VsTestRunner3/netcore/" className="FsusUI.Avalonia.Tests.Controls.FsusShortcutRecorderTests" name="RecorderCapturesSingleShortcutOnKeyCombination" />
    </UnitTest>
    <UnitTest name="FsusUI.Avalonia.Tests.Controls.FsusShortcutRecorderTests.RecorderCapturesSingleShortcutOnKeyCombination(platform: macOS, primaryModifier: Meta, displayShortcut: &quot;Command+Shift+P&quot;)" storage="/workspace/native-reviewed-integration/dotnet/fsusui.avalonia.tests/bin/release/net10.0/fsusui.avalonia.tests.dll" id="e6b5da3e-4405-ec7e-acad-942676efbe9a">
      <Execution id="f1540bc3-9b7e-4ea5-8792-69c1959f94a7" />
      <TestMethod codeBase="/workspace/native-reviewed-integration/dotnet/FsusUI.Avalonia.Tests/bin/Release/net10.0/FsusUI.Avalonia.Tests.dll" adapterTypeName="executor://xunit/VsTestRunner3/netcore/" className="FsusUI.Avalonia.Tests.Controls.FsusShortcutRecorderTests" name="RecorderCapturesSingleShortcutOnKeyCombination" />
    </UnitTest>
    <UnitTest name="FsusUI.Avalonia.Tests.Controls.FsusWebViewAdapterTests.BackendCannotClaimPdfStructureOrMissingOutlineDestination" storage="/workspace/native-reviewed-integration/dotnet/fsusui.avalonia.tests/bin/release/net10.0/fsusui.avalonia.tests.dll" id="69c58baf-8038-87cd-f75a-f94df39829cc">
      <Execution id="e61cf29c-aced-4bc5-a8f8-6fa128fcc130" />
      <TestMethod codeBase="/workspace/native-reviewed-integration/dotnet/FsusUI.Avalonia.Tests/bin/Release/net10.0/FsusUI.Avalonia.Tests.dll" adapterTypeName="executor://xunit/VsTestRunner3/netcore/" className="FsusUI.Avalonia.Tests.Controls.FsusWebViewAdapterTests" name="BackendCannotClaimPdfStructureOrMissingOutlineDestination" />
    </UnitTest>
    <UnitTest name="FsusUI.Avalonia.Tests.Controls.FsusCommandPaletteTests.FiltersLocalAndAsyncCommandsCaseInsensitivelyWithPublicMetadata" storage="/workspace/native-reviewed-integration/dotnet/fsusui.avalonia.tests/bin/release/net10.0/fsusui.avalonia.tests.dll" id="5ba02aa7-da87-0948-c8fa-06d5dabf2cfc">
      <Execution id="584e1559-b961-451b-8f61-65c0b9927e69" />
      <TestMethod codeBase="/workspace/native-reviewed-integration/dotnet/FsusUI.Avalonia.Tests/bin/Release/net10.0/FsusUI.Avalonia.Tests.dll" adapterTypeName="executor://xunit/VsTestRunner3/netcore/" className="FsusUI.Avalonia.Tests.Controls.FsusCommandPaletteTests" name="FiltersLocalAndAsyncCommandsCaseInsensitivelyWithPublicMetadata" />
    </UnitTest>
    <UnitTest name="FsusUI.Avalonia.Tests.Controls.FsusShortcutRecorderTests.MacMetaAndWindowsControlNormalizeToTheSameStableGesture" storage="/workspace/native-reviewed-integration/dotnet/fsusui.avalonia.tests/bin/release/net10.0/fsusui.avalonia.tests.dll" id="c54a18bd-387a-abb9-9211-a79ff3f76f37">
      <Execution id="e7dfa467-b15c-4617-8422-5e6f8594473c" />
      <TestMethod codeBase="/workspace/native-reviewed-integration/dotnet/FsusUI.Avalonia.Tests/bin/Release/net10.0/FsusUI.Avalonia.Tests.dll" adapterTypeName="executor://xunit/VsTestRunner3/netcore/" className="FsusUI.Avalonia.Tests.Controls.FsusShortcutRecorderTests" name="MacMetaAndWindowsControlNormalizeToTheSameStableGesture" />
    </UnitTest>
    <UnitTest name="FsusUI.Avalonia.Tests.Controls.FsusWebViewAdapterTests.TaggedPdfAndHierarchicalOutlineAreProvenByAdapterSimulation(platform: Windows, theme: Light, expectedPageBackground: &quot;#FFFFFF&quot;, expectedTextColor: &quot;#0F0F11&quot;)" storage="/workspace/native-reviewed-integration/dotnet/fsusui.avalonia.tests/bin/release/net10.0/fsusui.avalonia.tests.dll" id="7b03a1d9-b2b5-8fa6-226b-406defa79301">
      <Execution id="062824ac-ba9d-452d-ac1c-bb583a5929ad" />
      <TestMethod codeBase="/workspace/native-reviewed-integration/dotnet/FsusUI.Avalonia.Tests/bin/Release/net10.0/FsusUI.Avalonia.Tests.dll" adapterTypeName="executor://xunit/VsTestRunner3/netcore/" className="FsusUI.Avalonia.Tests.Controls.FsusWebViewAdapterTests" name="TaggedPdfAndHierarchicalOutlineAreProvenByAdapterSimulation" />
    </UnitTest>
    <UnitTest name="FsusUI.Avalonia.Tests.Controls.FsusShortcutRecorderTests.RecorderCapturesSingleShortcutOnKeyCombination(platform: Linux, primaryModifier: Control, displayShortcut: &quot;Ctrl+Shift+P&quot;)" storage="/workspace/native-reviewed-integration/dotnet/fsusui.avalonia.tests/bin/release/net10.0/fsusui.avalonia.tests.dll" id="8ae39422-dc63-9baf-8c6b-88c99193bd37">
      <Execution id="8b3a83c6-c426-4c16-9050-2554620e7368" />
      <TestMethod codeBase="/workspace/native-reviewed-integration/dotnet/FsusUI.Avalonia.Tests/bin/Release/net10.0/FsusUI.Avalonia.Tests.dll" adapterTypeName="executor://xunit/VsTestRunner3/netcore/" className="FsusUI.Avalonia.Tests.Controls.FsusShortcutRecorderTests" name="RecorderCapturesSingleShortcutOnKeyCombination" />
    </UnitTest>
    <UnitTest name="FsusUI.Avalonia.Tests.Controls.FsusCommandPaletteTests.PlatformFormatsLocalAndProviderCommandsWithoutChangingGestures" storage="/workspace/native-reviewed-integration/dotnet/fsusui.avalonia.tests/bin/release/net10.0/fsusui.avalonia.tests.dll" id="07ff0514-e8e5-2bf4-7d2c-5b40ad80cd07">
      <Execution id="d89e9782-67ed-408c-8fc1-74dda1ef9716" />
      <TestMethod codeBase="/workspace/native-reviewed-integration/dotnet/FsusUI.Avalonia.Tests/bin/Release/net10.0/FsusUI.Avalonia.Tests.dll" adapterTypeName="executor://xunit/VsTestRunner3/netcore/" className="FsusUI.Avalonia.Tests.Controls.FsusCommandPaletteTests" name="PlatformFormatsLocalAndProviderCommandsWithoutChangingGestures" />
    </UnitTest>
    <UnitTest name="FsusUI.Avalonia.Tests.Controls.FsusShortcutRecorderTests.WindowsMetaRemainsDistinctAndRoundTrips" storage="/workspace/native-reviewed-integration/dotnet/fsusui.avalonia.tests/bin/release/net10.0/fsusui.avalonia.tests.dll" id="7ccd2805-79c2-92fa-d34b-7b05650802bb">
      <Execution id="fc0bcc58-22ca-41b8-953d-06e672e05a7c" />
      <TestMethod codeBase="/workspace/native-reviewed-integration/dotnet/FsusUI.Avalonia.Tests/bin/Release/net10.0/FsusUI.Avalonia.Tests.dll" adapterTypeName="executor://xunit/VsTestRunner3/netcore/" className="FsusUI.Avalonia.Tests.Controls.FsusShortcutRecorderTests" name="WindowsMetaRemainsDistinctAndRoundTrips" />
    </UnitTest>
    <UnitTest name="FsusUI.Avalonia.Tests.Controls.FsusShortcutRecorderTests.CommonOemSerializationRoundTripsWithoutDelimiterAmbiguity(key: OemQuestion)" storage="/workspace/native-reviewed-integration/dotnet/fsusui.avalonia.tests/bin/release/net10.0/fsusui.avalonia.tests.dll" id="eb6ddf8a-45cb-8906-4655-7d39be102263">
      <Execution id="04d7801d-2a29-4a31-9767-90b543c5720c" />
      <TestMethod codeBase="/workspace/native-reviewed-integration/dotnet/FsusUI.Avalonia.Tests/bin/Release/net10.0/FsusUI.Avalonia.Tests.dll" adapterTypeName="executor://xunit/VsTestRunner3/netcore/" className="FsusUI.Avalonia.Tests.Controls.FsusShortcutRecorderTests" name="CommonOemSerializationRoundTripsWithoutDelimiterAmbiguity" />
    </UnitTest>
    <UnitTest name="FsusUI.Avalonia.Tests.Controls.FsusShortcutRecorderTests.CommonOemSerializationRoundTripsWithoutDelimiterAmbiguity(key: OemPipe)" storage="/workspace/native-reviewed-integration/dotnet/fsusui.avalonia.tests/bin/release/net10.0/fsusui.avalonia.tests.dll" id="177da618-47e9-b1ae-ed72-7bfcc1fc8057">
      <Execution id="e598dd5b-b39e-440b-a78d-42490379cf11" />
      <TestMethod codeBase="/workspace/native-reviewed-integration/dotnet/FsusUI.Avalonia.Tests/bin/Release/net10.0/FsusUI.Avalonia.Tests.dll" adapterTypeName="executor://xunit/VsTestRunner3/netcore/" className="FsusUI.Avalonia.Tests.Controls.FsusShortcutRecorderTests" name="CommonOemSerializationRoundTripsWithoutDelimiterAmbiguity" />
    </UnitTest>
    <UnitTest name="FsusUI.Avalonia.Tests.Controls.FsusTreeRowRetentionTests.RetainedRowsUpdateGeometryPresentationSelectionAndAutomation" storage="/workspace/native-reviewed-integration/dotnet/fsusui.avalonia.tests/bin/release/net10.0/fsusui.avalonia.tests.dll" id="dc9b9603-9dca-d1d9-0db0-97bd7d3e6c0f">
      <Execution id="dfd98448-3e9d-4c75-b37c-16e6074c1d35" />
      <TestMethod codeBase="/workspace/native-reviewed-integration/dotnet/FsusUI.Avalonia.Tests/bin/Release/net10.0/FsusUI.Avalonia.Tests.dll" adapterTypeName="executor://xunit/VsTestRunner3/netcore/" className="FsusUI.Avalonia.Tests.Controls.FsusTreeRowRetentionTests" name="RetainedRowsUpdateGeometryPresentationSelectionAndAutomation" />
    </UnitTest>
    <UnitTest name="FsusUI.Avalonia.Tests.Controls.FsusCommandPaletteTests.WraparoundNavigationNestedBackImeAndEscapeUsePublicControlApi" storage="/workspace/native-reviewed-integration/dotnet/fsusui.avalonia.tests/bin/release/net10.0/fsusui.avalonia.tests.dll" id="4b0d9cd3-bfcb-43da-f8e5-b36f97a71c60">
      <Execution id="9f3d7c61-10de-4c8b-9abd-9fab6fae9124" />
      <TestMethod codeBase="/workspace/native-reviewed-integration/dotnet/FsusUI.Avalonia.Tests/bin/Release/net10.0/FsusUI.Avalonia.Tests.dll" adapterTypeName="executor://xunit/VsTestRunner3/netcore/" className="FsusUI.Avalonia.Tests.Controls.FsusCommandPaletteTests" name="WraparoundNavigationNestedBackImeAndEscapeUsePublicControlApi" />
    </UnitTest>
    <UnitTest name="FsusUI.Avalonia.Tests.Controls.FsusTreeRowRetentionTests.RetainedRowLeavesRenameModeAndRemovesTransientCreateRows" storage="/workspace/native-reviewed-integration/dotnet/fsusui.avalonia.tests/bin/release/net10.0/fsusui.avalonia.tests.dll" id="b1aa3cf0-02cc-b47d-2966-4c38249bc8d7">
      <Execution id="ff5584b2-aabf-4c3a-be9e-6e999b631059" />
      <TestMethod codeBase="/workspace/native-reviewed-integration/dotnet/FsusUI.Avalonia.Tests/bin/Release/net10.0/FsusUI.Avalonia.Tests.dll" adapterTypeName="executor://xunit/VsTestRunner3/netcore/" className="FsusUI.Avalonia.Tests.Controls.FsusTreeRowRetentionTests" name="RetainedRowLeavesRenameModeAndRemovesTransientCreateRows" />
    </UnitTest>
    <UnitTest name="FsusUI.Avalonia.Tests.Controls.FsusWebViewAdapterTests.TaggedPdfAndHierarchicalOutlineAreProvenByAdapterSimulation(platform: Windows, theme: Dark, expectedPageBackground: &quot;#121214&quot;, expectedTextColor: &quot;#F0F0F4&quot;)" storage="/workspace/native-reviewed-integration/dotnet/fsusui.avalonia.tests/bin/release/net10.0/fsusui.avalonia.tests.dll" id="d130afc1-4726-1ed7-f2e4-5aafdab3eb3d">
      <Execution id="ffc54ad4-813d-48a7-a988-6b50b9f9d8f9" />
      <TestMethod codeBase="/workspace/native-reviewed-integration/dotnet/FsusUI.Avalonia.Tests/bin/Release/net10.0/FsusUI.Avalonia.Tests.dll" adapterTypeName="executor://xunit/VsTestRunner3/netcore/" className="FsusUI.Avalonia.Tests.Controls.FsusWebViewAdapterTests" name="TaggedPdfAndHierarchicalOutlineAreProvenByAdapterSimulation" />
    </UnitTest>
    <UnitTest name="FsusUI.Avalonia.Tests.Controls.FsusTreeRowRetentionTests.ReorderingReplacingAndRemovingNodesUpdatesRowsAndSetMetadata" storage="/workspace/native-reviewed-integration/dotnet/fsusui.avalonia.tests/bin/release/net10.0/fsusui.avalonia.tests.dll" id="938eaa66-962b-f4f2-6a28-64907b4663d1">
      <Execution id="1b007d64-16c3-4366-bd0a-6c274c6a43be" />
      <TestMethod codeBase="/workspace/native-reviewed-integration/dotnet/FsusUI.Avalonia.Tests/bin/Release/net10.0/FsusUI.Avalonia.Tests.dll" adapterTypeName="executor://xunit/VsTestRunner3/netcore/" className="FsusUI.Avalonia.Tests.Controls.FsusTreeRowRetentionTests" name="ReorderingReplacingAndRemovingNodesUpdatesRowsAndSetMetadata" />
    </UnitTest>
    <UnitTest name="FsusUI.Avalonia.Tests.Controls.FsusWebViewAdapterTests.InFlightCancellationInterruptsBackendAndPreservesDestinationOwnership" storage="/workspace/native-reviewed-integration/dotnet/fsusui.avalonia.tests/bin/release/net10.0/fsusui.avalonia.tests.dll" id="6930db3b-dbf1-b339-37b0-237f62e976a5">
      <Execution id="6fbd4803-ab5b-43a0-9b36-b17f83b0274e" />
      <TestMethod codeBase="/workspace/native-reviewed-integration/dotnet/FsusUI.Avalonia.Tests/bin/Release/net10.0/FsusUI.Avalonia.Tests.dll" adapterTypeName="executor://xunit/VsTestRunner3/netcore/" className="FsusUI.Avalonia.Tests.Controls.FsusWebViewAdapterTests" name="InFlightCancellationInterruptsBackendAndPreservesDestinationOwnership" />
    </UnitTest>
    <UnitTest name="FsusUI.Avalonia.Tests.Controls.FsusShortcutRecorderTests.ShortcutGestureNormalizesKeysAndMaintainsStableSerialization" storage="/workspace/native-reviewed-integration/dotnet/fsusui.avalonia.tests/bin/release/net10.0/fsusui.avalonia.tests.dll" id="ae26656e-2fac-aa25-632c-57b2107f3541">
      <Execution id="545f5c83-71a9-45b4-af24-61bd8bc1fc96" />
      <TestMethod codeBase="/workspace/native-reviewed-integration/dotnet/FsusUI.Avalonia.Tests/bin/Release/net10.0/FsusUI.Avalonia.Tests.dll" adapterTypeName="executor://xunit/VsTestRunner3/netcore/" className="FsusUI.Avalonia.Tests.Controls.FsusShortcutRecorderTests" name="ShortcutGestureNormalizesKeysAndMaintainsStableSerialization" />
    </UnitTest>
    <UnitTest name="FsusUI.Avalonia.Tests.Controls.FsusShortcutRecorderTests.EscapeCancelsRecordingAndPreservesOriginalValue" storage="/workspace/native-reviewed-integration/dotnet/fsusui.avalonia.tests/bin/release/net10.0/fsusui.avalonia.tests.dll" id="19e8f5c4-e10e-f5f3-934b-af7f8b64d816">
      <Execution id="a6bbdbb5-d606-4879-b373-6f1eb1e07d51" />
      <TestMethod codeBase="/workspace/native-reviewed-integration/dotnet/FsusUI.Avalonia.Tests/bin/Release/net10.0/FsusUI.Avalonia.Tests.dll" adapterTypeName="executor://xunit/VsTestRunner3/netcore/" className="FsusUI.Avalonia.Tests.Controls.FsusShortcutRecorderTests" name="EscapeCancelsRecordingAndPreservesOriginalValue" />
    </UnitTest>
    <UnitTest name="FsusUI.Avalonia.Tests.Controls.FsusWebViewAdapterTests.UnsupportedPdfCapabilityDoesNotInvokeBackendOrTouchStream" storage="/workspace/native-reviewed-integration/dotnet/fsusui.avalonia.tests/bin/release/net10.0/fsusui.avalonia.tests.dll" id="546071c8-06f7-f7a6-b417-ed36de21f022">
      <Execution id="e995feea-874a-48f0-b4c6-a6bd80f951d2" />
      <TestMethod codeBase="/workspace/native-reviewed-integration/dotnet/FsusUI.Avalonia.Tests/bin/Release/net10.0/FsusUI.Avalonia.Tests.dll" adapterTypeName="executor://xunit/VsTestRunner3/netcore/" className="FsusUI.Avalonia.Tests.Controls.FsusWebViewAdapterTests" name="UnsupportedPdfCapabilityDoesNotInvokeBackendOrTouchStream" />
    </UnitTest>
    <UnitTest name="FsusUI.Avalonia.Tests.Controls.FsusShortcutRecorderTests.CommonOemSerializationRoundTripsWithoutDelimiterAmbiguity(key: OemQuotes)" storage="/workspace/native-reviewed-integration/dotnet/fsusui.avalonia.tests/bin/release/net10.0/fsusui.avalonia.tests.dll" id="44382f23-9acb-c2be-c00a-00acc4a9877a">
      <Execution id="8fa95827-2966-4153-9285-e58a0e443b69" />
      <TestMethod codeBase="/workspace/native-reviewed-integration/dotnet/FsusUI.Avalonia.Tests/bin/Release/net10.0/FsusUI.Avalonia.Tests.dll" adapterTypeName="executor://xunit/VsTestRunner3/netcore/" className="FsusUI.Avalonia.Tests.Controls.FsusShortcutRecorderTests" name="CommonOemSerializationRoundTripsWithoutDelimiterAmbiguity" />
    </UnitTest>
    <UnitTest name="FsusUI.Avalonia.Tests.Controls.FsusCommandPaletteTests.ExecutesSyncAndAsyncCommandsWithBusyFailureAndDisabledGuards" storage="/workspace/native-reviewed-integration/dotnet/fsusui.avalonia.tests/bin/release/net10.0/fsusui.avalonia.tests.dll" id="ebba2518-aa3e-6240-3dfa-9ddbefa9fd8c">
      <Execution id="8472833d-cec1-4f57-8b0e-8e54723d06b7" />
      <TestMethod codeBase="/workspace/native-reviewed-integration/dotnet/FsusUI.Avalonia.Tests/bin/Release/net10.0/FsusUI.Avalonia.Tests.dll" adapterTypeName="executor://xunit/VsTestRunner3/netcore/" className="FsusUI.Avalonia.Tests.Controls.FsusCommandPaletteTests" name="ExecutesSyncAndAsyncCommandsWithBusyFailureAndDisabledGuards" />
    </UnitTest>
    <UnitTest name="FsusUI.Avalonia.Tests.Controls.FsusShortcutRecorderTests.ShortcutGestureDisplaysCommandOptionOnMacAndCtrlAltOnWindowsLinux" storage="/workspace/native-reviewed-integration/dotnet/fsusui.avalonia.tests/bin/release/net10.0/fsusui.avalonia.tests.dll" id="8f97d7ef-355c-d3d9-e6a6-ec82670e33a9">
      <Execution id="dab88d01-000c-46fa-8a87-bd3e4caeb351" />
      <TestMethod codeBase="/workspace/native-reviewed-integration/dotnet/FsusUI.Avalonia.Tests/bin/Release/net10.0/FsusUI.Avalonia.Tests.dll" adapterTypeName="executor://xunit/VsTestRunner3/netcore/" className="FsusUI.Avalonia.Tests.Controls.FsusShortcutRecorderTests" name="ShortcutGestureDisplaysCommandOptionOnMacAndCtrlAltOnWindowsLinux" />
    </UnitTest>
    <UnitTest name="FsusUI.Avalonia.Tests.Controls.FsusTreeRowRetentionTests.CustomPresenterStillRefreshesMutablePayloadAndRestoresDefaultContent" storage="/workspace/native-reviewed-integration/dotnet/fsusui.avalonia.tests/bin/release/net10.0/fsusui.avalonia.tests.dll" id="8671eb47-75e0-aeeb-95e1-1886517c218a">
      <Execution id="70e50960-f6a1-4864-a93d-2ec9edfa4759" />
      <TestMethod codeBase="/workspace/native-reviewed-integration/dotnet/FsusUI.Avalonia.Tests/bin/Release/net10.0/FsusUI.Avalonia.Tests.dll" adapterTypeName="executor://xunit/VsTestRunner3/netcore/" className="FsusUI.Avalonia.Tests.Controls.FsusTreeRowRetentionTests" name="CustomPresenterStillRefreshesMutablePayloadAndRestoresDefaultContent" />
    </UnitTest>
    <UnitTest name="FsusUI.Avalonia.Tests.Controls.FsusWebViewAdapterTests.CancellationPropagatesAndDestinationOwnershipStaysWithCaller" storage="/workspace/native-reviewed-integration/dotnet/fsusui.avalonia.tests/bin/release/net10.0/fsusui.avalonia.tests.dll" id="63b9f453-8743-5542-82c8-e6ac82fedf4f">
      <Execution id="409969f2-5ec4-429a-8d37-2a43761c3021" />
      <TestMethod codeBase="/workspace/native-reviewed-integration/dotnet/FsusUI.Avalonia.Tests/bin/Release/net10.0/FsusUI.Avalonia.Tests.dll" adapterTypeName="executor://xunit/VsTestRunner3/netcore/" className="FsusUI.Avalonia.Tests.Controls.FsusWebViewAdapterTests" name="CancellationPropagatesAndDestinationOwnershipStaysWithCaller" />
    </UnitTest>
    <UnitTest name="FsusUI.Avalonia.Tests.Controls.FsusWebViewAdapterTests.TaggedPdfAndHierarchicalOutlineAreProvenByAdapterSimulation(platform: Linux, theme: Dark, expectedPageBackground: &quot;#121214&quot;, expectedTextColor: &quot;#F0F0F4&quot;)" storage="/workspace/native-reviewed-integration/dotnet/fsusui.avalonia.tests/bin/release/net10.0/fsusui.avalonia.tests.dll" id="8b4e9e3a-cf00-6ca6-8e32-0ec439709fa8">
      <Execution id="dd3fb2e0-1e5a-46ae-b447-30595cd78b81" />
      <TestMethod codeBase="/workspace/native-reviewed-integration/dotnet/FsusUI.Avalonia.Tests/bin/Release/net10.0/FsusUI.Avalonia.Tests.dll" adapterTypeName="executor://xunit/VsTestRunner3/netcore/" className="FsusUI.Avalonia.Tests.Controls.FsusWebViewAdapterTests" name="TaggedPdfAndHierarchicalOutlineAreProvenByAdapterSimulation" />
    </UnitTest>
  </TestDefinitions>
  <TestEntries>
    <TestEntry testId="177da618-47e9-b1ae-ed72-7bfcc1fc8057" executionId="e598dd5b-b39e-440b-a78d-42490379cf11" testListId="8c84fa94-04c1-424b-9868-57a2d4851a1d" />
    <TestEntry testId="69c58baf-8038-87cd-f75a-f94df39829cc" executionId="e61cf29c-aced-4bc5-a8f8-6fa128fcc130" testListId="8c84fa94-04c1-424b-9868-57a2d4851a1d" />
    <TestEntry testId="eb6ddf8a-45cb-8906-4655-7d39be102263" executionId="04d7801d-2a29-4a31-9767-90b543c5720c" testListId="8c84fa94-04c1-424b-9868-57a2d4851a1d" />
    <TestEntry testId="eb5c5448-72da-b83b-e2ff-38a42693bed3" executionId="dca892de-43aa-4531-82c7-725608037552" testListId="8c84fa94-04c1-424b-9868-57a2d4851a1d" />
    <TestEntry testId="63b9f453-8743-5542-82c8-e6ac82fedf4f" executionId="409969f2-5ec4-429a-8d37-2a43761c3021" testListId="8c84fa94-04c1-424b-9868-57a2d4851a1d" />
    <TestEntry testId="5c8b380f-ae06-ea2b-e17c-0a65ca8d32d2" executionId="5e4fd2b5-90bd-4670-a4f6-514faf12758a" testListId="8c84fa94-04c1-424b-9868-57a2d4851a1d" />
    <TestEntry testId="dbaa8dfd-3188-2985-f4df-fcf644a2ca14" executionId="fc277af9-f86b-4dd8-8149-a6ab98b9054b" testListId="8c84fa94-04c1-424b-9868-57a2d4851a1d" />
    <TestEntry testId="4f3cc315-94ee-98db-c8dd-44cb6b844cc3" executionId="2a1bfb70-a79b-429e-a7fe-630d77bf707e" testListId="8c84fa94-04c1-424b-9868-57a2d4851a1d" />
    <TestEntry testId="a40308ed-c6ed-ee4c-24b5-014e95b321ce" executionId="c5e13e17-9506-4e08-b31e-1ba3fcc9ffd9" testListId="8c84fa94-04c1-424b-9868-57a2d4851a1d" />
    <TestEntry testId="7a80d968-2e04-0a0d-16dc-a819404c6510" executionId="af349176-6760-4103-a0c8-a0482a2b19b1" testListId="8c84fa94-04c1-424b-9868-57a2d4851a1d" />
    <TestEntry testId="e76ed051-1cf0-09cb-5341-de0449599b83" executionId="8d2666bf-1919-40d4-b7db-e1b93621cf96" testListId="8c84fa94-04c1-424b-9868-57a2d4851a1d" />
    <TestEntry testId="8f97d7ef-355c-d3d9-e6a6-ec82670e33a9" executionId="dab88d01-000c-46fa-8a87-bd3e4caeb351" testListId="8c84fa94-04c1-424b-9868-57a2d4851a1d" />
    <TestEntry testId="8ae39422-dc63-9baf-8c6b-88c99193bd37" executionId="8b3a83c6-c426-4c16-9050-2554620e7368" testListId="8c84fa94-04c1-424b-9868-57a2d4851a1d" />
    <TestEntry testId="1bfd972d-16cb-73e3-18f5-0607cb05399c" executionId="fe8c284d-60f0-49b5-b79c-b93c4c5f6767" testListId="8c84fa94-04c1-424b-9868-57a2d4851a1d" />
    <TestEntry testId="3b13405d-b347-f755-7901-2065c166cba1" executionId="7ef0c4f8-f598-4bfd-8fd8-bd5cc5e1394b" testListId="8c84fa94-04c1-424b-9868-57a2d4851a1d" />
    <TestEntry testId="7b03a1d9-b2b5-8fa6-226b-406defa79301" executionId="062824ac-ba9d-452d-ac1c-bb583a5929ad" testListId="8c84fa94-04c1-424b-9868-57a2d4851a1d" />
    <TestEntry testId="d130afc1-4726-1ed7-f2e4-5aafdab3eb3d" executionId="ffc54ad4-813d-48a7-a988-6b50b9f9d8f9" testListId="8c84fa94-04c1-424b-9868-57a2d4851a1d" />
    <TestEntry testId="879e3bfb-05dd-b3f1-e46a-16a312b5f9ed" executionId="e0872a45-deb5-4990-ac88-7c678c4398ef" testListId="8c84fa94-04c1-424b-9868-57a2d4851a1d" />
    <TestEntry testId="1cd740e6-b91c-6816-0ca6-2dfba9f1fa18" executionId="d41d35f7-01a0-4aa1-b2aa-1df369ace666" testListId="8c84fa94-04c1-424b-9868-57a2d4851a1d" />
    <TestEntry testId="4b0d9cd3-bfcb-43da-f8e5-b36f97a71c60" executionId="9f3d7c61-10de-4c8b-9abd-9fab6fae9124" testListId="8c84fa94-04c1-424b-9868-57a2d4851a1d" />
    <TestEntry testId="06bdb30d-53d8-a686-3b28-e7b509994c6a" executionId="81ce2ff4-d91b-435e-b453-f2e4e282f327" testListId="8c84fa94-04c1-424b-9868-57a2d4851a1d" />
    <TestEntry testId="ae26656e-2fac-aa25-632c-57b2107f3541" executionId="545f5c83-71a9-45b4-af24-61bd8bc1fc96" testListId="8c84fa94-04c1-424b-9868-57a2d4851a1d" />
    <TestEntry testId="ebba2518-aa3e-6240-3dfa-9ddbefa9fd8c" executionId="8472833d-cec1-4f57-8b0e-8e54723d06b7" testListId="8c84fa94-04c1-424b-9868-57a2d4851a1d" />
    <TestEntry testId="19e8f5c4-e10e-f5f3-934b-af7f8b64d816" executionId="a6bbdbb5-d606-4879-b373-6f1eb1e07d51" testListId="8c84fa94-04c1-424b-9868-57a2d4851a1d" />
    <TestEntry testId="6930db3b-dbf1-b339-37b0-237f62e976a5" executionId="6fbd4803-ab5b-43a0-9b36-b17f83b0274e" testListId="8c84fa94-04c1-424b-9868-57a2d4851a1d" />
    <TestEntry testId="c54a18bd-387a-abb9-9211-a79ff3f76f37" executionId="e7dfa467-b15c-4617-8422-5e6f8594473c" testListId="8c84fa94-04c1-424b-9868-57a2d4851a1d" />
    <TestEntry testId="938eaa66-962b-f4f2-6a28-64907b4663d1" executionId="1b007d64-16c3-4366-bd0a-6c274c6a43be" testListId="8c84fa94-04c1-424b-9868-57a2d4851a1d" />
    <TestEntry testId="8671eb47-75e0-aeeb-95e1-1886517c218a" executionId="70e50960-f6a1-4864-a93d-2ec9edfa4759" testListId="8c84fa94-04c1-424b-9868-57a2d4851a1d" />
    <TestEntry testId="5ba02aa7-da87-0948-c8fa-06d5dabf2cfc" executionId="584e1559-b961-451b-8f61-65c0b9927e69" testListId="8c84fa94-04c1-424b-9868-57a2d4851a1d" />
    <TestEntry testId="8b4e9e3a-cf00-6ca6-8e32-0ec439709fa8" executionId="dd3fb2e0-1e5a-46ae-b447-30595cd78b81" testListId="8c84fa94-04c1-424b-9868-57a2d4851a1d" />
    <TestEntry testId="e6b5da3e-4405-ec7e-acad-942676efbe9a" executionId="f1540bc3-9b7e-4ea5-8792-69c1959f94a7" testListId="8c84fa94-04c1-424b-9868-57a2d4851a1d" />
    <TestEntry testId="38296595-2ea9-4e01-fe55-68ef057898c1" executionId="22013676-d473-4263-beb8-7544d2a9dc40" testListId="8c84fa94-04c1-424b-9868-57a2d4851a1d" />
    <TestEntry testId="8ec1e45e-7692-f1e1-37ff-6a51c80750d0" executionId="46a5bb13-b5d7-4b81-9ee0-72cbfb77bf32" testListId="8c84fa94-04c1-424b-9868-57a2d4851a1d" />
    <TestEntry testId="b1aa3cf0-02cc-b47d-2966-4c38249bc8d7" executionId="ff5584b2-aabf-4c3a-be9e-6e999b631059" testListId="8c84fa94-04c1-424b-9868-57a2d4851a1d" />
    <TestEntry testId="07ff0514-e8e5-2bf4-7d2c-5b40ad80cd07" executionId="d89e9782-67ed-408c-8fc1-74dda1ef9716" testListId="8c84fa94-04c1-424b-9868-57a2d4851a1d" />
    <TestEntry testId="7ccd2805-79c2-92fa-d34b-7b05650802bb" executionId="fc0bcc58-22ca-41b8-953d-06e672e05a7c" testListId="8c84fa94-04c1-424b-9868-57a2d4851a1d" />
    <TestEntry testId="44382f23-9acb-c2be-c00a-00acc4a9877a" executionId="8fa95827-2966-4153-9285-e58a0e443b69" testListId="8c84fa94-04c1-424b-9868-57a2d4851a1d" />
    <TestEntry testId="546071c8-06f7-f7a6-b417-ed36de21f022" executionId="e995feea-874a-48f0-b4c6-a6bd80f951d2" testListId="8c84fa94-04c1-424b-9868-57a2d4851a1d" />
    <TestEntry testId="4eb63801-cd1f-9cbd-9757-0cf274286c0a" executionId="c81e75bc-2652-443b-9b66-5cc6513eea5e" testListId="8c84fa94-04c1-424b-9868-57a2d4851a1d" />
    <TestEntry testId="57920257-1dd8-172a-fa6c-c9e8d1d1e584" executionId="ab5497c5-dc4a-4a23-b3ef-07b233cf362c" testListId="8c84fa94-04c1-424b-9868-57a2d4851a1d" />
    <TestEntry testId="69f24313-19d9-8fd3-a9ed-19bf30680ac5" executionId="7663189b-ec52-4c61-9864-a5a90997946e" testListId="8c84fa94-04c1-424b-9868-57a2d4851a1d" />
    <TestEntry testId="6fd17f5a-69b7-7233-9d0b-d366feabd549" executionId="270d0cdb-d39c-4102-b0fe-b95225bcbea8" testListId="8c84fa94-04c1-424b-9868-57a2d4851a1d" />
    <TestEntry testId="a080e077-3853-358c-c35b-e700fac23ffe" executionId="6b6e7b12-ee8e-419f-8072-78e1514310cc" testListId="8c84fa94-04c1-424b-9868-57a2d4851a1d" />
    <TestEntry testId="dc9b9603-9dca-d1d9-0db0-97bd7d3e6c0f" executionId="dfd98448-3e9d-4c75-b37c-16e6074c1d35" testListId="8c84fa94-04c1-424b-9868-57a2d4851a1d" />
    <TestEntry testId="a9fd6c4a-c16d-46a9-4408-9bdcb0c1b6a2" executionId="f38dd4ba-0ca6-47c0-9da2-5c309f904d7b" testListId="8c84fa94-04c1-424b-9868-57a2d4851a1d" />
  </TestEntries>
  <TestLists>
    <TestList name="Results Not in a List" id="8c84fa94-04c1-424b-9868-57a2d4851a1d" />
    <TestList name="All Loaded Results" id="19431567-8539-422a-85d7-44ee4e166bda" />
  </TestLists>
  <ResultSummary outcome="Completed">
    <Counters total="45" executed="45" passed="45" failed="0" error="0" timeout="0" aborted="0" inconclusive="0" passedButRunAborted="0" notRunnable="0" notExecuted="0" disconnected="0" warning="0" completed="0" inProgress="0" pending="0" />
    <Output>
      <StdOut>[xUnit.net 00:00:00.00] xUnit.net VSTest Adapter v3.1.4+50e68bbb8b (64-bit .NET 10.0.12)
[xUnit.net 00:00:00.14]   Discovering: FsusUI.Avalonia.Tests
[xUnit.net 00:00:00.26]   Discovered:  FsusUI.Avalonia.Tests
[xUnit.net 00:00:00.31]   Starting:    FsusUI.Avalonia.Tests
[xUnit.net 00:00:01.00]   Finished:    FsusUI.Avalonia.Tests
</StdOut>
    </Output>
  </ResultSummary>
</TestRun>