commit ba90d4df9b0b76e3c8cf7b4a57ceab08ded13990
tree ccbb0934d1067e2ccab5b9d595dd3b3f34546bfd
parent 8db0ac8f49749e3e5f28be5051bb3d3ed71ada71
parent 07386a74f507d9a6e28559e2f9bea90bab81a00d
author Ozwasyd <lyuaoss@gmail.com> 1791530963 +0800
committer GitHub <noreply@github.com> 1791530963 +0800
gpgsig -----BEGIN PGP SIGNATURE-----
 
 wsFcBAABCAAQBQJqyJfTCRC1aQ7uu5UhlAAAv7oQAI16vhs5iFSf4YlBFXemlIf6
 7k6K3rzrU2kqsBP4khhBSZ2D8kYbujlKoDnvnQkkSNkFkkwrj6GcP57MyYQO1d3L
 XuKfiw/fQI9r50MlwgEoFmPzU9eivZprgqxOGUlao0QE9ztVVhNCT8R0eQ2W+Icj
 qokKnhWnjcOcipBcM70PUrned2Uu3hw088G+5eF6Zv3yp97fObhNXivCvcaf2dW0
 5P8xyEByFFCPHF9YL+B3P0vEMTrmpMUZO+CMqSgdYvr5ablOCf3ulrwUs1v2Ha8j
 AZzcbxQknARZdNuenHe7IASq5thBPdwP9uwNeE2Jg+Bx+N/zr/l25mnWS6coSsem
 80gl5RYV065jzgGm0/mj4Ii7pZax1stSP2VvvF0sB9Zyimy28s8SSd1kf2X59VDr
 bpL/LTEdwPdGhvxWdYaXQM0cIqwUQpDK1qfyoxdxMQHpRWnTIx0pR+MfRzGGAVcA
 aDwM78lDbYzPfGLAZBYeEyRQHQ4nWC2C/mfZ6kXvM+79N6WCdP4/vjLir5GaFODz
 1AMR6Vn4vE/XDUm4d2EaA/OH9hWg8n8CNedgF8rhl1O06oO0BcSUfPjLHBwaTOjp
 djdbXJuqv4ZIB0tZYFEOPW4xzE3yT85vpIq6rC3v8yCKeG3L8bqnQ0Ws6vH0smip
 XQNe7VoBamOO1e/gAxsA
 =5ROR
 -----END PGP SIGNATURE-----
 

    Merge 07386a74f507d9a6e28559e2f9bea90bab81a00d into 8db0ac8f49749e3e5f28be5051bb3d3ed71ada71
