2026-10-09T07:54:16.5518860Z Current runner version: '2.337.0'
2026-10-09T07:54:16.5537335Z ##[group]Runner Image Provisioner
2026-10-09T07:54:16.5537962Z Hosted Compute Agent
2026-10-09T07:54:16.5538325Z Version: 20261002.596
2026-10-09T07:54:16.5538733Z Commit: c3d12f3313a95f25162a1503be624f3b0617f8c0
2026-10-09T07:54:16.5539210Z Build Date: 2026-10-02T22:28:27Z
2026-10-09T07:54:16.5539610Z Worker ID: {e1817112-57d8-47b1-aaa5-5b9e43051b36}
2026-10-09T07:54:16.5540015Z Region: centralus
2026-10-09T07:54:16.5540392Z Cloud: Azure
2026-10-09T07:54:16.5540774Z ##[endgroup]
2026-10-09T07:54:16.5541798Z ##[group]Operating System
2026-10-09T07:54:16.5542166Z Ubuntu
2026-10-09T07:54:16.5542472Z 24.04.5
2026-10-09T07:54:16.5542834Z LTS
2026-10-09T07:54:16.5543175Z ##[endgroup]
2026-10-09T07:54:16.5543525Z ##[group]Runner Image
2026-10-09T07:54:16.5543901Z Image: ubuntu-24.04
2026-10-09T07:54:16.5544241Z Version: 20261004.327.1
2026-10-09T07:54:16.5545070Z Included Software: https://github.com/actions/runner-images/blob/ubuntu24/20261004.327/images/ubuntu/Ubuntu2404-Readme.md
2026-10-09T07:54:16.5545958Z Image Release: https://github.com/actions/runner-images/releases/tag/ubuntu24%2F20261004.327
2026-10-09T07:54:16.5546520Z ##[endgroup]
2026-10-09T07:54:16.5547254Z ##[group]GITHUB_TOKEN Permissions
2026-10-09T07:54:16.5548471Z Contents: read
2026-10-09T07:54:16.5548832Z Metadata: read
2026-10-09T07:54:16.5549233Z Packages: read
2026-10-09T07:54:16.5549567Z ##[endgroup]
2026-10-09T07:54:16.5550913Z Secret source: Actions
2026-10-09T07:54:16.5551652Z Cache mode: write
2026-10-09T07:54:16.5552154Z Prepare workflow directory
2026-10-09T07:54:16.6105728Z Prepare all required actions
2026-10-09T07:54:16.6148706Z Getting action download info
2026-10-09T07:54:16.8860339Z Download action repository 'actions/checkout@v4' (SHA:11d5960a326750d5838078e36cf38b85af677262)
2026-10-09T07:54:17.0430172Z Download action repository 'pnpm/action-setup@v4' (SHA:b906affcce14559ad1aafd4ab0e942779e9f58b1)
2026-10-09T07:54:17.5650517Z Download action repository 'actions/setup-node@v4' (SHA:49933ea5288caeca8642d1e84afbd3f7d6820020)
2026-10-09T07:54:17.9572976Z Download action repository 'emscripten-core/setup-emsdk@v15' (SHA:667eb33f24e84e7f362c16d8d7fff0629a73e15e)
2026-10-09T07:54:18.4804231Z Download action repository 'actions/cache@v4' (SHA:0057852bfaa89a56745cba8c7296529d2fc39830)
2026-10-09T07:54:19.1283684Z Download action repository 'actions/download-artifact@v4' (SHA:d3f86a106a0bac45b974a628896c90dbdf5c8093)
2026-10-09T07:54:19.7200306Z Download action repository 'actions/upload-artifact@v4' (SHA:ea165f8d65b6e75b540449e92b4886f43607fa02)
2026-10-09T07:54:20.4656730Z Uses: Ozwasyd/FsusUI/.github/workflows/_quality-playwright.yml@refs/pull/882/merge (ba90d4df9b0b76e3c8cf7b4a57ceab08ded13990)
2026-10-09T07:54:20.4659193Z ##[group] Inputs
2026-10-09T07:54:20.4659332Z   group: pr
2026-10-09T07:54:20.4659444Z ##[endgroup]
2026-10-09T07:54:20.4659608Z Complete job name: premerge-playwright / visual-runtime-reuse
2026-10-09T07:54:20.5105096Z ##[group]Run actions/checkout@v4
2026-10-09T07:54:20.5105374Z with:
2026-10-09T07:54:20.5105500Z   repository: Ozwasyd/FsusUI
2026-10-09T07:54:20.5107045Z   token: ***
2026-10-09T07:54:20.5107159Z   ssh-strict: true
2026-10-09T07:54:20.5107278Z   ssh-user: git
2026-10-09T07:54:20.5107396Z   persist-credentials: true
2026-10-09T07:54:20.5107523Z   clean: true
2026-10-09T07:54:20.5107645Z   sparse-checkout-cone-mode: true
2026-10-09T07:54:20.5107786Z   fetch-depth: 1
2026-10-09T07:54:20.5107895Z   fetch-tags: false
2026-10-09T07:54:20.5108011Z   show-progress: true
2026-10-09T07:54:20.5108125Z   lfs: false
2026-10-09T07:54:20.5108228Z   submodules: false
2026-10-09T07:54:20.5108355Z   set-safe-directory: true
2026-10-09T07:54:20.5108494Z   allow-unsafe-pr-checkout: false
2026-10-09T07:54:20.5108693Z env:
2026-10-09T07:54:20.5108888Z   PLAYWRIGHT_BROWSERS_PATH: /home/runner/work/FsusUI/FsusUI/.tmp/playwright-browsers
2026-10-09T07:54:20.5109114Z ##[endgroup]
2026-10-09T07:54:20.5750144Z Syncing repository: Ozwasyd/FsusUI
2026-10-09T07:54:20.5751955Z ##[group]Getting Git version info
2026-10-09T07:54:20.5752171Z Working directory is '/home/runner/work/FsusUI/FsusUI'
2026-10-09T07:54:20.5752464Z [command]/usr/bin/git version
2026-10-09T07:54:20.5835749Z git version 2.55.0
2026-10-09T07:54:20.5877811Z ##[endgroup]
2026-10-09T07:54:20.5882678Z Temporarily overriding HOME='/home/runner/work/_temp/af866929-bea4-46c2-a863-957d976a36d9' before making global git config changes
2026-10-09T07:54:20.5883554Z Adding repository directory to the temporary git global config as a safe directory
2026-10-09T07:54:20.5884214Z [command]/usr/bin/git config --global --add safe.directory /home/runner/work/FsusUI/FsusUI
2026-10-09T07:54:20.5926418Z Deleting the contents of '/home/runner/work/FsusUI/FsusUI'
2026-10-09T07:54:20.5945803Z ##[group]Initializing the repository
2026-10-09T07:54:20.5949401Z [command]/usr/bin/git init /home/runner/work/FsusUI/FsusUI
2026-10-09T07:54:20.6104319Z hint: Using 'master' as the name for the initial branch. This default branch name
2026-10-09T07:54:20.6108024Z hint: will change to "main" in Git 3.0. To configure the initial branch name
2026-10-09T07:54:20.6115465Z hint: to use in all of your new repositories, which will suppress this warning,
2026-10-09T07:54:20.6115991Z hint: call:
2026-10-09T07:54:20.6116262Z hint:
2026-10-09T07:54:20.6116658Z hint: 	git config --global init.defaultBranch <name>
2026-10-09T07:54:20.6117065Z hint:
2026-10-09T07:54:20.6117431Z hint: Names commonly chosen instead of 'master' are 'main', 'trunk' and
2026-10-09T07:54:20.6118007Z hint: 'development'. The just-created branch can be renamed via this command:
2026-10-09T07:54:20.6118435Z hint:
2026-10-09T07:54:20.6118705Z hint: 	git branch -m <name>
2026-10-09T07:54:20.6119001Z hint:
2026-10-09T07:54:20.6119403Z hint: Disable this message with "git config set advice.defaultBranchName false"
2026-10-09T07:54:20.6120162Z Initialized empty Git repository in /home/runner/work/FsusUI/FsusUI/.git/
2026-10-09T07:54:20.6134317Z [command]/usr/bin/git remote add origin https://github.com/Ozwasyd/FsusUI
2026-10-09T07:54:20.6189289Z ##[endgroup]
2026-10-09T07:54:20.6194654Z ##[group]Disabling automatic garbage collection
2026-10-09T07:54:20.6195051Z [command]/usr/bin/git config --local gc.auto 0
2026-10-09T07:54:20.6225750Z ##[endgroup]
2026-10-09T07:54:20.6226111Z ##[group]Setting up auth
2026-10-09T07:54:20.6232437Z [command]/usr/bin/git config --local --name-only --get-regexp core\.sshCommand
2026-10-09T07:54:20.6263961Z [command]/usr/bin/git submodule foreach --recursive sh -c "git config --local --name-only --get-regexp 'core\.sshCommand' && git config --local --unset-all 'core.sshCommand' || :"
2026-10-09T07:54:20.6565171Z [command]/usr/bin/git config --local --name-only --get-regexp http\.https\:\/\/github\.com\/\.extraheader
2026-10-09T07:54:20.6595046Z [command]/usr/bin/git submodule foreach --recursive sh -c "git config --local --name-only --get-regexp 'http\.https\:\/\/github\.com\/\.extraheader' && git config --local --unset-all 'http.https://github.com/.extraheader' || :"
2026-10-09T07:54:20.6768050Z [command]/usr/bin/git config --local --name-only --get-regexp ^includeIf\.gitdir:
2026-10-09T07:54:20.6795680Z [command]/usr/bin/git submodule foreach --recursive git config --local --show-origin --name-only --get-regexp remote.origin.url
2026-10-09T07:54:20.6970003Z [command]/usr/bin/git config --local http.https://github.com/.extraheader AUTHORIZATION: basic ***
2026-10-09T07:54:20.7003371Z ##[endgroup]
2026-10-09T07:54:20.7003713Z ##[group]Fetching the repository
2026-10-09T07:54:20.7009640Z [command]/usr/bin/git -c protocol.version=2 fetch --no-tags --prune --no-recurse-submodules --depth=1 origin +ba90d4df9b0b76e3c8cf7b4a57ceab08ded13990:refs/remotes/pull/882/merge
2026-10-09T07:54:22.3581921Z From https://github.com/Ozwasyd/FsusUI
2026-10-09T07:54:22.3582547Z  * [new ref]         ba90d4df9b0b76e3c8cf7b4a57ceab08ded13990 -> pull/882/merge
2026-10-09T07:54:22.3584509Z ##[endgroup]
2026-10-09T07:54:22.3584908Z ##[group]Determining the checkout info
2026-10-09T07:54:22.3592022Z ##[endgroup]
2026-10-09T07:54:22.3598761Z [command]/usr/bin/git sparse-checkout disable
2026-10-09T07:54:22.3644227Z [command]/usr/bin/git config --local --unset-all extensions.worktreeConfig
2026-10-09T07:54:22.3670571Z ##[group]Checking out the ref
2026-10-09T07:54:22.3674192Z [command]/usr/bin/git checkout --progress --force refs/remotes/pull/882/merge
2026-10-09T07:54:22.6297191Z Note: switching to 'refs/remotes/pull/882/merge'.
2026-10-09T07:54:22.6297617Z 
2026-10-09T07:54:22.6297804Z You are in 'detached HEAD' state. You can look around, make experimental
2026-10-09T07:54:22.6298220Z changes and commit them, and you can discard any commits you make in this
2026-10-09T07:54:22.6298640Z state without impacting any branches by switching back to a branch.
2026-10-09T07:54:22.6298896Z 
2026-10-09T07:54:22.6299104Z If you want to create a new branch to retain commits you create, you may
2026-10-09T07:54:22.6299513Z do so (now or later) by using -c with the switch command. Example:
2026-10-09T07:54:22.6299743Z 
2026-10-09T07:54:22.6299843Z   git switch -c <new-branch-name>
2026-10-09T07:54:22.6299991Z 
2026-10-09T07:54:22.6300085Z Or undo this operation with:
2026-10-09T07:54:22.6300223Z 
2026-10-09T07:54:22.6300299Z   git switch -
2026-10-09T07:54:22.6300423Z 
2026-10-09T07:54:22.6300644Z Turn off this advice by setting config variable advice.detachedHead to false
2026-10-09T07:54:22.6300900Z 
2026-10-09T07:54:22.6301190Z HEAD is now at ba90d4d Merge 07386a74f507d9a6e28559e2f9bea90bab81a00d into 8db0ac8f49749e3e5f28be5051bb3d3ed71ada71
2026-10-09T07:54:22.6312541Z ##[endgroup]
2026-10-09T07:54:22.6359543Z [command]/usr/bin/git log -1 --format=%H
2026-10-09T07:54:22.6385138Z ba90d4df9b0b76e3c8cf7b4a57ceab08ded13990
2026-10-09T07:54:22.6561702Z ##[group]Run pnpm/action-setup@v4
2026-10-09T07:54:22.6561871Z with:
2026-10-09T07:54:22.6561985Z   version: 10.33.0
2026-10-09T07:54:22.6562102Z   dest: ~/setup-pnpm
2026-10-09T07:54:22.6562219Z   run_install: null
2026-10-09T07:54:22.6562328Z   cache: false
2026-10-09T07:54:22.6562464Z   cache_dependency_path: pnpm-lock.yaml
2026-10-09T07:54:22.6562631Z   package_json_file: package.json
2026-10-09T07:54:22.6562768Z   standalone: false
2026-10-09T07:54:22.6562879Z env:
2026-10-09T07:54:22.6563069Z   PLAYWRIGHT_BROWSERS_PATH: /home/runner/work/FsusUI/FsusUI/.tmp/playwright-browsers
2026-10-09T07:54:22.6563301Z ##[endgroup]
2026-10-09T07:54:22.7471932Z ##[group]Running self-installer...
2026-10-09T07:54:22.9924418Z (node:2107) [DEP0169] DeprecationWarning: `url.parse()` behavior is not standardized and prone to errors that have security implications. Use the WHATWG URL API instead. CVEs are not issued for `url.parse()` vulnerabilities.
2026-10-09T07:54:22.9925395Z (Use `node --trace-deprecation ...` to show where the warning was created)
2026-10-09T07:54:23.2498558Z Progress: resolved 1, reused 0, downloaded 0, added 0
2026-10-09T07:54:23.5284122Z 
2026-10-09T07:54:23.5284797Z dependencies:
2026-10-09T07:54:23.5285028Z + pnpm 10.33.0
2026-10-09T07:54:23.5285161Z 
2026-10-09T07:54:23.5374066Z Packages: +1
2026-10-09T07:54:23.5403024Z +
2026-10-09T07:54:23.5813900Z Progress: resolved 1, reused 0, downloaded 1, added 1, done
2026-10-09T07:54:23.6235192Z Done in 761ms
2026-10-09T07:54:23.6367644Z ##[endgroup]
2026-10-09T07:54:23.6382445Z Installation Completed!
2026-10-09T07:54:23.6508863Z ##[group]Run actions/setup-node@v4
2026-10-09T07:54:23.6509020Z with:
2026-10-09T07:54:23.6509137Z   node-version: 22
2026-10-09T07:54:23.6509253Z   cache: pnpm
2026-10-09T07:54:23.6509384Z   cache-dependency-path: pnpm-lock.yaml
2026-10-09T07:54:23.6509539Z   always-auth: false
2026-10-09T07:54:23.6509662Z   check-latest: false
2026-10-09T07:54:23.6511243Z   token: ***
2026-10-09T07:54:23.6511350Z env:
2026-10-09T07:54:23.6511777Z   PLAYWRIGHT_BROWSERS_PATH: /home/runner/work/FsusUI/FsusUI/.tmp/playwright-browsers
2026-10-09T07:54:23.6512048Z   PNPM_HOME: /home/runner/setup-pnpm/node_modules/.bin
2026-10-09T07:54:23.6512223Z ##[endgroup]
2026-10-09T07:54:23.7449330Z Found in cache @ /opt/hostedtoolcache/node/22.23.3/x64
2026-10-09T07:54:23.7451922Z (node:2120) [DEP0040] DeprecationWarning: The `punycode` module is deprecated. Please use a userland alternative instead.
2026-10-09T07:54:23.7452323Z (Use `node --trace-deprecation ...` to show where the warning was created)
2026-10-09T07:54:23.7454275Z ##[group]Environment details
2026-10-09T07:54:24.0436000Z node: v22.23.3
2026-10-09T07:54:24.0436255Z npm: 10.9.9
2026-10-09T07:54:24.0436425Z yarn: 1.22.22
2026-10-09T07:54:24.0437322Z ##[endgroup]
2026-10-09T07:54:24.0451568Z [command]/home/runner/setup-pnpm/node_modules/.bin/pnpm store path --silent
2026-10-09T07:54:24.2891657Z /home/runner/setup-pnpm/node_modules/.bin/store/v10
2026-10-09T07:54:24.4227313Z Cache hit for: node-cache-Linux-x64-pnpm-6488f186c6e4d670f8d817ffdc3198dfda2e2a93c1c69fad45acdcee91a9fe09
2026-10-09T07:54:24.4296574Z (node:2120) [DEP0169] DeprecationWarning: `url.parse()` behavior is not standardized and prone to errors that have security implications. Use the WHATWG URL API instead. CVEs are not issued for `url.parse()` vulnerabilities.
2026-10-09T07:54:25.5602683Z Received 121634816 of 222137478 (54.8%), 115.8 MBs/sec
2026-10-09T07:54:26.2834885Z Received 222137478 of 222137478 (100.0%), 122.7 MBs/sec
2026-10-09T07:54:26.2835280Z Cache Size: ~212 MB (222137478 B)
2026-10-09T07:54:26.2880987Z [command]/usr/bin/tar -xf /home/runner/work/_temp/81c1cfd4-268f-44dc-9c39-9e1240b3a2f7/cache.tzst -P -C /home/runner/work/FsusUI/FsusUI --use-compress-program unzstd
2026-10-09T07:54:27.9689563Z Cache restored successfully
2026-10-09T07:54:27.9782038Z Cache restored from key: node-cache-Linux-x64-pnpm-6488f186c6e4d670f8d817ffdc3198dfda2e2a93c1c69fad45acdcee91a9fe09
2026-10-09T07:54:27.9993135Z ##[group]Run emscripten-core/setup-emsdk@v15
2026-10-09T07:54:27.9993332Z with:
2026-10-09T07:54:27.9993463Z   version: 5.0.4
2026-10-09T07:54:27.9993599Z   actions-cache-folder: emsdk-cache
2026-10-09T07:54:27.9993762Z   no-install: false
2026-10-09T07:54:27.9993896Z   no-cache: false
2026-10-09T07:54:27.9994043Z   update: false
2026-10-09T07:54:27.9994183Z   update-tags: false
2026-10-09T07:54:27.9994317Z env:
2026-10-09T07:54:27.9994532Z   PLAYWRIGHT_BROWSERS_PATH: /home/runner/work/FsusUI/FsusUI/.tmp/playwright-browsers
2026-10-09T07:54:27.9994821Z   PNPM_HOME: /home/runner/setup-pnpm/node_modules/.bin
2026-10-09T07:54:27.9995005Z ##[endgroup]
2026-10-09T07:54:28.2192596Z Cache hit for: Quality Gates-5.0.4-linux-x64
2026-10-09T07:54:29.3595771Z Received 134217728 of 531478605 (25.3%), 127.4 MBs/sec
2026-10-09T07:54:30.3637345Z Received 301989888 of 531478605 (56.8%), 143.6 MBs/sec
2026-10-09T07:54:31.3598251Z Received 524288000 of 531478605 (98.6%), 166.4 MBs/sec
2026-10-09T07:54:31.4179826Z Received 531478605 of 531478605 (100.0%), 165.5 MBs/sec
2026-10-09T07:54:31.4180802Z Cache Size: ~507 MB (531478605 B)
2026-10-09T07:54:31.4208445Z [command]/usr/bin/tar -xf /home/runner/work/_temp/28b7e176-d58e-4a69-9251-dfee7102c729/cache.tzst -P -C /home/runner/work/FsusUI/FsusUI --use-compress-program unzstd
2026-10-09T07:54:38.3344825Z Cache restored successfully
2026-10-09T07:54:38.3595719Z [command]/home/runner/work/FsusUI/FsusUI/emsdk-cache/emsdk-main/emsdk activate 5.0.4
2026-10-09T07:54:38.4600561Z Resolving SDK version '5.0.4' to 'sdk-releases-54d45123d7ad4aa96ce57e74a1f3f9d1c54e6402-64bit'
2026-10-09T07:54:38.4601151Z Setting the following tools as active:
2026-10-09T07:54:38.4601589Z    node-22.16.0-64bit
2026-10-09T07:54:38.4601922Z    releases-54d45123d7ad4aa96ce57e74a1f3f9d1c54e6402-64bit
2026-10-09T07:54:38.4602160Z 
2026-10-09T07:54:38.4602250Z Next steps:
2026-10-09T07:54:38.4602568Z - To conveniently access emsdk tools from the command line,
2026-10-09T07:54:38.4603049Z   consider adding the following directories to your PATH:
2026-10-09T07:54:38.4603448Z     /home/runner/work/FsusUI/FsusUI/emsdk-cache/emsdk-main
2026-10-09T07:54:38.4603908Z     /home/runner/work/FsusUI/FsusUI/emsdk-cache/emsdk-main/upstream/emscripten
2026-10-09T07:54:38.4604380Z - This can be done for the current shell by running:
2026-10-09T07:54:38.4605123Z     source "/home/runner/work/FsusUI/FsusUI/emsdk-cache/emsdk-main/emsdk_env.sh"
2026-10-09T07:54:38.4605631Z - Configure emsdk in your shell startup scripts by running:
2026-10-09T07:54:38.4606186Z     echo 'source "/home/runner/work/FsusUI/FsusUI/emsdk-cache/emsdk-main/emsdk_env.sh"' >> $HOME/.bash_profile
2026-10-09T07:54:38.4665387Z [command]/home/runner/work/FsusUI/FsusUI/emsdk-cache/emsdk-main/emsdk construct_env
2026-10-09T07:54:38.5400263Z Setting up EMSDK environment (suppress these messages with EMSDK_QUIET=1)
2026-10-09T07:54:38.5400723Z Adding directories to PATH:
2026-10-09T07:54:38.5401131Z PATH += /home/runner/work/FsusUI/FsusUI/emsdk-cache/emsdk-main
2026-10-09T07:54:38.5402035Z PATH += /home/runner/work/FsusUI/FsusUI/emsdk-cache/emsdk-main/upstream/emscripten
2026-10-09T07:54:38.5402340Z 
2026-10-09T07:54:38.5406542Z Setting environment variables:
2026-10-09T07:54:38.5408717Z PATH = /home/runner/work/FsusUI/FsusUI/emsdk-cache/emsdk-main:/home/runner/work/FsusUI/FsusUI/emsdk-cache/emsdk-main/upstream/emscripten:/opt/hostedtoolcache/node/22.23.3/x64/bin:/home/runner/setup-pnpm/node_modules/.bin:/snap/bin:/home/runner/.local/bin:/opt/pipx_bin:/home/runner/.cargo/bin:/home/runner/.config/composer/vendor/bin:/usr/local/.ghcup/bin:/home/runner/.dotnet/tools:/usr/local/sbin:/usr/local/bin:/usr/sbin:/usr/bin:/sbin:/bin:/usr/games:/usr/local/games
2026-10-09T07:54:38.5410722Z EMSDK = /home/runner/work/FsusUI/FsusUI/emsdk-cache/emsdk-main
2026-10-09T07:54:38.5411665Z EMSDK_NODE = /home/runner/work/FsusUI/FsusUI/emsdk-cache/emsdk-main/node/22.16.0_64bit/bin/node
2026-10-09T07:54:38.5414199Z export PATH="/home/runner/work/FsusUI/FsusUI/emsdk-cache/emsdk-main:/home/runner/work/FsusUI/FsusUI/emsdk-cache/emsdk-main/upstream/emscripten:/opt/hostedtoolcache/node/22.23.3/x64/bin:/home/runner/setup-pnpm/node_modules/.bin:/snap/bin:/home/runner/.local/bin:/opt/pipx_bin:/home/runner/.cargo/bin:/home/runner/.config/composer/vendor/bin:/usr/local/.ghcup/bin:/home/runner/.dotnet/tools:/usr/local/sbin:/usr/local/bin:/usr/sbin:/usr/bin:/sbin:/bin:/usr/games:/usr/local/games";
2026-10-09T07:54:38.5416146Z export EMSDK="/home/runner/work/FsusUI/FsusUI/emsdk-cache/emsdk-main";
2026-10-09T07:54:38.5416943Z export EMSDK_NODE="/home/runner/work/FsusUI/FsusUI/emsdk-cache/emsdk-main/node/22.16.0_64bit/bin/node";
2026-10-09T07:54:38.5687452Z ##[group]Run pnpm install --frozen-lockfile
2026-10-09T07:54:38.5687706Z [36;1mpnpm install --frozen-lockfile[0m
2026-10-09T07:54:38.6135496Z shell: /usr/bin/bash -e {0}
2026-10-09T07:54:38.6135716Z env:
2026-10-09T07:54:38.6136023Z   PLAYWRIGHT_BROWSERS_PATH: /home/runner/work/FsusUI/FsusUI/.tmp/playwright-browsers
2026-10-09T07:54:38.6136455Z   PNPM_HOME: /home/runner/setup-pnpm/node_modules/.bin
2026-10-09T07:54:38.6137991Z   PATH: /home/runner/work/FsusUI/FsusUI/emsdk-cache/emsdk-main:/home/runner/work/FsusUI/FsusUI/emsdk-cache/emsdk-main/upstream/emscripten:/opt/hostedtoolcache/node/22.23.3/x64/bin:/home/runner/setup-pnpm/node_modules/.bin:/snap/bin:/home/runner/.local/bin:/opt/pipx_bin:/home/runner/.cargo/bin:/home/runner/.config/composer/vendor/bin:/usr/local/.ghcup/bin:/home/runner/.dotnet/tools:/usr/local/sbin:/usr/local/bin:/usr/sbin:/usr/bin:/sbin:/bin:/usr/games:/usr/local/games
2026-10-09T07:54:38.6139606Z   EMSDK: /home/runner/work/FsusUI/FsusUI/emsdk-cache/emsdk-main
2026-10-09T07:54:38.6140039Z   EMSDK_NODE: /home/runner/work/FsusUI/FsusUI/emsdk-cache/emsdk-main/node/22.16.0_64bit/bin/node
2026-10-09T07:54:38.6140432Z ##[endgroup]
2026-10-09T07:54:38.8282768Z Scope: all 20 workspace projects
2026-10-09T07:54:38.8872858Z Lockfile is up to date, resolution step is skipped
2026-10-09T07:54:39.0762782Z Packages: +1697
2026-10-09T07:54:39.0775706Z ++++++++++++++++++++++++++++++++++++++++++++++++++++++++++++++++++++++++++++++++
2026-10-09T07:54:39.0969747Z Progress: resolved 0, reused 1, downloaded 0, added 0
2026-10-09T07:54:40.0974513Z Progress: resolved 0, reused 1547, downloaded 0, added 795
2026-10-09T07:54:40.9116801Z Progress: resolved 0, reused 1547, downloaded 0, added 1697, done
2026-10-09T07:54:41.3421048Z 
2026-10-09T07:54:41.3421761Z dependencies:
2026-10-09T07:54:41.3422235Z + @element-plus/components 0.0.5 <- vue/packages/components
2026-10-09T07:54:41.3422656Z + @element-plus/constants <- vue/packages/constants
2026-10-09T07:54:41.3423090Z + @element-plus/directives 0.0.5 <- vue/packages/directives
2026-10-09T07:54:41.3423466Z + @element-plus/hooks 0.0.5 <- vue/packages/hooks
2026-10-09T07:54:41.3423842Z + @element-plus/icons-vue 2.3.2 <- vue/packages/icons-vue
2026-10-09T07:54:41.3424209Z + @element-plus/locale 0.0.5 <- vue/packages/locale
2026-10-09T07:54:41.3424596Z + @element-plus/test-utils 0.0.5 <- vue/packages/test-utils
2026-10-09T07:54:41.3425009Z + @element-plus/theme-chalk 0.1.0 <- vue/packages/theme-chalk
2026-10-09T07:54:41.3425377Z + @element-plus/utils <- vue/packages/utils
2026-10-09T07:54:41.3425700Z + @element-plus/wasm 1.0.0 <- vue/packages/wasm
2026-10-09T07:54:41.3425886Z 
2026-10-09T07:54:41.3425976Z devDependencies:
2026-10-09T07:54:41.3426259Z + @element-plus/build 0.0.1 <- vue/internal/build
2026-10-09T07:54:41.3426647Z + @element-plus/build-utils 0.0.1 <- vue/internal/build-utils
2026-10-09T07:54:41.3427107Z + @element-plus/eslint-config 0.0.1 <- vue/internal/eslint-config
2026-10-09T07:54:41.3427533Z + @element-plus/icons-svg 2.3.2 <- vue/packages/icons-svg
2026-10-09T07:54:41.3427743Z 
2026-10-09T07:54:41.4625190Z . postinstall$ pnpm stub
2026-10-09T07:54:41.6274894Z . postinstall: > @ stub /home/runner/work/FsusUI/FsusUI
2026-10-09T07:54:41.6280399Z . postinstall: > node ./scripts/with-node-heap.mjs pnpm run -r --parallel stub
2026-10-09T07:54:41.9468023Z . postinstall: Scope: 19 of 20 workspace projects
2026-10-09T07:54:41.9482362Z . postinstall: vue/internal/build stub$ unbuild --stub
2026-10-09T07:54:41.9483056Z . postinstall: vue/internal/build-constants stub$ node ../../../scripts/with-node-heap.mjs unbuild --stub
2026-10-09T07:54:41.9485147Z . postinstall: vue/internal/build-utils stub$ node ../../../scripts/with-node-heap.mjs unbuild --stub
2026-10-09T07:54:41.9492434Z . postinstall: vue/packages/wasm stub$ node ../../../scripts/with-node-heap.mjs unbuild --stub
2026-10-09T07:54:42.8633380Z . postinstall: vue/internal/build-constants stub: Browserslist: browsers data (caniuse-lite) is 7 months old. Please run:
2026-10-09T07:54:42.8635375Z . postinstall: vue/internal/build-constants stub:   npx update-browserslist-db@latest
2026-10-09T07:54:42.8663057Z . postinstall: vue/internal/build-constants stub:   Why you should do it regularly: https://github.com/browserslist/update-db#readme
2026-10-09T07:54:42.8692716Z . postinstall: vue/internal/build stub: Browserslist: browsers data (caniuse-lite) is 7 months old. Please run:
2026-10-09T07:54:42.8722679Z . postinstall: vue/internal/build stub:   npx update-browserslist-db@latest
2026-10-09T07:54:42.8723754Z . postinstall: vue/internal/build stub:   Why you should do it regularly: https://github.com/browserslist/update-db#readme
2026-10-09T07:54:42.8752893Z . postinstall: vue/internal/build-utils stub: Browserslist: browsers data (caniuse-lite) is 7 months old. Please run:
2026-10-09T07:54:42.8782826Z . postinstall: vue/internal/build-utils stub:   npx update-browserslist-db@latest
2026-10-09T07:54:42.8812913Z . postinstall: vue/internal/build-utils stub:   Why you should do it regularly: https://github.com/browserslist/update-db#readme
2026-10-09T07:54:42.8979419Z . postinstall: vue/packages/wasm stub: Browserslist: browsers data (caniuse-lite) is 7 months old. Please run:
2026-10-09T07:54:42.8992452Z . postinstall: vue/packages/wasm stub:   npx update-browserslist-db@latest
2026-10-09T07:54:42.9022685Z . postinstall: vue/packages/wasm stub:   Why you should do it regularly: https://github.com/browserslist/update-db#readme
2026-10-09T07:54:43.2266916Z . postinstall: vue/internal/build stub: [info] [36mStubbing build[39m
2026-10-09T07:54:43.2322906Z . postinstall: vue/internal/build stub: [info] Cleaning dist directory: `./dist`
2026-10-09T07:54:43.2413299Z . postinstall: vue/internal/build-constants stub: [info] [36mStubbing build-constants[39m
2026-10-09T07:54:43.2414729Z . postinstall: vue/internal/build-constants stub: [info] Cleaning dist directory: `./dist`
2026-10-09T07:54:43.2473177Z . postinstall: vue/internal/build-utils stub: [info] [36mStubbing build-utils[39m
2026-10-09T07:54:43.2508086Z . postinstall: vue/internal/build-utils stub: [info] Cleaning dist directory: `./dist`
2026-10-09T07:54:43.3203383Z . postinstall: vue/packages/wasm stub: [info] [36mStubbing wasm[39m
2026-10-09T07:54:43.3588510Z . postinstall: vue/internal/build-constants stub: Done
2026-10-09T07:54:43.3588823Z . postinstall: vue/internal/build stub: Done
2026-10-09T07:54:43.3602801Z . postinstall: vue/internal/build-utils stub: Done
2026-10-09T07:54:43.3988962Z . postinstall: vue/packages/wasm stub: Done
2026-10-09T07:54:43.4184451Z . postinstall: Done
2026-10-09T07:54:43.4187765Z . prepare$ husky
2026-10-09T07:54:43.4500092Z . prepare: Done
2026-10-09T07:54:43.4519681Z ╭ Warning ─────────────────────────────────────────────────────────────────────╮
2026-10-09T07:54:43.4520299Z │                                                                              │
2026-10-09T07:54:43.4520860Z │   Ignored build scripts: @parcel/watcher@2.5.6, esbuild@0.18.20,             │
2026-10-09T07:54:43.4521645Z │   esbuild@0.25.12, esbuild@0.27.7, esbuild@0.28.0.                           │
2026-10-09T07:54:43.4522234Z │   Run "pnpm approve-builds" to pick which dependencies should be allowed     │
2026-10-09T07:54:43.4522799Z │   to run scripts.                                                            │
2026-10-09T07:54:43.4523274Z │                                                                              │
2026-10-09T07:54:43.4523780Z ╰──────────────────────────────────────────────────────────────────────────────╯
2026-10-09T07:54:43.4702520Z Done in 4.8s using pnpm v10.33.0
2026-10-09T07:54:43.5357324Z ##[group]Run actions/cache@v4
2026-10-09T07:54:43.5357481Z with:
2026-10-09T07:54:43.5357608Z   path: .tmp/playwright-browsers
2026-10-09T07:54:43.5357919Z   key: Linux-playwright-chromium-791f9120f08141036bec66ee7f70abb878a23c771f035a63e9b5dd6b3f153594
2026-10-09T07:54:43.5358214Z   enableCrossOsArchive: false
2026-10-09T07:54:43.5358358Z   fail-on-cache-miss: false
2026-10-09T07:54:43.5358493Z   lookup-only: false
2026-10-09T07:54:43.5358622Z   save-always: false
2026-10-09T07:54:43.5358738Z env:
2026-10-09T07:54:43.5358928Z   PLAYWRIGHT_BROWSERS_PATH: /home/runner/work/FsusUI/FsusUI/.tmp/playwright-browsers
2026-10-09T07:54:43.5359188Z   PNPM_HOME: /home/runner/setup-pnpm/node_modules/.bin
2026-10-09T07:54:43.5360127Z   PATH: /home/runner/work/FsusUI/FsusUI/emsdk-cache/emsdk-main:/home/runner/work/FsusUI/FsusUI/emsdk-cache/emsdk-main/upstream/emscripten:/opt/hostedtoolcache/node/22.23.3/x64/bin:/home/runner/setup-pnpm/node_modules/.bin:/snap/bin:/home/runner/.local/bin:/opt/pipx_bin:/home/runner/.cargo/bin:/home/runner/.config/composer/vendor/bin:/usr/local/.ghcup/bin:/home/runner/.dotnet/tools:/usr/local/sbin:/usr/local/bin:/usr/sbin:/usr/bin:/sbin:/bin:/usr/games:/usr/local/games
2026-10-09T07:54:43.5361053Z   EMSDK: /home/runner/work/FsusUI/FsusUI/emsdk-cache/emsdk-main
2026-10-09T07:54:43.5361343Z   EMSDK_NODE: /home/runner/work/FsusUI/FsusUI/emsdk-cache/emsdk-main/node/22.16.0_64bit/bin/node
2026-10-09T07:54:43.5361791Z ##[endgroup]
2026-10-09T07:54:43.6084146Z (node:2331) [DEP0040] DeprecationWarning: The `punycode` module is deprecated. Please use a userland alternative instead.
2026-10-09T07:54:43.6084653Z (Use `node --trace-deprecation ...` to show where the warning was created)
2026-10-09T07:54:43.7540610Z Cache not found for input keys: Linux-playwright-chromium-791f9120f08141036bec66ee7f70abb878a23c771f035a63e9b5dd6b3f153594
2026-10-09T07:54:43.9270687Z ##[group]Run actions/cache@v4
2026-10-09T07:54:43.9270849Z with:
2026-10-09T07:54:43.9270978Z   path: vue/packages/icons-vue/dist
2026-10-09T07:54:43.9271306Z   key: Linux-fsusui-test-artifacts-icons-ca973adedbfae2d959cd5814052293a2707667114d5eeda9610a68f1fe53e468
2026-10-09T07:54:43.9272024Z   restore-keys: Linux-fsusui-test-artifacts-icons-

2026-10-09T07:54:43.9272218Z   enableCrossOsArchive: false
2026-10-09T07:54:43.9272364Z   fail-on-cache-miss: false
2026-10-09T07:54:43.9272506Z   lookup-only: false
2026-10-09T07:54:43.9272630Z   save-always: false
2026-10-09T07:54:43.9272753Z env:
2026-10-09T07:54:43.9272948Z   PLAYWRIGHT_BROWSERS_PATH: /home/runner/work/FsusUI/FsusUI/.tmp/playwright-browsers
2026-10-09T07:54:43.9273210Z   PNPM_HOME: /home/runner/setup-pnpm/node_modules/.bin
2026-10-09T07:54:43.9274183Z   PATH: /home/runner/work/FsusUI/FsusUI/emsdk-cache/emsdk-main:/home/runner/work/FsusUI/FsusUI/emsdk-cache/emsdk-main/upstream/emscripten:/opt/hostedtoolcache/node/22.23.3/x64/bin:/home/runner/setup-pnpm/node_modules/.bin:/snap/bin:/home/runner/.local/bin:/opt/pipx_bin:/home/runner/.cargo/bin:/home/runner/.config/composer/vendor/bin:/usr/local/.ghcup/bin:/home/runner/.dotnet/tools:/usr/local/sbin:/usr/local/bin:/usr/sbin:/usr/bin:/sbin:/bin:/usr/games:/usr/local/games
2026-10-09T07:54:43.9275121Z   EMSDK: /home/runner/work/FsusUI/FsusUI/emsdk-cache/emsdk-main
2026-10-09T07:54:43.9275413Z   EMSDK_NODE: /home/runner/work/FsusUI/FsusUI/emsdk-cache/emsdk-main/node/22.16.0_64bit/bin/node
2026-10-09T07:54:43.9275656Z ##[endgroup]
2026-10-09T07:54:44.0030803Z (node:2355) [DEP0040] DeprecationWarning: The `punycode` module is deprecated. Please use a userland alternative instead.
2026-10-09T07:54:44.0031680Z (Use `node --trace-deprecation ...` to show where the warning was created)
2026-10-09T07:54:44.1209594Z Cache hit for: Linux-fsusui-test-artifacts-icons-ca973adedbfae2d959cd5814052293a2707667114d5eeda9610a68f1fe53e468
2026-10-09T07:54:44.1273674Z (node:2355) [DEP0169] DeprecationWarning: `url.parse()` behavior is not standardized and prone to errors that have security implications. Use the WHATWG URL API instead. CVEs are not issued for `url.parse()` vulnerabilities.
2026-10-09T07:54:44.3579821Z Received 104386 of 104386 (100.0%), 1.2 MBs/sec
2026-10-09T07:54:44.3580172Z Cache Size: ~0 MB (104386 B)
2026-10-09T07:54:44.3598242Z [command]/usr/bin/tar -xf /home/runner/work/_temp/2a4f9ab8-5fc1-4d50-8677-ccf7688ab6fe/cache.tzst -P -C /home/runner/work/FsusUI/FsusUI --use-compress-program unzstd
2026-10-09T07:54:44.3751038Z Cache restored successfully
2026-10-09T07:54:44.3801005Z Cache restored from key: Linux-fsusui-test-artifacts-icons-ca973adedbfae2d959cd5814052293a2707667114d5eeda9610a68f1fe53e468
2026-10-09T07:54:44.4816766Z ##[group]Run actions/cache@v4
2026-10-09T07:54:44.4816931Z with:
2026-10-09T07:54:44.4817056Z   path: vue/packages/wasm/dist
2026-10-09T07:54:44.4817380Z   key: Linux-fsusui-test-artifacts-wasm-bb3f82e823bb57bd28bd3015042d8ee3cc0ccfd58ccc5ff2f93a2fd4eb7d2733
2026-10-09T07:54:44.4817734Z   restore-keys: Linux-fsusui-test-artifacts-wasm-

2026-10-09T07:54:44.4817934Z   enableCrossOsArchive: false
2026-10-09T07:54:44.4818086Z   fail-on-cache-miss: false
2026-10-09T07:54:44.4818225Z   lookup-only: false
2026-10-09T07:54:44.4818355Z   save-always: false
2026-10-09T07:54:44.4818490Z env:
2026-10-09T07:54:44.4818695Z   PLAYWRIGHT_BROWSERS_PATH: /home/runner/work/FsusUI/FsusUI/.tmp/playwright-browsers
2026-10-09T07:54:44.4818972Z   PNPM_HOME: /home/runner/setup-pnpm/node_modules/.bin
2026-10-09T07:54:44.4819947Z   PATH: /home/runner/work/FsusUI/FsusUI/emsdk-cache/emsdk-main:/home/runner/work/FsusUI/FsusUI/emsdk-cache/emsdk-main/upstream/emscripten:/opt/hostedtoolcache/node/22.23.3/x64/bin:/home/runner/setup-pnpm/node_modules/.bin:/snap/bin:/home/runner/.local/bin:/opt/pipx_bin:/home/runner/.cargo/bin:/home/runner/.config/composer/vendor/bin:/usr/local/.ghcup/bin:/home/runner/.dotnet/tools:/usr/local/sbin:/usr/local/bin:/usr/sbin:/usr/bin:/sbin:/bin:/usr/games:/usr/local/games
2026-10-09T07:54:44.4820900Z   EMSDK: /home/runner/work/FsusUI/FsusUI/emsdk-cache/emsdk-main
2026-10-09T07:54:44.4821201Z   EMSDK_NODE: /home/runner/work/FsusUI/FsusUI/emsdk-cache/emsdk-main/node/22.16.0_64bit/bin/node
2026-10-09T07:54:44.4821580Z ##[endgroup]
2026-10-09T07:54:44.5521212Z (node:2383) [DEP0040] DeprecationWarning: The `punycode` module is deprecated. Please use a userland alternative instead.
2026-10-09T07:54:44.5522086Z (Use `node --trace-deprecation ...` to show where the warning was created)
2026-10-09T07:54:44.6930155Z Cache hit for: Linux-fsusui-test-artifacts-wasm-bb3f82e823bb57bd28bd3015042d8ee3cc0ccfd58ccc5ff2f93a2fd4eb7d2733
2026-10-09T07:54:44.6996424Z (node:2383) [DEP0169] DeprecationWarning: `url.parse()` behavior is not standardized and prone to errors that have security implications. Use the WHATWG URL API instead. CVEs are not issued for `url.parse()` vulnerabilities.
2026-10-09T07:54:44.8815084Z Received 3256 of 3256 (100.0%), 0.1 MBs/sec
2026-10-09T07:54:44.8815518Z Cache Size: ~0 MB (3256 B)
2026-10-09T07:54:44.8832823Z [command]/usr/bin/tar -xf /home/runner/work/_temp/67f59a84-d378-46a5-b888-3c1c19ac5273/cache.tzst -P -C /home/runner/work/FsusUI/FsusUI --use-compress-program unzstd
2026-10-09T07:54:44.8879655Z Cache restored successfully
2026-10-09T07:54:44.8960761Z Cache restored from key: Linux-fsusui-test-artifacts-wasm-bb3f82e823bb57bd28bd3015042d8ee3cc0ccfd58ccc5ff2f93a2fd4eb7d2733
2026-10-09T07:54:44.9068066Z ##[group]Run echo "icons-cache-hit=true"
2026-10-09T07:54:44.9068419Z [36;1mecho "icons-cache-hit=true"[0m
2026-10-09T07:54:44.9068684Z [36;1mecho "wasm-cache-hit=true"[0m
2026-10-09T07:54:44.9135237Z shell: /usr/bin/bash -e {0}
2026-10-09T07:54:44.9135423Z env:
2026-10-09T07:54:44.9135651Z   PLAYWRIGHT_BROWSERS_PATH: /home/runner/work/FsusUI/FsusUI/.tmp/playwright-browsers
2026-10-09T07:54:44.9135941Z   PNPM_HOME: /home/runner/setup-pnpm/node_modules/.bin
2026-10-09T07:54:44.9136905Z   PATH: /home/runner/work/FsusUI/FsusUI/emsdk-cache/emsdk-main:/home/runner/work/FsusUI/FsusUI/emsdk-cache/emsdk-main/upstream/emscripten:/opt/hostedtoolcache/node/22.23.3/x64/bin:/home/runner/setup-pnpm/node_modules/.bin:/snap/bin:/home/runner/.local/bin:/opt/pipx_bin:/home/runner/.cargo/bin:/home/runner/.config/composer/vendor/bin:/usr/local/.ghcup/bin:/home/runner/.dotnet/tools:/usr/local/sbin:/usr/local/bin:/usr/sbin:/usr/bin:/sbin:/bin:/usr/games:/usr/local/games
2026-10-09T07:54:44.9137933Z   EMSDK: /home/runner/work/FsusUI/FsusUI/emsdk-cache/emsdk-main
2026-10-09T07:54:44.9138243Z   EMSDK_NODE: /home/runner/work/FsusUI/FsusUI/emsdk-cache/emsdk-main/node/22.16.0_64bit/bin/node
2026-10-09T07:54:44.9138509Z ##[endgroup]
2026-10-09T07:54:44.9302766Z icons-cache-hit=true
2026-10-09T07:54:44.9303058Z wasm-cache-hit=true
2026-10-09T07:54:44.9380613Z ##[group]Run pnpm exec playwright install --with-deps chromium
2026-10-09T07:54:44.9380920Z [36;1mpnpm exec playwright install --with-deps chromium[0m
2026-10-09T07:54:44.9433222Z shell: /usr/bin/bash -e {0}
2026-10-09T07:54:44.9433386Z env:
2026-10-09T07:54:44.9433607Z   PLAYWRIGHT_BROWSERS_PATH: /home/runner/work/FsusUI/FsusUI/.tmp/playwright-browsers
2026-10-09T07:54:44.9433897Z   PNPM_HOME: /home/runner/setup-pnpm/node_modules/.bin
2026-10-09T07:54:44.9434848Z   PATH: /home/runner/work/FsusUI/FsusUI/emsdk-cache/emsdk-main:/home/runner/work/FsusUI/FsusUI/emsdk-cache/emsdk-main/upstream/emscripten:/opt/hostedtoolcache/node/22.23.3/x64/bin:/home/runner/setup-pnpm/node_modules/.bin:/snap/bin:/home/runner/.local/bin:/opt/pipx_bin:/home/runner/.cargo/bin:/home/runner/.config/composer/vendor/bin:/usr/local/.ghcup/bin:/home/runner/.dotnet/tools:/usr/local/sbin:/usr/local/bin:/usr/sbin:/usr/bin:/sbin:/bin:/usr/games:/usr/local/games
2026-10-09T07:54:44.9435871Z   EMSDK: /home/runner/work/FsusUI/FsusUI/emsdk-cache/emsdk-main
2026-10-09T07:54:44.9436200Z   EMSDK_NODE: /home/runner/work/FsusUI/FsusUI/emsdk-cache/emsdk-main/node/22.16.0_64bit/bin/node
2026-10-09T07:54:44.9436460Z ##[endgroup]
2026-10-09T07:54:45.2808974Z Installing dependencies...
2026-10-09T07:54:45.2864592Z Switching to root user to install dependencies...
2026-10-09T07:54:45.4205757Z Get:1 file:/etc/apt/apt-mirrors.txt Mirrorlist [144 B]
2026-10-09T07:54:45.4433000Z Get:6 https://packages.microsoft.com/ubuntu/24.04/prod noble InRelease [3600 B]
2026-10-09T07:54:45.4856406Z Hit:2 http://azure.archive.ubuntu.com/ubuntu noble InRelease
2026-10-09T07:54:45.4869767Z Get:3 http://azure.archive.ubuntu.com/ubuntu noble-updates InRelease [126 kB]
2026-10-09T07:54:45.5247869Z Get:4 http://azure.archive.ubuntu.com/ubuntu noble-backports InRelease [126 kB]
2026-10-09T07:54:45.5332532Z Get:5 http://azure.archive.ubuntu.com/ubuntu noble-security InRelease [126 kB]
2026-10-09T07:54:45.5913063Z Get:7 https://packages.microsoft.com/ubuntu/24.04/prod noble/main armhf Packages [12.3 kB]
2026-10-09T07:54:45.6605499Z Get:8 https://packages.microsoft.com/ubuntu/24.04/prod noble/main arm64 Packages [475 kB]
2026-10-09T07:54:45.6960488Z Get:9 http://azure.archive.ubuntu.com/ubuntu noble-updates/main amd64 Packages [1375 kB]
2026-10-09T07:54:45.7023591Z Get:17 https://packages.microsoft.com/ubuntu/24.04/prod noble/main amd64 Packages [531 kB]
2026-10-09T07:54:45.7493739Z Get:10 http://azure.archive.ubuntu.com/ubuntu noble-updates/main Translation-en [306 kB]
2026-10-09T07:54:45.7523288Z Get:11 http://azure.archive.ubuntu.com/ubuntu noble-updates/universe amd64 Packages [1702 kB]
2026-10-09T07:54:45.7524274Z Get:18 https://packages.microsoft.com/ubuntu/24.04/prod noble/main all Packages [640 B]
2026-10-09T07:54:45.8673633Z Get:12 http://azure.archive.ubuntu.com/ubuntu noble-updates/universe Translation-en [342 kB]
2026-10-09T07:54:45.9196265Z Get:13 http://azure.archive.ubuntu.com/ubuntu noble-updates/restricted amd64 Packages [1761 kB]
2026-10-09T07:54:45.9971035Z Get:14 http://azure.archive.ubuntu.com/ubuntu noble-updates/restricted Translation-en [401 kB]
2026-10-09T07:54:46.0052674Z Get:15 http://azure.archive.ubuntu.com/ubuntu noble-updates/multiverse amd64 Packages [55.0 kB]
2026-10-09T07:54:46.0065398Z Get:16 http://azure.archive.ubuntu.com/ubuntu noble-updates/multiverse Translation-en [14.3 kB]
2026-10-09T07:54:46.0076347Z Get:19 http://azure.archive.ubuntu.com/ubuntu noble-security/main amd64 Packages [1118 kB]
2026-10-09T07:54:46.0168526Z Get:20 http://azure.archive.ubuntu.com/ubuntu noble-security/main Translation-en [228 kB]
2026-10-09T07:54:46.0626810Z Get:21 http://azure.archive.ubuntu.com/ubuntu noble-security/universe amd64 Packages [1220 kB]
2026-10-09T07:54:46.0679898Z Get:22 http://azure.archive.ubuntu.com/ubuntu noble-security/universe Translation-en [245 kB]
2026-10-09T07:54:46.0766393Z Get:23 http://azure.archive.ubuntu.com/ubuntu noble-security/restricted amd64 Packages [1667 kB]
2026-10-09T07:54:46.0967547Z Get:24 http://azure.archive.ubuntu.com/ubuntu noble-security/restricted Translation-en [383 kB]
2026-10-09T07:54:46.1050594Z Get:25 http://azure.archive.ubuntu.com/ubuntu noble-security/multiverse amd64 Packages [49.8 kB]
2026-10-09T07:54:46.1182370Z Get:26 http://azure.archive.ubuntu.com/ubuntu noble-security/multiverse Translation-en [12.4 kB]
2026-10-09T07:54:54.8203774Z Fetched 12.3 MB in 1s (10.6 MB/s)
2026-10-09T07:54:55.3716853Z Reading package lists...
2026-10-09T07:54:55.3899648Z Reading package lists...
2026-10-09T07:54:55.5625005Z Building dependency tree...
2026-10-09T07:54:55.5630222Z Reading state information...
2026-10-09T07:54:55.6898715Z libasound2t64 is already the newest version (1.2.11-1ubuntu0.3).
2026-10-09T07:54:55.6899285Z libasound2t64 set to manually installed.
2026-10-09T07:54:55.6899804Z libatk-bridge2.0-0t64 is already the newest version (2.52.0-1build1).
2026-10-09T07:54:55.6900328Z libatk-bridge2.0-0t64 set to manually installed.
2026-10-09T07:54:55.6900816Z libatk1.0-0t64 is already the newest version (2.52.0-1build1).
2026-10-09T07:54:55.6901150Z libatk1.0-0t64 set to manually installed.
2026-10-09T07:54:55.6901651Z libatspi2.0-0t64 is already the newest version (2.52.0-1build1).
2026-10-09T07:54:55.6901991Z libatspi2.0-0t64 set to manually installed.
2026-10-09T07:54:55.6902261Z libcairo2 is already the newest version (1.18.0-3build1).
2026-10-09T07:54:55.6902479Z libcairo2 set to manually installed.
2026-10-09T07:54:55.6902713Z libcups2t64 is already the newest version (2.4.7-1.2ubuntu7.14).
2026-10-09T07:54:55.6902944Z libcups2t64 set to manually installed.
2026-10-09T07:54:55.6903563Z libdbus-1-3 is already the newest version (1.14.10-4ubuntu4.1).
2026-10-09T07:54:55.6903830Z libdbus-1-3 set to manually installed.
2026-10-09T07:54:55.6904188Z libdrm2 is already the newest version (2.4.125-1ubuntu0.1~24.04.2).
2026-10-09T07:54:55.6904413Z libdrm2 set to manually installed.
2026-10-09T07:54:55.6904642Z libgbm1 is already the newest version (25.2.8-0ubuntu0.24.04.4).
2026-10-09T07:54:55.6904865Z libgbm1 set to manually installed.
2026-10-09T07:54:55.6905093Z libglib2.0-0t64 is already the newest version (2.80.0-6ubuntu3.9).
2026-10-09T07:54:55.6905324Z libglib2.0-0t64 set to manually installed.
2026-10-09T07:54:55.6905559Z libnspr4 is already the newest version (2:4.35-1.1build1).
2026-10-09T07:54:55.6905767Z libnspr4 set to manually installed.
2026-10-09T07:54:55.6905986Z libnss3 is already the newest version (2:3.98-1ubuntu0.2).
2026-10-09T07:54:55.6906192Z libnss3 set to manually installed.
2026-10-09T07:54:55.6906421Z libpango-1.0-0 is already the newest version (1.52.1+ds-1build1).
2026-10-09T07:54:55.6906734Z libpango-1.0-0 set to manually installed.
2026-10-09T07:54:55.6906980Z libx11-6 is already the newest version (2:1.8.7-1build1).
2026-10-09T07:54:55.6907187Z libx11-6 set to manually installed.
2026-10-09T07:54:55.6907391Z libxcb1 is already the newest version (1.15-1ubuntu2).
2026-10-09T07:54:55.6907590Z libxcb1 set to manually installed.
2026-10-09T07:54:55.6907820Z libxcomposite1 is already the newest version (1:0.4.5-1build3).
2026-10-09T07:54:55.6908046Z libxcomposite1 set to manually installed.
2026-10-09T07:54:55.6908277Z libxdamage1 is already the newest version (1:1.1.6-1build1).
2026-10-09T07:54:55.6908489Z libxdamage1 set to manually installed.
2026-10-09T07:54:55.6908710Z libxext6 is already the newest version (2:1.3.4-1build2).
2026-10-09T07:54:55.6908916Z libxext6 set to manually installed.
2026-10-09T07:54:55.6909132Z libxfixes3 is already the newest version (1:6.0.0-2build1).
2026-10-09T07:54:55.6909347Z libxfixes3 set to manually installed.
2026-10-09T07:54:55.6909574Z libxkbcommon0 is already the newest version (1.6.0-1build1).
2026-10-09T07:54:55.6909791Z libxkbcommon0 set to manually installed.
2026-10-09T07:54:55.6910013Z libxrandr2 is already the newest version (2:1.5.2-2build1).
2026-10-09T07:54:55.6910226Z libxrandr2 set to manually installed.
2026-10-09T07:54:55.6910450Z xvfb is already the newest version (2:21.1.12-1ubuntu1.8).
2026-10-09T07:54:55.6911054Z fonts-noto-color-emoji is already the newest version (2.047-0ubuntu0.24.04.1).
2026-10-09T07:54:55.6911585Z libfontconfig1 is already the newest version (2.15.0-1.1ubuntu2).
2026-10-09T07:54:55.6912231Z libfontconfig1 set to manually installed.
2026-10-09T07:54:55.6912539Z fonts-liberation is already the newest version (1:2.1.5-3).
2026-10-09T07:54:55.6912888Z fonts-liberation set to manually installed.
2026-10-09T07:54:55.6913224Z The following additional packages will be installed:
2026-10-09T07:54:55.6913578Z   xfonts-encodings xfonts-utils
2026-10-09T07:54:55.6913842Z Recommended packages:
2026-10-09T07:54:55.6914101Z   fonts-ipafont-mincho fonts-tlwg-loma
2026-10-09T07:54:55.7250965Z The following NEW packages will be installed:
2026-10-09T07:54:55.7251764Z   fonts-freefont-ttf fonts-ipafont-gothic fonts-tlwg-loma-otf fonts-unifont
2026-10-09T07:54:55.7257468Z   fonts-wqy-zenhei xfonts-cyrillic xfonts-encodings xfonts-scalable
2026-10-09T07:54:55.7257905Z   xfonts-utils
2026-10-09T07:54:55.7261552Z The following packages will be upgraded:
2026-10-09T07:54:55.7264790Z   libfreetype6
2026-10-09T07:54:55.7404351Z 1 upgraded, 9 newly installed, 0 to remove and 22 not upgraded.
2026-10-09T07:54:55.7404798Z Need to get 21.5 MB of archives.
2026-10-09T07:54:55.7405187Z After this operation, 79.5 MB of additional disk space will be used.
2026-10-09T07:54:55.7405664Z Get:1 file:/etc/apt/apt-mirrors.txt Mirrorlist [144 B]
2026-10-09T07:54:55.8219761Z Get:2 http://azure.archive.ubuntu.com/ubuntu noble/universe amd64 fonts-ipafont-gothic all 00303-21ubuntu1 [3513 kB]
2026-10-09T07:54:55.8988533Z Get:3 http://azure.archive.ubuntu.com/ubuntu noble/main amd64 fonts-freefont-ttf all 20211204+svn4273-2 [5641 kB]
2026-10-09T07:54:56.0099705Z Get:4 http://azure.archive.ubuntu.com/ubuntu noble/universe amd64 fonts-tlwg-loma-otf all 1:0.7.3-1 [107 kB]
2026-10-09T07:54:56.0471223Z Get:5 http://azure.archive.ubuntu.com/ubuntu noble/universe amd64 fonts-unifont all 1:15.1.01-1build1 [2993 kB]
2026-10-09T07:54:56.1196228Z Get:6 http://azure.archive.ubuntu.com/ubuntu noble/universe amd64 fonts-wqy-zenhei all 0.9.45-8 [7472 kB]
2026-10-09T07:54:56.2310393Z Get:7 http://azure.archive.ubuntu.com/ubuntu noble-updates/main amd64 libfreetype6 amd64 2.13.2+dfsg-1ubuntu0.2 [403 kB]
2026-10-09T07:54:56.2673978Z Get:8 http://azure.archive.ubuntu.com/ubuntu noble/main amd64 xfonts-encodings all 1:1.0.5-0ubuntu2 [578 kB]
2026-10-09T07:54:56.3040524Z Get:9 http://azure.archive.ubuntu.com/ubuntu noble/main amd64 xfonts-utils amd64 1:7.7+6build3 [94.4 kB]
2026-10-09T07:54:56.3388518Z Get:10 http://azure.archive.ubuntu.com/ubuntu noble/universe amd64 xfonts-cyrillic all 1:1.0.5+nmu1 [384 kB]
2026-10-09T07:54:56.3747306Z Get:11 http://azure.archive.ubuntu.com/ubuntu noble/main amd64 xfonts-scalable all 1:1.0.3-1.3 [304 kB]
2026-10-09T07:54:56.6430667Z Fetched 21.5 MB in 1s (33.4 MB/s)
2026-10-09T07:54:56.6855467Z Selecting previously unselected package fonts-ipafont-gothic.
2026-10-09T07:54:56.7485526Z (Reading database ... 
2026-10-09T07:54:56.7485965Z (Reading database ... 5%
2026-10-09T07:54:56.7486308Z (Reading database ... 10%
2026-10-09T07:54:56.7486577Z (Reading database ... 15%
2026-10-09T07:54:56.7486886Z (Reading database ... 20%
2026-10-09T07:54:56.7487138Z (Reading database ... 25%
2026-10-09T07:54:56.7487394Z (Reading database ... 30%
2026-10-09T07:54:56.7487653Z (Reading database ... 35%
2026-10-09T07:54:56.7487905Z (Reading database ... 40%
2026-10-09T07:54:56.7488245Z (Reading database ... 45%
2026-10-09T07:54:56.7488782Z (Reading database ... 50%
2026-10-09T07:54:56.7944279Z (Reading database ... 55%
2026-10-09T07:54:57.1981144Z (Reading database ... 60%
2026-10-09T07:54:57.5153903Z (Reading database ... 65%
2026-10-09T07:54:57.8190982Z (Reading database ... 70%
2026-10-09T07:54:58.2474347Z (Reading database ... 75%
2026-10-09T07:54:58.6828600Z (Reading database ... 80%
2026-10-09T07:54:59.4098293Z (Reading database ... 85%
2026-10-09T07:55:00.1678406Z (Reading database ... 90%
2026-10-09T07:55:01.0444596Z (Reading database ... 95%
2026-10-09T07:55:01.0445248Z (Reading database ... 100%
2026-10-09T07:55:01.0445516Z (Reading database ... 203191 files and directories currently installed.)
2026-10-09T07:55:01.0483938Z Preparing to unpack .../0-fonts-ipafont-gothic_00303-21ubuntu1_all.deb ...
2026-10-09T07:55:01.0558572Z Unpacking fonts-ipafont-gothic (00303-21ubuntu1) ...
2026-10-09T07:55:01.2814158Z Selecting previously unselected package fonts-freefont-ttf.
2026-10-09T07:55:01.2914075Z Preparing to unpack .../1-fonts-freefont-ttf_20211204+svn4273-2_all.deb ...
2026-10-09T07:55:01.2921001Z Unpacking fonts-freefont-ttf (20211204+svn4273-2) ...
2026-10-09T07:55:01.3839322Z Selecting previously unselected package fonts-tlwg-loma-otf.
2026-10-09T07:55:01.3935325Z Preparing to unpack .../2-fonts-tlwg-loma-otf_1%3a0.7.3-1_all.deb ...
2026-10-09T07:55:01.3940956Z Unpacking fonts-tlwg-loma-otf (1:0.7.3-1) ...
2026-10-09T07:55:01.4169943Z Selecting previously unselected package fonts-unifont.
2026-10-09T07:55:01.4268211Z Preparing to unpack .../3-fonts-unifont_1%3a15.1.01-1build1_all.deb ...
2026-10-09T07:55:01.4280990Z Unpacking fonts-unifont (1:15.1.01-1build1) ...
2026-10-09T07:55:01.6216881Z Selecting previously unselected package fonts-wqy-zenhei.
2026-10-09T07:55:01.6314392Z Preparing to unpack .../4-fonts-wqy-zenhei_0.9.45-8_all.deb ...
2026-10-09T07:55:01.6401208Z Unpacking fonts-wqy-zenhei (0.9.45-8) ...
2026-10-09T07:55:02.0695899Z Preparing to unpack .../5-libfreetype6_2.13.2+dfsg-1ubuntu0.2_amd64.deb ...
2026-10-09T07:55:02.0722458Z Unpacking libfreetype6:amd64 (2.13.2+dfsg-1ubuntu0.2) over (2.13.2+dfsg-1ubuntu0.1) ...
2026-10-09T07:55:02.1202555Z Selecting previously unselected package xfonts-encodings.
2026-10-09T07:55:02.1300379Z Preparing to unpack .../6-xfonts-encodings_1%3a1.0.5-0ubuntu2_all.deb ...
2026-10-09T07:55:02.1306339Z Unpacking xfonts-encodings (1:1.0.5-0ubuntu2) ...
2026-10-09T07:55:02.2164263Z Selecting previously unselected package xfonts-utils.
2026-10-09T07:55:02.2258237Z Preparing to unpack .../7-xfonts-utils_1%3a7.7+6build3_amd64.deb ...
2026-10-09T07:55:02.2304747Z Unpacking xfonts-utils (1:7.7+6build3) ...
2026-10-09T07:55:02.3425816Z Selecting previously unselected package xfonts-cyrillic.
2026-10-09T07:55:02.3521876Z Preparing to unpack .../8-xfonts-cyrillic_1%3a1.0.5+nmu1_all.deb ...
2026-10-09T07:55:02.3527812Z Unpacking xfonts-cyrillic (1:1.0.5+nmu1) ...
2026-10-09T07:55:02.4019114Z Selecting previously unselected package xfonts-scalable.
2026-10-09T07:55:02.4113777Z Preparing to unpack .../9-xfonts-scalable_1%3a1.0.3-1.3_all.deb ...
2026-10-09T07:55:02.4120099Z Unpacking xfonts-scalable (1:1.0.3-1.3) ...
2026-10-09T07:55:02.4731203Z Setting up fonts-wqy-zenhei (0.9.45-8) ...
2026-10-09T07:55:02.4818782Z Setting up fonts-freefont-ttf (20211204+svn4273-2) ...
2026-10-09T07:55:02.4833449Z Setting up fonts-tlwg-loma-otf (1:0.7.3-1) ...
2026-10-09T07:55:02.4848627Z Setting up libfreetype6:amd64 (2.13.2+dfsg-1ubuntu0.2) ...
2026-10-09T07:55:02.4864436Z Setting up xfonts-encodings (1:1.0.5-0ubuntu2) ...
2026-10-09T07:55:02.4882546Z Setting up fonts-ipafont-gothic (00303-21ubuntu1) ...
2026-10-09T07:55:02.4933257Z update-alternatives: using /usr/share/fonts/opentype/ipafont-gothic/ipag.ttf to provide /usr/share/fonts/truetype/fonts-japanese-gothic.ttf (fonts-japanese-gothic.ttf) in auto mode
2026-10-09T07:55:02.4946373Z Setting up fonts-unifont (1:15.1.01-1build1) ...
2026-10-09T07:55:02.4960318Z Setting up xfonts-utils (1:7.7+6build3) ...
2026-10-09T07:55:02.4992013Z Setting up xfonts-cyrillic (1:1.0.5+nmu1) ...
2026-10-09T07:55:02.5258064Z Setting up xfonts-scalable (1:1.0.3-1.3) ...
2026-10-09T07:55:02.5514249Z Processing triggers for libc-bin (2.39-0ubuntu8.9) ...
2026-10-09T07:55:04.3815090Z Processing triggers for man-db (2.12.0-4build2) ...
2026-10-09T07:55:04.3837864Z Not building database; man-db/auto-update is not 'true'.
2026-10-09T07:55:04.3850323Z Processing triggers for fontconfig (2.15.0-1.1ubuntu2) ...
2026-10-09T07:55:05.6292552Z 
2026-10-09T07:55:05.6293183Z Running kernel seems to be up-to-date.
2026-10-09T07:55:05.6293439Z 
2026-10-09T07:55:05.6293880Z Restarting services...
2026-10-09T07:55:05.6350575Z  systemctl restart php8.3-fpm.service
2026-10-09T07:55:05.7202652Z 
2026-10-09T07:55:05.7204156Z No containers need to be restarted.
2026-10-09T07:55:05.7204417Z 
2026-10-09T07:55:05.7204588Z No user sessions are running outdated binaries.
2026-10-09T07:55:05.7204792Z 
2026-10-09T07:55:05.7205057Z No VM guests are running outdated hypervisor (qemu) binaries on this host.
2026-10-09T07:55:06.3509021Z Downloading Chrome for Testing 147.0.7727.15 (playwright chromium v1217) from https://cdn.playwright.dev/builds/cft/147.0.7727.15/linux64/chrome-linux64.zip
2026-10-09T07:55:07.1525772Z |                                                                                |   0% of 170.4 MiB
2026-10-09T07:55:07.5039817Z |■■■■■■■■                                                                        |  10% of 170.4 MiB
2026-10-09T07:55:07.5803749Z |■■■■■■■■■■■■■■■■                                                                |  20% of 170.4 MiB
2026-10-09T07:55:07.7000644Z |■■■■■■■■■■■■■■■■■■■■■■■■                                                        |  30% of 170.4 MiB
2026-10-09T07:55:07.7649355Z |■■■■■■■■■■■■■■■■■■■■■■■■■■■■■■■■                                                |  40% of 170.4 MiB
2026-10-09T07:55:07.8311966Z |■■■■■■■■■■■■■■■■■■■■■■■■■■■■■■■■■■■■■■■■                                        |  50% of 170.4 MiB
2026-10-09T07:55:07.8919881Z |■■■■■■■■■■■■■■■■■■■■■■■■■■■■■■■■■■■■■■■■■■■■■■■■                                |  60% of 170.4 MiB
2026-10-09T07:55:07.9419594Z |■■■■■■■■■■■■■■■■■■■■■■■■■■■■■■■■■■■■■■■■■■■■■■■■■■■■■■■■                        |  70% of 170.4 MiB
2026-10-09T07:55:08.0112200Z |■■■■■■■■■■■■■■■■■■■■■■■■■■■■■■■■■■■■■■■■■■■■■■■■■■■■■■■■■■■■■■■■                |  80% of 170.4 MiB
2026-10-09T07:55:08.0703398Z |■■■■■■■■■■■■■■■■■■■■■■■■■■■■■■■■■■■■■■■■■■■■■■■■■■■■■■■■■■■■■■■■■■■■■■■■        |  90% of 170.4 MiB
2026-10-09T07:55:08.1319564Z |■■■■■■■■■■■■■■■■■■■■■■■■■■■■■■■■■■■■■■■■■■■■■■■■■■■■■■■■■■■■■■■■■■■■■■■■■■■■■■■■| 100% of 170.4 MiB
2026-10-09T07:55:09.7682230Z Chrome for Testing 147.0.7727.15 (playwright chromium v1217) downloaded to /home/runner/work/FsusUI/FsusUI/.tmp/playwright-browsers/chromium-1217
2026-10-09T07:55:09.7684320Z Downloading FFmpeg (playwright ffmpeg v1011) from https://cdn.playwright.dev/dbazure/download/playwright/builds/ffmpeg/1011/ffmpeg-linux.zip
2026-10-09T07:55:10.5273158Z |                                                                                |   0% of 2.3 MiB
2026-10-09T07:55:10.5643693Z |■■■■■■■■                                                                        |  10% of 2.3 MiB
2026-10-09T07:55:10.5798084Z |■■■■■■■■■■■■■■■■                                                                |  20% of 2.3 MiB
2026-10-09T07:55:10.5919159Z |■■■■■■■■■■■■■■■■■■■■■■■■                                                        |  30% of 2.3 MiB
2026-10-09T07:55:10.6041171Z |■■■■■■■■■■■■■■■■■■■■■■■■■■■■■■■■                                                |  40% of 2.3 MiB
2026-10-09T07:55:10.6068086Z |■■■■■■■■■■■■■■■■■■■■■■■■■■■■■■■■■■■■■■■■                                        |  50% of 2.3 MiB
2026-10-09T07:55:10.6179438Z |■■■■■■■■■■■■■■■■■■■■■■■■■■■■■■■■■■■■■■■■■■■■■■■■                                |  60% of 2.3 MiB
2026-10-09T07:55:10.6192148Z |■■■■■■■■■■■■■■■■■■■■■■■■■■■■■■■■■■■■■■■■■■■■■■■■■■■■■■■■                        |  70% of 2.3 MiB
2026-10-09T07:55:10.6209749Z |■■■■■■■■■■■■■■■■■■■■■■■■■■■■■■■■■■■■■■■■■■■■■■■■■■■■■■■■■■■■■■■■                |  80% of 2.3 MiB
2026-10-09T07:55:10.6311291Z |■■■■■■■■■■■■■■■■■■■■■■■■■■■■■■■■■■■■■■■■■■■■■■■■■■■■■■■■■■■■■■■■■■■■■■■■        |  90% of 2.3 MiB
2026-10-09T07:55:10.6326055Z |■■■■■■■■■■■■■■■■■■■■■■■■■■■■■■■■■■■■■■■■■■■■■■■■■■■■■■■■■■■■■■■■■■■■■■■■■■■■■■■■| 100% of 2.3 MiB
2026-10-09T07:55:10.6673543Z FFmpeg (playwright ffmpeg v1011) downloaded to /home/runner/work/FsusUI/FsusUI/.tmp/playwright-browsers/ffmpeg-1011
2026-10-09T07:55:10.6675596Z Downloading Chrome Headless Shell 147.0.7727.15 (playwright chromium-headless-shell v1217) from https://cdn.playwright.dev/builds/cft/147.0.7727.15/linux64/chrome-headless-shell-linux64.zip
2026-10-09T07:55:11.4598049Z |                                                                                |   0% of 112 MiB
2026-10-09T07:55:11.7155817Z |■■■■■■■■                                                                        |  10% of 112 MiB
2026-10-09T07:55:11.7545977Z |■■■■■■■■■■■■■■■■                                                                |  20% of 112 MiB
2026-10-09T07:55:11.7796355Z |■■■■■■■■■■■■■■■■■■■■■■■■                                                        |  30% of 112 MiB
2026-10-09T07:55:11.8063313Z |■■■■■■■■■■■■■■■■■■■■■■■■■■■■■■■■                                                |  40% of 112 MiB
2026-10-09T07:55:11.8342152Z |■■■■■■■■■■■■■■■■■■■■■■■■■■■■■■■■■■■■■■■■                                        |  50% of 112 MiB
2026-10-09T07:55:11.8574271Z |■■■■■■■■■■■■■■■■■■■■■■■■■■■■■■■■■■■■■■■■■■■■■■■■                                |  60% of 112 MiB
2026-10-09T07:55:11.8796679Z |■■■■■■■■■■■■■■■■■■■■■■■■■■■■■■■■■■■■■■■■■■■■■■■■■■■■■■■■                        |  70% of 112 MiB
2026-10-09T07:55:11.9213723Z |■■■■■■■■■■■■■■■■■■■■■■■■■■■■■■■■■■■■■■■■■■■■■■■■■■■■■■■■■■■■■■■■                |  80% of 112 MiB
2026-10-09T07:55:11.9404993Z |■■■■■■■■■■■■■■■■■■■■■■■■■■■■■■■■■■■■■■■■■■■■■■■■■■■■■■■■■■■■■■■■■■■■■■■■        |  90% of 112 MiB
2026-10-09T07:55:11.9607694Z |■■■■■■■■■■■■■■■■■■■■■■■■■■■■■■■■■■■■■■■■■■■■■■■■■■■■■■■■■■■■■■■■■■■■■■■■■■■■■■■■| 100% of 112 MiB
2026-10-09T07:55:13.1732825Z Chrome Headless Shell 147.0.7727.15 (playwright chromium-headless-shell v1217) downloaded to /home/runner/work/FsusUI/FsusUI/.tmp/playwright-browsers/chromium_headless_shell-1217
2026-10-09T07:55:13.1908113Z ##[group]Run node scripts/check-playwright-visual-reuse-owner-policy.mjs
2026-10-09T07:55:13.1908472Z [36;1mnode scripts/check-playwright-visual-reuse-owner-policy.mjs[0m
2026-10-09T07:55:13.1960746Z shell: /usr/bin/bash -e {0}
2026-10-09T07:55:13.1960912Z env:
2026-10-09T07:55:13.1961127Z   PLAYWRIGHT_BROWSERS_PATH: /home/runner/work/FsusUI/FsusUI/.tmp/playwright-browsers
2026-10-09T07:55:13.1961397Z   PNPM_HOME: /home/runner/setup-pnpm/node_modules/.bin
2026-10-09T07:55:13.1962461Z   PATH: /home/runner/work/FsusUI/FsusUI/emsdk-cache/emsdk-main:/home/runner/work/FsusUI/FsusUI/emsdk-cache/emsdk-main/upstream/emscripten:/opt/hostedtoolcache/node/22.23.3/x64/bin:/home/runner/setup-pnpm/node_modules/.bin:/snap/bin:/home/runner/.local/bin:/opt/pipx_bin:/home/runner/.cargo/bin:/home/runner/.config/composer/vendor/bin:/usr/local/.ghcup/bin:/home/runner/.dotnet/tools:/usr/local/sbin:/usr/local/bin:/usr/sbin:/usr/bin:/sbin:/bin:/usr/games:/usr/local/games
2026-10-09T07:55:13.1963433Z   EMSDK: /home/runner/work/FsusUI/FsusUI/emsdk-cache/emsdk-main
2026-10-09T07:55:13.1963723Z   EMSDK_NODE: /home/runner/work/FsusUI/FsusUI/emsdk-cache/emsdk-main/node/22.16.0_64bit/bin/node
2026-10-09T07:55:13.1963975Z ##[endgroup]
2026-10-09T07:55:13.4370746Z [check-playwright-visual-reuse-owner-policy] passed
2026-10-09T07:55:13.4485619Z ##[group]Run actions/download-artifact@v4
2026-10-09T07:55:13.4485801Z with:
2026-10-09T07:55:13.4485938Z   name: playwright-pr-impact-plan
2026-10-09T07:55:13.4486107Z   path: .tmp/playwright-impact
2026-10-09T07:55:13.4486267Z   merge-multiple: false
2026-10-09T07:55:13.4486414Z   repository: Ozwasyd/FsusUI
2026-10-09T07:55:13.4486560Z   run-id: 37899305543
2026-10-09T07:55:13.4486692Z env:
2026-10-09T07:55:13.4486895Z   PLAYWRIGHT_BROWSERS_PATH: /home/runner/work/FsusUI/FsusUI/.tmp/playwright-browsers
2026-10-09T07:55:13.4487159Z   PNPM_HOME: /home/runner/setup-pnpm/node_modules/.bin
2026-10-09T07:55:13.4488257Z   PATH: /home/runner/work/FsusUI/FsusUI/emsdk-cache/emsdk-main:/home/runner/work/FsusUI/FsusUI/emsdk-cache/emsdk-main/upstream/emscripten:/opt/hostedtoolcache/node/22.23.3/x64/bin:/home/runner/setup-pnpm/node_modules/.bin:/snap/bin:/home/runner/.local/bin:/opt/pipx_bin:/home/runner/.cargo/bin:/home/runner/.config/composer/vendor/bin:/usr/local/.ghcup/bin:/home/runner/.dotnet/tools:/usr/local/sbin:/usr/local/bin:/usr/sbin:/usr/bin:/sbin:/bin:/usr/games:/usr/local/games
2026-10-09T07:55:13.4489189Z   EMSDK: /home/runner/work/FsusUI/FsusUI/emsdk-cache/emsdk-main
2026-10-09T07:55:13.4489486Z   EMSDK_NODE: /home/runner/work/FsusUI/FsusUI/emsdk-cache/emsdk-main/node/22.16.0_64bit/bin/node
2026-10-09T07:55:13.4489739Z ##[endgroup]
2026-10-09T07:55:13.5480029Z Downloading single artifact
2026-10-09T07:55:13.5577120Z (node:3080) [DEP0040] DeprecationWarning: The `punycode` module is deprecated. Please use a userland alternative instead.
2026-10-09T07:55:13.5577609Z (Use `node --trace-deprecation ...` to show where the warning was created)
2026-10-09T07:55:13.7121970Z Preparing to download the following artifacts:
2026-10-09T07:55:13.7122621Z - playwright-pr-impact-plan (ID: 11602970728, Size: 1076, Expected Digest: sha256:5474ce495b00eeee52ff11ad3f8bd5e0154a66a9a3c9a33c7a71fa1db6ffb851)
2026-10-09T07:55:13.8947235Z Redirecting to blob download url: https://productionresultssa11.blob.core.windows.net/actions-results/d026a2ad-cfca-8ce6-904a-b4b18006a410/workflow-job-run-3f0d7d00-250f-5aa8-b131-24bdfc6ad48d/artifacts/b161bee786190710a9616c30d4727b3450e9dec4fd4e02b7d20907e0b7b7afcf.zip
2026-10-09T07:55:13.8948580Z Starting download of artifact to: /home/runner/work/FsusUI/FsusUI/.tmp/playwright-impact
2026-10-09T07:55:14.0248941Z (node:3080) [DEP0005] DeprecationWarning: Buffer() is deprecated due to security and usability issues. Please use the Buffer.alloc(), Buffer.allocUnsafe(), or Buffer.from() methods instead.
2026-10-09T07:55:14.0284357Z SHA256 digest of downloaded artifact is 5474ce495b00eeee52ff11ad3f8bd5e0154a66a9a3c9a33c7a71fa1db6ffb851
2026-10-09T07:55:14.0284985Z Artifact download completed successfully.
2026-10-09T07:55:14.0285316Z Total of 1 artifact(s) downloaded
2026-10-09T07:55:14.0288489Z Download artifact has finished successfully
2026-10-09T07:55:14.0397444Z ##[group]Run node scripts/visual-reuse-playwright-owner-run.mjs --owner visual-runtime-reuse --group pr --impact-plan .tmp/playwright-impact/receipt.json --runtime-dir .tmp/visual-runtime-reuse-runtime --evidence-dir .tmp/visual-runtime-reuse --server-port 4182
2026-10-09T07:55:14.0399137Z [36;1mnode scripts/visual-reuse-playwright-owner-run.mjs --owner visual-runtime-reuse --group pr --impact-plan .tmp/playwright-impact/receipt.json --runtime-dir .tmp/visual-runtime-reuse-runtime --evidence-dir .tmp/visual-runtime-reuse --server-port 4182[0m
2026-10-09T07:55:14.0467940Z shell: /usr/bin/bash -e {0}
2026-10-09T07:55:14.0468189Z env:
2026-10-09T07:55:14.0468521Z   PLAYWRIGHT_BROWSERS_PATH: /home/runner/work/FsusUI/FsusUI/.tmp/playwright-browsers
2026-10-09T07:55:14.0468978Z   PNPM_HOME: /home/runner/setup-pnpm/node_modules/.bin
2026-10-09T07:55:14.0470368Z   PATH: /home/runner/work/FsusUI/FsusUI/emsdk-cache/emsdk-main:/home/runner/work/FsusUI/FsusUI/emsdk-cache/emsdk-main/upstream/emscripten:/opt/hostedtoolcache/node/22.23.3/x64/bin:/home/runner/setup-pnpm/node_modules/.bin:/snap/bin:/home/runner/.local/bin:/opt/pipx_bin:/home/runner/.cargo/bin:/home/runner/.config/composer/vendor/bin:/usr/local/.ghcup/bin:/home/runner/.dotnet/tools:/usr/local/sbin:/usr/local/bin:/usr/sbin:/usr/bin:/sbin:/bin:/usr/games:/usr/local/games
2026-10-09T07:55:14.0471304Z   EMSDK: /home/runner/work/FsusUI/FsusUI/emsdk-cache/emsdk-main
2026-10-09T07:55:14.0471815Z   EMSDK_NODE: /home/runner/work/FsusUI/FsusUI/emsdk-cache/emsdk-main/node/22.16.0_64bit/bin/node
2026-10-09T07:55:14.0472065Z ##[endgroup]
2026-10-09T07:55:14.2584433Z [visual-runtime-reuse] owner=visual-runtime-reuse group=pr cells=4 commit=ba90d4df9b0b76e3c8cf7b4a57ceab08ded13990 digest=88aed7d16c319d82bb79df26767cde337c0828af60db04c5ad1822d0d281975d
2026-10-09T07:55:14.2585974Z [visual-runtime-reuse] preparing visual runtime: .tmp/visual-runtime-reuse-runtime
2026-10-09T07:55:56.9417206Z [visual-runtime-reuse] checking runtime: .tmp/visual-runtime-reuse-runtime
2026-10-09T07:58:15.8419037Z [visual-runtime-reuse] visual-runtime-reuse/desktop-light status=failure passed=174 failed=1 skipped=0 receipt=.readiness/receipts/visual-runtime-reuse/visual-runtime-reuse-desktop-light.json
2026-10-09T08:00:37.5573951Z [visual-runtime-reuse] visual-runtime-reuse/mobile-light status=failure passed=155 failed=13 skipped=0 receipt=.readiness/receipts/visual-runtime-reuse/visual-runtime-reuse-mobile-light.json
2026-10-09T08:02:51.9999247Z [visual-runtime-reuse] visual-runtime-reuse/desktop-dark status=failure passed=171 failed=2 skipped=0 receipt=.readiness/receipts/visual-runtime-reuse/visual-runtime-reuse-desktop-dark.json
2026-10-09T08:05:23.2555424Z [visual-runtime-reuse] visual-runtime-reuse/mobile-dark status=failure passed=158 failed=12 skipped=0 receipt=.readiness/receipts/visual-runtime-reuse/visual-runtime-reuse-mobile-dark.json
2026-10-09T08:05:23.2566722Z [visual-runtime-reuse] invalid receipt visual-runtime-reuse/desktop-light: cell visual-runtime-reuse/desktop-light status=failure
2026-10-09T08:05:23.2567891Z [visual-runtime-reuse] invalid receipt visual-runtime-reuse/mobile-light: cell visual-runtime-reuse/mobile-light status=failure
2026-10-09T08:05:23.2569091Z [visual-runtime-reuse] invalid receipt visual-runtime-reuse/desktop-dark: cell visual-runtime-reuse/desktop-dark status=failure
2026-10-09T08:05:23.2570055Z [visual-runtime-reuse] invalid receipt visual-runtime-reuse/mobile-dark: cell visual-runtime-reuse/mobile-dark status=failure
2026-10-09T08:05:23.2571965Z [visual-runtime-reuse] owner=visual-runtime-reuse group=pr status=failure cells=4 evidence=.tmp/visual-runtime-reuse/evidence.json
2026-10-09T08:05:23.2745983Z ##[error]Process completed with exit code 1.
2026-10-09T08:05:23.2797953Z ##[group]Run actions/upload-artifact@v4
2026-10-09T08:05:23.2798138Z with:
2026-10-09T08:05:23.2798282Z   name: visual-runtime-reuse-evidence-pr
2026-10-09T08:05:23.2798639Z   path: .tmp/visual-runtime-reuse
.tmp/visual-runtime-reuse-runtime/manifest.json
.readiness/receipts/visual-runtime-reuse

2026-10-09T08:05:23.2798974Z   retention-days: 14
2026-10-09T08:05:23.2799121Z   if-no-files-found: warn
2026-10-09T08:05:23.2799273Z   compression-level: 6
2026-10-09T08:05:23.2799416Z   overwrite: false
2026-10-09T08:05:23.2799559Z   include-hidden-files: false
2026-10-09T08:05:23.2799711Z env:
2026-10-09T08:05:23.2799926Z   PLAYWRIGHT_BROWSERS_PATH: /home/runner/work/FsusUI/FsusUI/.tmp/playwright-browsers
2026-10-09T08:05:23.2800207Z   PNPM_HOME: /home/runner/setup-pnpm/node_modules/.bin
2026-10-09T08:05:23.2801196Z   PATH: /home/runner/work/FsusUI/FsusUI/emsdk-cache/emsdk-main:/home/runner/work/FsusUI/FsusUI/emsdk-cache/emsdk-main/upstream/emscripten:/opt/hostedtoolcache/node/22.23.3/x64/bin:/home/runner/setup-pnpm/node_modules/.bin:/snap/bin:/home/runner/.local/bin:/opt/pipx_bin:/home/runner/.cargo/bin:/home/runner/.config/composer/vendor/bin:/usr/local/.ghcup/bin:/home/runner/.dotnet/tools:/usr/local/sbin:/usr/local/bin:/usr/sbin:/usr/bin:/sbin:/bin:/usr/games:/usr/local/games
2026-10-09T08:05:23.2802426Z   EMSDK: /home/runner/work/FsusUI/FsusUI/emsdk-cache/emsdk-main
2026-10-09T08:05:23.2802738Z   EMSDK_NODE: /home/runner/work/FsusUI/FsusUI/emsdk-cache/emsdk-main/node/22.16.0_64bit/bin/node
2026-10-09T08:05:23.2802998Z ##[endgroup]
2026-10-09T08:05:23.3950976Z (node:20663) [DEP0040] DeprecationWarning: The `punycode` module is deprecated. Please use a userland alternative instead.
2026-10-09T08:05:23.3951549Z (Use `node --trace-deprecation ...` to show where the warning was created)
2026-10-09T08:05:23.4701797Z Multiple search paths detected. Calculating the least common ancestor of all paths
2026-10-09T08:05:23.4704385Z The least common ancestor is /home/runner/work/FsusUI/FsusUI. This will be the root directory of the artifact
2026-10-09T08:05:23.4705671Z With the provided path, there will be 469 files uploaded
2026-10-09T08:05:23.4710091Z Artifact name is valid!
2026-10-09T08:05:23.4710420Z Root directory input is valid!
2026-10-09T08:05:23.7566141Z Beginning upload of artifact content to blob storage
2026-10-09T08:05:23.9726842Z (node:20663) [DEP0169] DeprecationWarning: `url.parse()` behavior is not standardized and prone to errors that have security implications. Use the WHATWG URL API instead. CVEs are not issued for `url.parse()` vulnerabilities.
2026-10-09T08:05:24.4109217Z Uploaded bytes 8388608
2026-10-09T08:05:24.5583214Z Uploaded bytes 16777216
2026-10-09T08:05:24.7098902Z Uploaded bytes 25165824
2026-10-09T08:05:24.8184171Z Uploaded bytes 33554432
2026-10-09T08:05:24.9086709Z Uploaded bytes 41943040
2026-10-09T08:05:25.1506943Z Uploaded bytes 50331648
2026-10-09T08:05:25.3237912Z Uploaded bytes 58720256
2026-10-09T08:05:25.5324026Z Uploaded bytes 67108864
2026-10-09T08:05:25.7461919Z Uploaded bytes 75497472
2026-10-09T08:05:25.9773640Z Uploaded bytes 83886080
2026-10-09T08:05:26.2584932Z Uploaded bytes 92274688
2026-10-09T08:05:26.3493341Z Uploaded bytes 100663296
2026-10-09T08:05:26.5478693Z Uploaded bytes 109051904
2026-10-09T08:05:26.7223205Z Uploaded bytes 117440512
2026-10-09T08:05:27.1098814Z Uploaded bytes 125829120
2026-10-09T08:05:27.2173203Z Uploaded bytes 134217728
2026-10-09T08:05:27.3594708Z Uploaded bytes 142606336
2026-10-09T08:05:27.5860303Z Uploaded bytes 150994944
2026-10-09T08:05:27.7820697Z Uploaded bytes 159383552
2026-10-09T08:05:27.9396662Z Uploaded bytes 167772160
2026-10-09T08:05:28.1674926Z Uploaded bytes 176160768
2026-10-09T08:05:28.2280092Z Uploaded bytes 177584552
2026-10-09T08:05:28.2653780Z Finished uploading artifact content to blob storage!
2026-10-09T08:05:28.2655214Z SHA256 digest of uploaded artifact zip is 1a48a237141ecd3eba3decfb125b82115b4d687f27dd31fbc9d1a50ecd123ab7
2026-10-09T08:05:28.2657130Z Finalizing artifact upload
2026-10-09T08:05:28.5029564Z Artifact visual-runtime-reuse-evidence-pr.zip successfully finalized. Artifact ID 11603046801
2026-10-09T08:05:28.5030150Z Artifact visual-runtime-reuse-evidence-pr has been successfully uploaded! Final size is 177584552 bytes. Artifact ID is 11603046801
2026-10-09T08:05:28.5034879Z Artifact download URL: https://github.com/Ozwasyd/FsusUI/actions/runs/37899305543/artifacts/11603046801
2026-10-09T08:05:28.5264643Z Prepare all required actions
2026-10-09T08:05:28.5265039Z Getting action download info
2026-10-09T08:05:28.7103675Z ##[group]Run ./.github/actions/readiness-manifest
2026-10-09T08:05:28.7103878Z with:
2026-10-09T08:05:28.7104019Z   gate: visual-runtime-reuse
2026-10-09T08:05:28.7104179Z   group: pr
2026-10-09T08:05:28.7104301Z   status: failure
2026-10-09T08:05:28.7104497Z   playwright-receipts: .readiness/receipts/visual-runtime-reuse
2026-10-09T08:05:28.7104757Z   playwright-plan: .tmp/playwright-impact/receipt.json
2026-10-09T08:05:28.7104961Z   artifact-suffix: single
2026-10-09T08:05:28.7105127Z env:
2026-10-09T08:05:28.7105338Z   PLAYWRIGHT_BROWSERS_PATH: /home/runner/work/FsusUI/FsusUI/.tmp/playwright-browsers
2026-10-09T08:05:28.7105619Z   PNPM_HOME: /home/runner/setup-pnpm/node_modules/.bin
2026-10-09T08:05:28.7106604Z   PATH: /home/runner/work/FsusUI/FsusUI/emsdk-cache/emsdk-main:/home/runner/work/FsusUI/FsusUI/emsdk-cache/emsdk-main/upstream/emscripten:/opt/hostedtoolcache/node/22.23.3/x64/bin:/home/runner/setup-pnpm/node_modules/.bin:/snap/bin:/home/runner/.local/bin:/opt/pipx_bin:/home/runner/.cargo/bin:/home/runner/.config/composer/vendor/bin:/usr/local/.ghcup/bin:/home/runner/.dotnet/tools:/usr/local/sbin:/usr/local/bin:/usr/sbin:/usr/bin:/sbin:/bin:/usr/games:/usr/local/games
2026-10-09T08:05:28.7107581Z   EMSDK: /home/runner/work/FsusUI/FsusUI/emsdk-cache/emsdk-main
2026-10-09T08:05:28.7107892Z   EMSDK_NODE: /home/runner/work/FsusUI/FsusUI/emsdk-cache/emsdk-main/node/22.16.0_64bit/bin/node
2026-10-09T08:05:28.7108154Z ##[endgroup]
2026-10-09T08:05:28.7148514Z ##[start-action display=Emit structured leaf manifest;id=__self.__run]
2026-10-09T08:05:28.7166665Z ##[group]Run args=(emit --gate "$READINESS_GATE" --group "$READINESS_GROUP" --status "$READINESS_STATUS")
2026-10-09T08:05:28.7167093Z [36;1margs=(emit --gate "$READINESS_GATE" --group "$READINESS_GROUP" --status "$READINESS_STATUS")[0m
2026-10-09T08:05:28.7167415Z [36;1mif [ -n "$READINESS_PLAYWRIGHT_RECEIPTS" ]; then[0m
2026-10-09T08:05:28.7167688Z [36;1m  args+=(--playwright-receipts "$READINESS_PLAYWRIGHT_RECEIPTS")[0m
2026-10-09T08:05:28.7167908Z [36;1mfi[0m
2026-10-09T08:05:28.7168066Z [36;1mif [ -n "$READINESS_PLAYWRIGHT_PLAN" ]; then[0m
2026-10-09T08:05:28.7168302Z [36;1m  args+=(--playwright-plan "$READINESS_PLAYWRIGHT_PLAN")[0m
2026-10-09T08:05:28.7168502Z [36;1mfi[0m
2026-10-09T08:05:28.7168678Z [36;1mIFS=',' read -ra dimensions <<< "$READINESS_DIMENSIONS"[0m
2026-10-09T08:05:28.7168901Z [36;1mfor dimension in "${dimensions[@]}"; do[0m
2026-10-09T08:05:28.7169132Z [36;1m  test -z "$dimension" || args+=(--dimension "$dimension")[0m
2026-10-09T08:05:28.7169336Z [36;1mdone[0m
2026-10-09T08:05:28.7169478Z [36;1mwhile IFS= read -r artifact; do[0m
2026-10-09T08:05:28.7169693Z [36;1m  test -z "$artifact" || args+=(--artifact "$artifact")[0m
2026-10-09T08:05:28.7169898Z [36;1mdone <<< "$READINESS_ARTIFACTS"[0m
2026-10-09T08:05:28.7170101Z [36;1mnode scripts/ci-readiness.mjs "${args[@]}"[0m
2026-10-09T08:05:28.7224800Z shell: /usr/bin/bash --noprofile --norc -e -o pipefail {0}
2026-10-09T08:05:28.7225015Z env:
2026-10-09T08:05:28.7225235Z   PLAYWRIGHT_BROWSERS_PATH: /home/runner/work/FsusUI/FsusUI/.tmp/playwright-browsers
2026-10-09T08:05:28.7225521Z   PNPM_HOME: /home/runner/setup-pnpm/node_modules/.bin
2026-10-09T08:05:28.7226466Z   PATH: /home/runner/work/FsusUI/FsusUI/emsdk-cache/emsdk-main:/home/runner/work/FsusUI/FsusUI/emsdk-cache/emsdk-main/upstream/emscripten:/opt/hostedtoolcache/node/22.23.3/x64/bin:/home/runner/setup-pnpm/node_modules/.bin:/snap/bin:/home/runner/.local/bin:/opt/pipx_bin:/home/runner/.cargo/bin:/home/runner/.config/composer/vendor/bin:/usr/local/.ghcup/bin:/home/runner/.dotnet/tools:/usr/local/sbin:/usr/local/bin:/usr/sbin:/usr/bin:/sbin:/bin:/usr/games:/usr/local/games
2026-10-09T08:05:28.7227423Z   EMSDK: /home/runner/work/FsusUI/FsusUI/emsdk-cache/emsdk-main
2026-10-09T08:05:28.7227901Z   EMSDK_NODE: /home/runner/work/FsusUI/FsusUI/emsdk-cache/emsdk-main/node/22.16.0_64bit/bin/node
2026-10-09T08:05:28.7228181Z   READINESS_GATE: visual-runtime-reuse
2026-10-09T08:05:28.7228356Z   READINESS_GROUP: pr
2026-10-09T08:05:28.7228505Z   READINESS_STATUS: failure
2026-10-09T08:05:28.7228662Z   READINESS_DIMENSIONS: 
2026-10-09T08:05:28.7228814Z   READINESS_ARTIFACTS: 
2026-10-09T08:05:28.7229027Z   READINESS_PLAYWRIGHT_RECEIPTS: .readiness/receipts/visual-runtime-reuse
2026-10-09T08:05:28.7229315Z   READINESS_PLAYWRIGHT_PLAN: .tmp/playwright-impact/receipt.json
2026-10-09T08:05:28.7229526Z ##[endgroup]
2026-10-09T08:05:28.7609479Z file:///home/runner/work/FsusUI/FsusUI/scripts/ci-readiness.mjs:175
2026-10-09T08:05:28.7609834Z       throw new Error(
2026-10-09T08:05:28.7609996Z             ^
2026-10-09T08:05:28.7610081Z 
2026-10-09T08:05:28.7610284Z Error: playwright receipt visual-runtime-reuse/desktop-dark status is failure.
2026-10-09T08:05:28.7610672Z     at emitPlaywright (file:///home/runner/work/FsusUI/FsusUI/scripts/ci-readiness.mjs:175:13)
2026-10-09T08:05:28.7611043Z     at file:///home/runner/work/FsusUI/FsusUI/scripts/ci-readiness.mjs:363:5
2026-10-09T08:05:28.7611354Z     at ModuleJob.run (node:internal/modules/esm/module_job:343:25)
2026-10-09T08:05:28.7611849Z     at async onImport.tracePromise.__proto__ (node:internal/modules/esm/loader:681:26)
2026-10-09T08:05:28.7612206Z     at async asyncRunEntryPointWithESMLoader (node:internal/modules/run_main:117:5)
2026-10-09T08:05:28.7612401Z 
2026-10-09T08:05:28.7612461Z Node.js v22.23.3
2026-10-09T08:05:28.7644828Z ##[error]Process completed with exit code 1.
2026-10-09T08:05:28.7654062Z ##[end-action id=__self.__run;outcome=failure;conclusion=failure;duration_ms=50]
2026-10-09T08:05:28.7656254Z ##[start-action display=Upload structured leaf manifest;id=__self.__actions_upload-artifact]
2026-10-09T08:05:28.7695881Z ##[group]Run actions/upload-artifact@v4
2026-10-09T08:05:28.7696192Z with:
2026-10-09T08:05:28.7696442Z   name: readiness-manifest-visual-runtime-reuse-single
2026-10-09T08:05:28.7696653Z   path: .readiness
2026-10-09T08:05:28.7696808Z   include-hidden-files: true
2026-10-09T08:05:28.7696973Z   if-no-files-found: warn
2026-10-09T08:05:28.7697119Z   overwrite: true
2026-10-09T08:05:28.7697252Z   retention-days: 7
2026-10-09T08:05:28.7697394Z   compression-level: 6
2026-10-09T08:05:28.7697536Z env:
2026-10-09T08:05:28.7697749Z   PLAYWRIGHT_BROWSERS_PATH: /home/runner/work/FsusUI/FsusUI/.tmp/playwright-browsers
2026-10-09T08:05:28.7698033Z   PNPM_HOME: /home/runner/setup-pnpm/node_modules/.bin
2026-10-09T08:05:28.7698993Z   PATH: /home/runner/work/FsusUI/FsusUI/emsdk-cache/emsdk-main:/home/runner/work/FsusUI/FsusUI/emsdk-cache/emsdk-main/upstream/emscripten:/opt/hostedtoolcache/node/22.23.3/x64/bin:/home/runner/setup-pnpm/node_modules/.bin:/snap/bin:/home/runner/.local/bin:/opt/pipx_bin:/home/runner/.cargo/bin:/home/runner/.config/composer/vendor/bin:/usr/local/.ghcup/bin:/home/runner/.dotnet/tools:/usr/local/sbin:/usr/local/bin:/usr/sbin:/usr/bin:/sbin:/bin:/usr/games:/usr/local/games
2026-10-09T08:05:28.7699966Z   EMSDK: /home/runner/work/FsusUI/FsusUI/emsdk-cache/emsdk-main
2026-10-09T08:05:28.7700277Z   EMSDK_NODE: /home/runner/work/FsusUI/FsusUI/emsdk-cache/emsdk-main/node/22.16.0_64bit/bin/node
2026-10-09T08:05:28.7700545Z ##[endgroup]
2026-10-09T08:05:28.8823590Z (node:20685) [DEP0040] DeprecationWarning: The `punycode` module is deprecated. Please use a userland alternative instead.
2026-10-09T08:05:28.8824103Z (Use `node --trace-deprecation ...` to show where the warning was created)
2026-10-09T08:05:28.8876152Z With the provided path, there will be 4 files uploaded
2026-10-09T08:05:29.0389883Z Artifact name is valid!
2026-10-09T08:05:29.0390310Z Root directory input is valid!
2026-10-09T08:05:29.2449247Z Beginning upload of artifact content to blob storage
2026-10-09T08:05:29.2588509Z (node:20685) [DEP0169] DeprecationWarning: `url.parse()` behavior is not standardized and prone to errors that have security implications. Use the WHATWG URL API instead. CVEs are not issued for `url.parse()` vulnerabilities.
2026-10-09T08:05:29.4242260Z Uploaded bytes 3736
2026-10-09T08:05:29.4690624Z Finished uploading artifact content to blob storage!
2026-10-09T08:05:29.4691322Z SHA256 digest of uploaded artifact zip is 41e1b357cf4e22c00a72e0413a4f5b21094bd7cd20634a9fe8cc32affdc02928
2026-10-09T08:05:29.4691981Z Finalizing artifact upload
2026-10-09T08:05:29.6954511Z Artifact readiness-manifest-visual-runtime-reuse-single.zip successfully finalized. Artifact ID 11603440803
2026-10-09T08:05:29.6955540Z Artifact readiness-manifest-visual-runtime-reuse-single has been successfully uploaded! Final size is 3736 bytes. Artifact ID is 11603440803
2026-10-09T08:05:29.6959881Z Artifact download URL: https://github.com/Ozwasyd/FsusUI/actions/runs/37899305543/artifacts/11603440803
2026-10-09T08:05:29.7059180Z ##[end-action id=__self.__actions_upload-artifact;outcome=success;conclusion=success;duration_ms=940]
2026-10-09T08:05:29.7120849Z Post job cleanup.
2026-10-09T08:05:29.8020422Z Pruning is unnecessary.
2026-10-09T08:05:29.8144493Z Post job cleanup.
2026-10-09T08:05:29.8725474Z [command]/usr/bin/git version
2026-10-09T08:05:29.8760501Z git version 2.55.0
2026-10-09T08:05:29.8786542Z Temporarily overriding HOME='/home/runner/work/_temp/4e58b01e-0ae3-4dd9-a140-3356c761a771' before making global git config changes
2026-10-09T08:05:29.8787139Z Adding repository directory to the temporary git global config as a safe directory
2026-10-09T08:05:29.8790427Z [command]/usr/bin/git config --global --add safe.directory /home/runner/work/FsusUI/FsusUI
2026-10-09T08:05:29.8825400Z [command]/usr/bin/git config --local --name-only --get-regexp core\.sshCommand
2026-10-09T08:05:29.8862152Z [command]/usr/bin/git submodule foreach --recursive sh -c "git config --local --name-only --get-regexp 'core\.sshCommand' && git config --local --unset-all 'core.sshCommand' || :"
2026-10-09T08:05:29.9093380Z [command]/usr/bin/git config --local --name-only --get-regexp http\.https\:\/\/github\.com\/\.extraheader
2026-10-09T08:05:29.9126678Z http.https://github.com/.extraheader
2026-10-09T08:05:29.9166299Z [command]/usr/bin/git config --local --unset-all http.https://github.com/.extraheader
2026-10-09T08:05:29.9182946Z [command]/usr/bin/git submodule foreach --recursive sh -c "git config --local --name-only --get-regexp 'http\.https\:\/\/github\.com\/\.extraheader' && git config --local --unset-all 'http.https://github.com/.extraheader' || :"
2026-10-09T08:05:29.9393627Z [command]/usr/bin/git config --local --name-only --get-regexp ^includeIf\.gitdir:
2026-10-09T08:05:29.9424001Z [command]/usr/bin/git submodule foreach --recursive git config --local --show-origin --name-only --get-regexp remote.origin.url
2026-10-09T08:05:29.9727039Z Cleaning up orphan processes
2026-10-09T08:05:29.9960502Z ##[warning]Node.js 20 is deprecated. The following actions target Node.js 20 but are being forced to run on Node.js 24: actions/cache@v4, actions/checkout@v4, actions/download-artifact@v4, actions/setup-node@v4, actions/upload-artifact@v4, pnpm/action-setup@v4. For more information see: https://github.blog/changelog/2025-09-19-deprecation-of-node-20-on-github-actions-runners/

