Scope: all 20 workspace projects
Lockfile is up to date, resolution step is skipped
Packages: +1697
++++++++++++++++++++++++++++++++++++++++++++++++++++++++++++++++++++++++++++++++
Progress: resolved 0, reused 1, downloaded 0, added 0
Progress: resolved 0, reused 1547, downloaded 0, added 314
Progress: resolved 0, reused 1547, downloaded 0, added 1697
Progress: resolved 0, reused 1547, downloaded 0, added 1697, done

dependencies:
+ @element-plus/components 0.0.5 <- vue/packages/components
+ @element-plus/constants <- vue/packages/constants
+ @element-plus/directives 0.0.5 <- vue/packages/directives
+ @element-plus/hooks 0.0.5 <- vue/packages/hooks
+ @element-plus/icons-vue 2.3.2 <- vue/packages/icons-vue
+ @element-plus/locale 0.0.5 <- vue/packages/locale
+ @element-plus/test-utils 0.0.5 <- vue/packages/test-utils
+ @element-plus/theme-chalk 0.1.0 <- vue/packages/theme-chalk
+ @element-plus/utils <- vue/packages/utils
+ @element-plus/wasm 1.0.0 <- vue/packages/wasm

devDependencies:
+ @element-plus/build 0.0.1 <- vue/internal/build
+ @element-plus/build-utils 0.0.1 <- vue/internal/build-utils
+ @element-plus/eslint-config 0.0.1 <- vue/internal/eslint-config
+ @element-plus/icons-svg 2.3.2 <- vue/packages/icons-svg

Done in 3.7s using pnpm v10.33.0
