node_modules/.pnpm/@ozwasyd+element-plus@file+..+final-candidate.tgz_vue@3.5.32_typescript@6.0.2_/node_modules/@ozwasyd/element-plus/es/components/color-picker/index.d.ts(101,124): error TS2300: Duplicate identifier 'event'.
node_modules/.pnpm/@ozwasyd+element-plus@file+..+final-candidate.tgz_vue@3.5.32_typescript@6.0.2_/node_modules/@ozwasyd/element-plus/es/components/color-picker/index.d.ts(101,139): error TS2300: Duplicate identifier 'event'.
node_modules/.pnpm/@ozwasyd+element-plus@file+..+final-candidate.tgz_vue@3.5.32_typescript@6.0.2_/node_modules/@ozwasyd/element-plus/es/components/color-picker/index.d.ts(101,171): error TS2300: Duplicate identifier 'event'.
node_modules/.pnpm/@ozwasyd+element-plus@file+..+final-candidate.tgz_vue@3.5.32_typescript@6.0.2_/node_modules/@ozwasyd/element-plus/es/components/color-picker/index.d.ts(101,187): error TS2300: Duplicate identifier 'event'.
node_modules/.pnpm/@ozwasyd+element-plus@file+..+final-candidate.tgz_vue@3.5.32_typescript@6.0.2_/node_modules/@ozwasyd/element-plus/es/components/color-picker/src/color-picker.vue.d.ts(102,124): error TS2300: Duplicate identifier 'event'.
node_modules/.pnpm/@ozwasyd+element-plus@file+..+final-candidate.tgz_vue@3.5.32_typescript@6.0.2_/node_modules/@ozwasyd/element-plus/es/components/color-picker/src/color-picker.vue.d.ts(102,139): error TS2300: Duplicate identifier 'event'.
node_modules/.pnpm/@ozwasyd+element-plus@file+..+final-candidate.tgz_vue@3.5.32_typescript@6.0.2_/node_modules/@ozwasyd/element-plus/es/components/color-picker/src/color-picker.vue.d.ts(102,171): error TS2300: Duplicate identifier 'event'.
node_modules/.pnpm/@ozwasyd+element-plus@file+..+final-candidate.tgz_vue@3.5.32_typescript@6.0.2_/node_modules/@ozwasyd/element-plus/es/components/color-picker/src/color-picker.vue.d.ts(102,187): error TS2300: Duplicate identifier 'event'.
node_modules/.pnpm/@ozwasyd+element-plus@file+..+final-candidate.tgz_vue@3.5.32_typescript@6.0.2_/node_modules/@ozwasyd/element-plus/es/components/inbox-primitives/index.d.ts(207,26): error TS2344: Type 'GlobalComponents' does not satisfy the constraint 'Record<string, Component<any, any, any, ComputedOptions, MethodOptions, {}, any>>'.
  Index signature for type 'string' is missing in type 'GlobalComponents'.
node_modules/.pnpm/@ozwasyd+element-plus@file+..+final-candidate.tgz_vue@3.5.32_typescript@6.0.2_/node_modules/@ozwasyd/element-plus/es/components/inbox-primitives/index.d.ts(392,24): error TS2344: Type 'GlobalComponents' does not satisfy the constraint 'Record<string, Component<any, any, any, ComputedOptions, MethodOptions, {}, any>>'.
  Index signature for type 'string' is missing in type 'GlobalComponents'.
node_modules/.pnpm/@ozwasyd+element-plus@file+..+final-candidate.tgz_vue@3.5.32_typescript@6.0.2_/node_modules/@ozwasyd/element-plus/es/components/inbox-primitives/index.d.ts(484,22): error TS2344: Type 'GlobalComponents' does not satisfy the constraint 'Record<string, Component<any, any, any, ComputedOptions, MethodOptions, {}, any>>'.
  Index signature for type 'string' is missing in type 'GlobalComponents'.
node_modules/.pnpm/@ozwasyd+element-plus@file+..+final-candidate.tgz_vue@3.5.32_typescript@6.0.2_/node_modules/@ozwasyd/element-plus/es/components/inbox-primitives/index.d.ts(669,20): error TS2344: Type 'GlobalComponents' does not satisfy the constraint 'Record<string, Component<any, any, any, ComputedOptions, MethodOptions, {}, any>>'.
  Index signature for type 'string' is missing in type 'GlobalComponents'.
node_modules/.pnpm/@ozwasyd+element-plus@file+..+final-candidate.tgz_vue@3.5.32_typescript@6.0.2_/node_modules/@ozwasyd/element-plus/es/components/inbox-primitives/index.d.ts(878,26): error TS2344: Type 'GlobalComponents' does not satisfy the constraint 'Record<string, Component<any, any, any, ComputedOptions, MethodOptions, {}, any>>'.
  Index signature for type 'string' is missing in type 'GlobalComponents'.
node_modules/.pnpm/@ozwasyd+element-plus@file+..+final-candidate.tgz_vue@3.5.32_typescript@6.0.2_/node_modules/@ozwasyd/element-plus/es/components/inbox-primitives/index.d.ts(1063,24): error TS2344: Type 'GlobalComponents' does not satisfy the constraint 'Record<string, Component<any, any, any, ComputedOptions, MethodOptions, {}, any>>'.
  Index signature for type 'string' is missing in type 'GlobalComponents'.
node_modules/.pnpm/@ozwasyd+element-plus@file+..+final-candidate.tgz_vue@3.5.32_typescript@6.0.2_/node_modules/@ozwasyd/element-plus/es/components/inbox-primitives/index.d.ts(1155,22): error TS2344: Type 'GlobalComponents' does not satisfy the constraint 'Record<string, Component<any, any, any, ComputedOptions, MethodOptions, {}, any>>'.
  Index signature for type 'string' is missing in type 'GlobalComponents'.
node_modules/.pnpm/@ozwasyd+element-plus@file+..+final-candidate.tgz_vue@3.5.32_typescript@6.0.2_/node_modules/@ozwasyd/element-plus/es/components/inbox-primitives/index.d.ts(1340,20): error TS2344: Type 'GlobalComponents' does not satisfy the constraint 'Record<string, Component<any, any, any, ComputedOptions, MethodOptions, {}, any>>'.
  Index signature for type 'string' is missing in type 'GlobalComponents'.
node_modules/.pnpm/@ozwasyd+element-plus@file+..+final-candidate.tgz_vue@3.5.32_typescript@6.0.2_/node_modules/@ozwasyd/element-plus/es/components/inbox-primitives/index.d.ts(1505,26): error TS2344: Type 'GlobalComponents' does not satisfy the constraint 'Record<string, Component<any, any, any, ComputedOptions, MethodOptions, {}, any>>'.
  Index signature for type 'string' is missing in type 'GlobalComponents'.
node_modules/.pnpm/@ozwasyd+element-plus@file+..+final-candidate.tgz_vue@3.5.32_typescript@6.0.2_/node_modules/@ozwasyd/element-plus/es/components/inbox-primitives/index.d.ts(1654,24): error TS2344: Type 'GlobalComponents' does not satisfy the constraint 'Record<string, Component<any, any, any, ComputedOptions, MethodOptions, {}, any>>'.
  Index signature for type 'string' is missing in type 'GlobalComponents'.
node_modules/.pnpm/@ozwasyd+element-plus@file+..+final-candidate.tgz_vue@3.5.32_typescript@6.0.2_/node_modules/@ozwasyd/element-plus/es/components/inbox-primitives/index.d.ts(1728,22): error TS2344: Type 'GlobalComponents' does not satisfy the constraint 'Record<string, Component<any, any, any, ComputedOptions, MethodOptions, {}, any>>'.
  Index signature for type 'string' is missing in type 'GlobalComponents'.
node_modules/.pnpm/@ozwasyd+element-plus@file+..+final-candidate.tgz_vue@3.5.32_typescript@6.0.2_/node_modules/@ozwasyd/element-plus/es/components/inbox-primitives/index.d.ts(1877,20): error TS2344: Type 'GlobalComponents' does not satisfy the constraint 'Record<string, Component<any, any, any, ComputedOptions, MethodOptions, {}, any>>'.
  Index signature for type 'string' is missing in type 'GlobalComponents'.
node_modules/.pnpm/@ozwasyd+element-plus@file+..+final-candidate.tgz_vue@3.5.32_typescript@6.0.2_/node_modules/@ozwasyd/element-plus/es/components/inbox-primitives/index.d.ts(1974,12): error TS2300: Duplicate identifier 'event'.
node_modules/.pnpm/@ozwasyd+element-plus@file+..+final-candidate.tgz_vue@3.5.32_typescript@6.0.2_/node_modules/@ozwasyd/element-plus/es/components/inbox-primitives/index.d.ts(1974,29): error TS2300: Duplicate identifier 'event'.
node_modules/.pnpm/@ozwasyd+element-plus@file+..+final-candidate.tgz_vue@3.5.32_typescript@6.0.2_/node_modules/@ozwasyd/element-plus/es/components/inbox-primitives/index.d.ts(2159,20): error TS2300: Duplicate identifier 'event'.
node_modules/.pnpm/@ozwasyd+element-plus@file+..+final-candidate.tgz_vue@3.5.32_typescript@6.0.2_/node_modules/@ozwasyd/element-plus/es/components/inbox-primitives/index.d.ts(2159,37): error TS2300: Duplicate identifier 'event'.
node_modules/.pnpm/@ozwasyd+element-plus@file+..+final-candidate.tgz_vue@3.5.32_typescript@6.0.2_/node_modules/@ozwasyd/element-plus/es/components/inbox-primitives/index.d.ts(2199,26): error TS2344: Type 'GlobalComponents' does not satisfy the constraint 'Record<string, Component<any, any, any, ComputedOptions, MethodOptions, {}, any>>'.
  Index signature for type 'string' is missing in type 'GlobalComponents'.
node_modules/.pnpm/@ozwasyd+element-plus@file+..+final-candidate.tgz_vue@3.5.32_typescript@6.0.2_/node_modules/@ozwasyd/element-plus/es/components/inbox-primitives/index.d.ts(2302,20): error TS2300: Duplicate identifier 'event'.
node_modules/.pnpm/@ozwasyd+element-plus@file+..+final-candidate.tgz_vue@3.5.32_typescript@6.0.2_/node_modules/@ozwasyd/element-plus/es/components/inbox-primitives/index.d.ts(2302,37): error TS2300: Duplicate identifier 'event'.
node_modules/.pnpm/@ozwasyd+element-plus@file+..+final-candidate.tgz_vue@3.5.32_typescript@6.0.2_/node_modules/@ozwasyd/element-plus/es/components/inbox-primitives/index.d.ts(2440,16): error TS2300: Duplicate identifier 'event'.
node_modules/.pnpm/@ozwasyd+element-plus@file+..+final-candidate.tgz_vue@3.5.32_typescript@6.0.2_/node_modules/@ozwasyd/element-plus/es/components/inbox-primitives/index.d.ts(2440,33): error TS2300: Duplicate identifier 'event'.
node_modules/.pnpm/@ozwasyd+element-plus@file+..+final-candidate.tgz_vue@3.5.32_typescript@6.0.2_/node_modules/@ozwasyd/element-plus/es/components/inbox-primitives/index.d.ts(2480,24): error TS2344: Type 'GlobalComponents' does not satisfy the constraint 'Record<string, Component<any, any, any, ComputedOptions, MethodOptions, {}, any>>'.
  Index signature for type 'string' is missing in type 'GlobalComponents'.
node_modules/.pnpm/@ozwasyd+element-plus@file+..+final-candidate.tgz_vue@3.5.32_typescript@6.0.2_/node_modules/@ozwasyd/element-plus/es/components/inbox-primitives/index.d.ts(2581,16): error TS2300: Duplicate identifier 'event'.
node_modules/.pnpm/@ozwasyd+element-plus@file+..+final-candidate.tgz_vue@3.5.32_typescript@6.0.2_/node_modules/@ozwasyd/element-plus/es/components/inbox-primitives/index.d.ts(2581,33): error TS2300: Duplicate identifier 'event'.
node_modules/.pnpm/@ozwasyd+element-plus@file+..+final-candidate.tgz_vue@3.5.32_typescript@6.0.2_/node_modules/@ozwasyd/element-plus/es/components/inbox-primitives/index.d.ts(2621,22): error TS2344: Type 'GlobalComponents' does not satisfy the constraint 'Record<string, Component<any, any, any, ComputedOptions, MethodOptions, {}, any>>'.
  Index signature for type 'string' is missing in type 'GlobalComponents'.
node_modules/.pnpm/@ozwasyd+element-plus@file+..+final-candidate.tgz_vue@3.5.32_typescript@6.0.2_/node_modules/@ozwasyd/element-plus/es/components/inbox-primitives/index.d.ts(2724,16): error TS2300: Duplicate identifier 'event'.
node_modules/.pnpm/@ozwasyd+element-plus@file+..+final-candidate.tgz_vue@3.5.32_typescript@6.0.2_/node_modules/@ozwasyd/element-plus/es/components/inbox-primitives/index.d.ts(2724,33): error TS2300: Duplicate identifier 'event'.
node_modules/.pnpm/@ozwasyd+element-plus@file+..+final-candidate.tgz_vue@3.5.32_typescript@6.0.2_/node_modules/@ozwasyd/element-plus/es/components/inbox-primitives/index.d.ts(2862,12): error TS2300: Duplicate identifier 'event'.
node_modules/.pnpm/@ozwasyd+element-plus@file+..+final-candidate.tgz_vue@3.5.32_typescript@6.0.2_/node_modules/@ozwasyd/element-plus/es/components/inbox-primitives/index.d.ts(2862,29): error TS2300: Duplicate identifier 'event'.
node_modules/.pnpm/@ozwasyd+element-plus@file+..+final-candidate.tgz_vue@3.5.32_typescript@6.0.2_/node_modules/@ozwasyd/element-plus/es/components/inbox-primitives/index.d.ts(2902,20): error TS2344: Type 'GlobalComponents' does not satisfy the constraint 'Record<string, Component<any, any, any, ComputedOptions, MethodOptions, {}, any>>'.
  Index signature for type 'string' is missing in type 'GlobalComponents'.
node_modules/.pnpm/@ozwasyd+element-plus@file+..+final-candidate.tgz_vue@3.5.32_typescript@6.0.2_/node_modules/@ozwasyd/element-plus/es/components/inbox-primitives/index.d.ts(3091,26): error TS2344: Type 'GlobalComponents' does not satisfy the constraint 'Record<string, Component<any, any, any, ComputedOptions, MethodOptions, {}, any>>'.
  Index signature for type 'string' is missing in type 'GlobalComponents'.
node_modules/.pnpm/@ozwasyd+element-plus@file+..+final-candidate.tgz_vue@3.5.32_typescript@6.0.2_/node_modules/@ozwasyd/element-plus/es/components/inbox-primitives/index.d.ts(3264,24): error TS2344: Type 'GlobalComponents' does not satisfy the constraint 'Record<string, Component<any, any, any, ComputedOptions, MethodOptions, {}, any>>'.
  Index signature for type 'string' is missing in type 'GlobalComponents'.
node_modules/.pnpm/@ozwasyd+element-plus@file+..+final-candidate.tgz_vue@3.5.32_typescript@6.0.2_/node_modules/@ozwasyd/element-plus/es/components/inbox-primitives/index.d.ts(3350,22): error TS2344: Type 'GlobalComponents' does not satisfy the constraint 'Record<string, Component<any, any, any, ComputedOptions, MethodOptions, {}, any>>'.
  Index signature for type 'string' is missing in type 'GlobalComponents'.
node_modules/.pnpm/@ozwasyd+element-plus@file+..+final-candidate.tgz_vue@3.5.32_typescript@6.0.2_/node_modules/@ozwasyd/element-plus/es/components/inbox-primitives/index.d.ts(3523,20): error TS2344: Type 'GlobalComponents' does not satisfy the constraint 'Record<string, Component<any, any, any, ComputedOptions, MethodOptions, {}, any>>'.
  Index signature for type 'string' is missing in type 'GlobalComponents'.
node_modules/.pnpm/@ozwasyd+element-plus@file+..+final-candidate.tgz_vue@3.5.32_typescript@6.0.2_/node_modules/@ozwasyd/element-plus/es/components/inbox-primitives/index.d.ts(3651,26): error TS2344: Type 'GlobalComponents' does not satisfy the constraint 'Record<string, Component<any, any, any, ComputedOptions, MethodOptions, {}, any>>'.
  Index signature for type 'string' is missing in type 'GlobalComponents'.
node_modules/.pnpm/@ozwasyd+element-plus@file+..+final-candidate.tgz_vue@3.5.32_typescript@6.0.2_/node_modules/@ozwasyd/element-plus/es/components/inbox-primitives/index.d.ts(3770,24): error TS2344: Type 'GlobalComponents' does not satisfy the constraint 'Record<string, Component<any, any, any, ComputedOptions, MethodOptions, {}, any>>'.
  Index signature for type 'string' is missing in type 'GlobalComponents'.
node_modules/.pnpm/@ozwasyd+element-plus@file+..+final-candidate.tgz_vue@3.5.32_typescript@6.0.2_/node_modules/@ozwasyd/element-plus/es/components/inbox-primitives/index.d.ts(3829,22): error TS2344: Type 'GlobalComponents' does not satisfy the constraint 'Record<string, Component<any, any, any, ComputedOptions, MethodOptions, {}, any>>'.
  Index signature for type 'string' is missing in type 'GlobalComponents'.
node_modules/.pnpm/@ozwasyd+element-plus@file+..+final-candidate.tgz_vue@3.5.32_typescript@6.0.2_/node_modules/@ozwasyd/element-plus/es/components/inbox-primitives/index.d.ts(3948,20): error TS2344: Type 'GlobalComponents' does not satisfy the constraint 'Record<string, Component<any, any, any, ComputedOptions, MethodOptions, {}, any>>'.
  Index signature for type 'string' is missing in type 'GlobalComponents'.
node_modules/.pnpm/@ozwasyd+element-plus@file+..+final-candidate.tgz_vue@3.5.32_typescript@6.0.2_/node_modules/@ozwasyd/element-plus/es/components/inbox-primitives/index.d.ts(4162,26): error TS2344: Type 'GlobalComponents' does not satisfy the constraint 'Record<string, Component<any, any, any, ComputedOptions, MethodOptions, {}, any>>'.
  Index signature for type 'string' is missing in type 'GlobalComponents'.
node_modules/.pnpm/@ozwasyd+element-plus@file+..+final-candidate.tgz_vue@3.5.32_typescript@6.0.2_/node_modules/@ozwasyd/element-plus/es/components/inbox-primitives/index.d.ts(4353,24): error TS2344: Type 'GlobalComponents' does not satisfy the constraint 'Record<string, Component<any, any, any, ComputedOptions, MethodOptions, {}, any>>'.
  Index signature for type 'string' is missing in type 'GlobalComponents'.
node_modules/.pnpm/@ozwasyd+element-plus@file+..+final-candidate.tgz_vue@3.5.32_typescript@6.0.2_/node_modules/@ozwasyd/element-plus/es/components/inbox-primitives/index.d.ts(4448,22): error TS2344: Type 'GlobalComponents' does not satisfy the constraint 'Record<string, Component<any, any, any, ComputedOptions, MethodOptions, {}, any>>'.
  Index signature for type 'string' is missing in type 'GlobalComponents'.
node_modules/.pnpm/@ozwasyd+element-plus@file+..+final-candidate.tgz_vue@3.5.32_typescript@6.0.2_/node_modules/@ozwasyd/element-plus/es/components/inbox-primitives/index.d.ts(4639,20): error TS2344: Type 'GlobalComponents' does not satisfy the constraint 'Record<string, Component<any, any, any, ComputedOptions, MethodOptions, {}, any>>'.
  Index signature for type 'string' is missing in type 'GlobalComponents'.
node_modules/.pnpm/@ozwasyd+element-plus@file+..+final-candidate.tgz_vue@3.5.32_typescript@6.0.2_/node_modules/@ozwasyd/element-plus/es/components/inbox-primitives/index.d.ts(4730,26): error TS2344: Type 'GlobalComponents' does not satisfy the constraint 'Record<string, Component<any, any, any, ComputedOptions, MethodOptions, {}, any>>'.
  Index signature for type 'string' is missing in type 'GlobalComponents'.
node_modules/.pnpm/@ozwasyd+element-plus@file+..+final-candidate.tgz_vue@3.5.32_typescript@6.0.2_/node_modules/@ozwasyd/element-plus/es/components/inbox-primitives/index.d.ts(4819,24): error TS2344: Type 'GlobalComponents' does not satisfy the constraint 'Record<string, Component<any, any, any, ComputedOptions, MethodOptions, {}, any>>'.
  Index signature for type 'string' is missing in type 'GlobalComponents'.
node_modules/.pnpm/@ozwasyd+element-plus@file+..+final-candidate.tgz_vue@3.5.32_typescript@6.0.2_/node_modules/@ozwasyd/element-plus/es/components/inbox-primitives/index.d.ts(4863,22): error TS2344: Type 'GlobalComponents' does not satisfy the constraint 'Record<string, Component<any, any, any, ComputedOptions, MethodOptions, {}, any>>'.
  Index signature for type 'string' is missing in type 'GlobalComponents'.
node_modules/.pnpm/@ozwasyd+element-plus@file+..+final-candidate.tgz_vue@3.5.32_typescript@6.0.2_/node_modules/@ozwasyd/element-plus/es/components/inbox-primitives/index.d.ts(4952,20): error TS2344: Type 'GlobalComponents' does not satisfy the constraint 'Record<string, Component<any, any, any, ComputedOptions, MethodOptions, {}, any>>'.
  Index signature for type 'string' is missing in type 'GlobalComponents'.
node_modules/.pnpm/@ozwasyd+element-plus@file+..+final-candidate.tgz_vue@3.5.32_typescript@6.0.2_/node_modules/@ozwasyd/element-plus/es/components/inbox-primitives/index.d.ts(5097,26): error TS2344: Type 'GlobalComponents' does not satisfy the constraint 'Record<string, Component<any, any, any, ComputedOptions, MethodOptions, {}, any>>'.
  Index signature for type 'string' is missing in type 'GlobalComponents'.
node_modules/.pnpm/@ozwasyd+element-plus@file+..+final-candidate.tgz_vue@3.5.32_typescript@6.0.2_/node_modules/@ozwasyd/element-plus/es/components/inbox-primitives/index.d.ts(5232,24): error TS2344: Type 'GlobalComponents' does not satisfy the constraint 'Record<string, Component<any, any, any, ComputedOptions, MethodOptions, {}, any>>'.
  Index signature for type 'string' is missing in type 'GlobalComponents'.
node_modules/.pnpm/@ozwasyd+element-plus@file+..+final-candidate.tgz_vue@3.5.32_typescript@6.0.2_/node_modules/@ozwasyd/element-plus/es/components/inbox-primitives/index.d.ts(5299,22): error TS2344: Type 'GlobalComponents' does not satisfy the constraint 'Record<string, Component<any, any, any, ComputedOptions, MethodOptions, {}, any>>'.
  Index signature for type 'string' is missing in type 'GlobalComponents'.
node_modules/.pnpm/@ozwasyd+element-plus@file+..+final-candidate.tgz_vue@3.5.32_typescript@6.0.2_/node_modules/@ozwasyd/element-plus/es/components/inbox-primitives/index.d.ts(5434,20): error TS2344: Type 'GlobalComponents' does not satisfy the constraint 'Record<string, Component<any, any, any, ComputedOptions, MethodOptions, {}, any>>'.
  Index signature for type 'string' is missing in type 'GlobalComponents'.
node_modules/.pnpm/@ozwasyd+element-plus@file+..+final-candidate.tgz_vue@3.5.32_typescript@6.0.2_/node_modules/@ozwasyd/element-plus/es/components/inbox-primitives/index.d.ts(5611,26): error TS2344: Type 'GlobalComponents' does not satisfy the constraint 'Record<string, Component<any, any, any, ComputedOptions, MethodOptions, {}, any>>'.
  Index signature for type 'string' is missing in type 'GlobalComponents'.
node_modules/.pnpm/@ozwasyd+element-plus@file+..+final-candidate.tgz_vue@3.5.32_typescript@6.0.2_/node_modules/@ozwasyd/element-plus/es/components/inbox-primitives/index.d.ts(5772,24): error TS2344: Type 'GlobalComponents' does not satisfy the constraint 'Record<string, Component<any, any, any, ComputedOptions, MethodOptions, {}, any>>'.
  Index signature for type 'string' is missing in type 'GlobalComponents'.
node_modules/.pnpm/@ozwasyd+element-plus@file+..+final-candidate.tgz_vue@3.5.32_typescript@6.0.2_/node_modules/@ozwasyd/element-plus/es/components/inbox-primitives/index.d.ts(5852,22): error TS2344: Type 'GlobalComponents' does not satisfy the constraint 'Record<string, Component<any, any, any, ComputedOptions, MethodOptions, {}, any>>'.
  Index signature for type 'string' is missing in type 'GlobalComponents'.
node_modules/.pnpm/@ozwasyd+element-plus@file+..+final-candidate.tgz_vue@3.5.32_typescript@6.0.2_/node_modules/@ozwasyd/element-plus/es/components/inbox-primitives/index.d.ts(6013,20): error TS2344: Type 'GlobalComponents' does not satisfy the constraint 'Record<string, Component<any, any, any, ComputedOptions, MethodOptions, {}, any>>'.
  Index signature for type 'string' is missing in type 'GlobalComponents'.
node_modules/.pnpm/@ozwasyd+element-plus@file+..+final-candidate.tgz_vue@3.5.32_typescript@6.0.2_/node_modules/@ozwasyd/element-plus/es/components/inbox-primitives/index.d.ts(6190,26): error TS2344: Type 'GlobalComponents' does not satisfy the constraint 'Record<string, Component<any, any, any, ComputedOptions, MethodOptions, {}, any>>'.
  Index signature for type 'string' is missing in type 'GlobalComponents'.
node_modules/.pnpm/@ozwasyd+element-plus@file+..+final-candidate.tgz_vue@3.5.32_typescript@6.0.2_/node_modules/@ozwasyd/element-plus/es/components/inbox-primitives/index.d.ts(6351,24): error TS2344: Type 'GlobalComponents' does not satisfy the constraint 'Record<string, Component<any, any, any, ComputedOptions, MethodOptions, {}, any>>'.
  Index signature for type 'string' is missing in type 'GlobalComponents'.
node_modules/.pnpm/@ozwasyd+element-plus@file+..+final-candidate.tgz_vue@3.5.32_typescript@6.0.2_/node_modules/@ozwasyd/element-plus/es/components/inbox-primitives/index.d.ts(6431,22): error TS2344: Type 'GlobalComponents' does not satisfy the constraint 'Record<string, Component<any, any, any, ComputedOptions, MethodOptions, {}, any>>'.
  Index signature for type 'string' is missing in type 'GlobalComponents'.
node_modules/.pnpm/@ozwasyd+element-plus@file+..+final-candidate.tgz_vue@3.5.32_typescript@6.0.2_/node_modules/@ozwasyd/element-plus/es/components/inbox-primitives/index.d.ts(6592,20): error TS2344: Type 'GlobalComponents' does not satisfy the constraint 'Record<string, Component<any, any, any, ComputedOptions, MethodOptions, {}, any>>'.
  Index signature for type 'string' is missing in type 'GlobalComponents'.
node_modules/.pnpm/@ozwasyd+element-plus@file+..+final-candidate.tgz_vue@3.5.32_typescript@6.0.2_/node_modules/@ozwasyd/element-plus/es/components/inbox-primitives/src/conversation-list-item.vue.d.ts(95,12): error TS2300: Duplicate identifier 'event'.
node_modules/.pnpm/@ozwasyd+element-plus@file+..+final-candidate.tgz_vue@3.5.32_typescript@6.0.2_/node_modules/@ozwasyd/element-plus/es/components/inbox-primitives/src/conversation-list-item.vue.d.ts(95,29): error TS2300: Duplicate identifier 'event'.
node_modules/.pnpm/@ozwasyd+element-plus@file+..+final-candidate.tgz_vue@3.5.32_typescript@6.0.2_/node_modules/@ozwasyd/element-plus/es/components/index.d.ts(12,15): error TS2307: Cannot find module './cascader' or its corresponding type declarations.
node_modules/.pnpm/@ozwasyd+element-plus@file+..+final-candidate.tgz_vue@3.5.32_typescript@6.0.2_/node_modules/@ozwasyd/element-plus/es/components/index.d.ts(56,15): error TS2307: Cannot find module './select' or its corresponding type declarations.
node_modules/.pnpm/@ozwasyd+element-plus@file+..+final-candidate.tgz_vue@3.5.32_typescript@6.0.2_/node_modules/@ozwasyd/element-plus/es/components/index.d.ts(61,15): error TS2307: Cannot find module './slider' or its corresponding type declarations.
node_modules/.pnpm/@ozwasyd+element-plus@file+..+final-candidate.tgz_vue@3.5.32_typescript@6.0.2_/node_modules/@ozwasyd/element-plus/es/components/index.d.ts(74,15): error TS2307: Cannot find module './time-select' or its corresponding type declarations.
node_modules/.pnpm/@ozwasyd+element-plus@file+..+final-candidate.tgz_vue@3.5.32_typescript@6.0.2_/node_modules/@ozwasyd/element-plus/es/components/markdown-editor/index.d.ts(987,378): error TS2300: Duplicate identifier 'event'.
node_modules/.pnpm/@ozwasyd+element-plus@file+..+final-candidate.tgz_vue@3.5.32_typescript@6.0.2_/node_modules/@ozwasyd/element-plus/es/components/markdown-editor/index.d.ts(987,405): error TS2300: Duplicate identifier 'event'.
node_modules/.pnpm/@ozwasyd+element-plus@file+..+final-candidate.tgz_vue@3.5.32_typescript@6.0.2_/node_modules/@ozwasyd/element-plus/es/components/markdown-editor/index.d.ts(987,558): error TS2300: Duplicate identifier 'event'.
node_modules/.pnpm/@ozwasyd+element-plus@file+..+final-candidate.tgz_vue@3.5.32_typescript@6.0.2_/node_modules/@ozwasyd/element-plus/es/components/markdown-editor/index.d.ts(987,580): error TS2300: Duplicate identifier 'event'.
node_modules/.pnpm/@ozwasyd+element-plus@file+..+final-candidate.tgz_vue@3.5.32_typescript@6.0.2_/node_modules/@ozwasyd/element-plus/es/components/markdown-editor/src/markdown-editor.vue.d.ts(1039,337): error TS2300: Duplicate identifier 'event'.
node_modules/.pnpm/@ozwasyd+element-plus@file+..+final-candidate.tgz_vue@3.5.32_typescript@6.0.2_/node_modules/@ozwasyd/element-plus/es/components/markdown-editor/src/markdown-editor.vue.d.ts(1039,364): error TS2300: Duplicate identifier 'event'.
node_modules/.pnpm/@ozwasyd+element-plus@file+..+final-candidate.tgz_vue@3.5.32_typescript@6.0.2_/node_modules/@ozwasyd/element-plus/es/components/markdown-editor/src/markdown-editor.vue.d.ts(1039,517): error TS2300: Duplicate identifier 'event'.
node_modules/.pnpm/@ozwasyd+element-plus@file+..+final-candidate.tgz_vue@3.5.32_typescript@6.0.2_/node_modules/@ozwasyd/element-plus/es/components/markdown-editor/src/markdown-editor.vue.d.ts(1039,539): error TS2300: Duplicate identifier 'event'.
node_modules/.pnpm/@ozwasyd+element-plus@file+..+final-candidate.tgz_vue@3.5.32_typescript@6.0.2_/node_modules/@ozwasyd/element-plus/es/components/metric-primitives/index.d.ts(126,26): error TS2344: Type 'GlobalComponents' does not satisfy the constraint 'Record<string, Component<any, any, any, ComputedOptions, MethodOptions, {}, any>>'.
  Index signature for type 'string' is missing in type 'GlobalComponents'.
node_modules/.pnpm/@ozwasyd+element-plus@file+..+final-candidate.tgz_vue@3.5.32_typescript@6.0.2_/node_modules/@ozwasyd/element-plus/es/components/metric-primitives/index.d.ts(245,24): error TS2344: Type 'GlobalComponents' does not satisfy the constraint 'Record<string, Component<any, any, any, ComputedOptions, MethodOptions, {}, any>>'.
  Index signature for type 'string' is missing in type 'GlobalComponents'.
node_modules/.pnpm/@ozwasyd+element-plus@file+..+final-candidate.tgz_vue@3.5.32_typescript@6.0.2_/node_modules/@ozwasyd/element-plus/es/components/metric-primitives/index.d.ts(304,22): error TS2344: Type 'GlobalComponents' does not satisfy the constraint 'Record<string, Component<any, any, any, ComputedOptions, MethodOptions, {}, any>>'.
  Index signature for type 'string' is missing in type 'GlobalComponents'.
node_modules/.pnpm/@ozwasyd+element-plus@file+..+final-candidate.tgz_vue@3.5.32_typescript@6.0.2_/node_modules/@ozwasyd/element-plus/es/components/metric-primitives/index.d.ts(423,20): error TS2344: Type 'GlobalComponents' does not satisfy the constraint 'Record<string, Component<any, any, any, ComputedOptions, MethodOptions, {}, any>>'.
  Index signature for type 'string' is missing in type 'GlobalComponents'.
node_modules/.pnpm/@ozwasyd+element-plus@file+..+final-candidate.tgz_vue@3.5.32_typescript@6.0.2_/node_modules/@ozwasyd/element-plus/es/components/metric-primitives/index.d.ts(678,26): error TS2344: Type 'GlobalComponents' does not satisfy the constraint 'Record<string, Component<any, any, any, ComputedOptions, MethodOptions, {}, any>>'.
  Index signature for type 'string' is missing in type 'GlobalComponents'.
node_modules/.pnpm/@ozwasyd+element-plus@file+..+final-candidate.tgz_vue@3.5.32_typescript@6.0.2_/node_modules/@ozwasyd/element-plus/es/components/metric-primitives/index.d.ts(903,24): error TS2344: Type 'GlobalComponents' does not satisfy the constraint 'Record<string, Component<any, any, any, ComputedOptions, MethodOptions, {}, any>>'.
  Index signature for type 'string' is missing in type 'GlobalComponents'.
node_modules/.pnpm/@ozwasyd+element-plus@file+..+final-candidate.tgz_vue@3.5.32_typescript@6.0.2_/node_modules/@ozwasyd/element-plus/es/components/metric-primitives/index.d.ts(1015,22): error TS2344: Type 'GlobalComponents' does not satisfy the constraint 'Record<string, Component<any, any, any, ComputedOptions, MethodOptions, {}, any>>'.
  Index signature for type 'string' is missing in type 'GlobalComponents'.
node_modules/.pnpm/@ozwasyd+element-plus@file+..+final-candidate.tgz_vue@3.5.32_typescript@6.0.2_/node_modules/@ozwasyd/element-plus/es/components/metric-primitives/index.d.ts(1240,20): error TS2344: Type 'GlobalComponents' does not satisfy the constraint 'Record<string, Component<any, any, any, ComputedOptions, MethodOptions, {}, any>>'.
  Index signature for type 'string' is missing in type 'GlobalComponents'.
node_modules/.pnpm/@ozwasyd+element-plus@file+..+final-candidate.tgz_vue@3.5.32_typescript@6.0.2_/node_modules/@ozwasyd/element-plus/es/components/metric-primitives/index.d.ts(1368,26): error TS2344: Type 'GlobalComponents' does not satisfy the constraint 'Record<string, Component<any, any, any, ComputedOptions, MethodOptions, {}, any>>'.
  Index signature for type 'string' is missing in type 'GlobalComponents'.
node_modules/.pnpm/@ozwasyd+element-plus@file+..+final-candidate.tgz_vue@3.5.32_typescript@6.0.2_/node_modules/@ozwasyd/element-plus/es/components/metric-primitives/index.d.ts(1487,24): error TS2344: Type 'GlobalComponents' does not satisfy the constraint 'Record<string, Component<any, any, any, ComputedOptions, MethodOptions, {}, any>>'.
  Index signature for type 'string' is missing in type 'GlobalComponents'.
node_modules/.pnpm/@ozwasyd+element-plus@file+..+final-candidate.tgz_vue@3.5.32_typescript@6.0.2_/node_modules/@ozwasyd/element-plus/es/components/metric-primitives/index.d.ts(1546,22): error TS2344: Type 'GlobalComponents' does not satisfy the constraint 'Record<string, Component<any, any, any, ComputedOptions, MethodOptions, {}, any>>'.
  Index signature for type 'string' is missing in type 'GlobalComponents'.
node_modules/.pnpm/@ozwasyd+element-plus@file+..+final-candidate.tgz_vue@3.5.32_typescript@6.0.2_/node_modules/@ozwasyd/element-plus/es/components/metric-primitives/index.d.ts(1665,20): error TS2344: Type 'GlobalComponents' does not satisfy the constraint 'Record<string, Component<any, any, any, ComputedOptions, MethodOptions, {}, any>>'.
  Index signature for type 'string' is missing in type 'GlobalComponents'.
node_modules/.pnpm/@ozwasyd+element-plus@file+..+final-candidate.tgz_vue@3.5.32_typescript@6.0.2_/node_modules/@ozwasyd/element-plus/es/components/metric-primitives/index.d.ts(1924,26): error TS2344: Type 'GlobalComponents' does not satisfy the constraint 'Record<string, Component<any, any, any, ComputedOptions, MethodOptions, {}, any>>'.
  Index signature for type 'string' is missing in type 'GlobalComponents'.
node_modules/.pnpm/@ozwasyd+element-plus@file+..+final-candidate.tgz_vue@3.5.32_typescript@6.0.2_/node_modules/@ozwasyd/element-plus/es/components/metric-primitives/index.d.ts(2153,24): error TS2344: Type 'GlobalComponents' does not satisfy the constraint 'Record<string, Component<any, any, any, ComputedOptions, MethodOptions, {}, any>>'.
  Index signature for type 'string' is missing in type 'GlobalComponents'.
node_modules/.pnpm/@ozwasyd+element-plus@file+..+final-candidate.tgz_vue@3.5.32_typescript@6.0.2_/node_modules/@ozwasyd/element-plus/es/components/metric-primitives/index.d.ts(2267,22): error TS2344: Type 'GlobalComponents' does not satisfy the constraint 'Record<string, Component<any, any, any, ComputedOptions, MethodOptions, {}, any>>'.
  Index signature for type 'string' is missing in type 'GlobalComponents'.
node_modules/.pnpm/@ozwasyd+element-plus@file+..+final-candidate.tgz_vue@3.5.32_typescript@6.0.2_/node_modules/@ozwasyd/element-plus/es/components/metric-primitives/index.d.ts(2496,20): error TS2344: Type 'GlobalComponents' does not satisfy the constraint 'Record<string, Component<any, any, any, ComputedOptions, MethodOptions, {}, any>>'.
  Index signature for type 'string' is missing in type 'GlobalComponents'.
node_modules/.pnpm/@ozwasyd+element-plus@file+..+final-candidate.tgz_vue@3.5.32_typescript@6.0.2_/node_modules/@ozwasyd/element-plus/es/components/metric-primitives/index.d.ts(2587,26): error TS2344: Type 'GlobalComponents' does not satisfy the constraint 'Record<string, Component<any, any, any, ComputedOptions, MethodOptions, {}, any>>'.
  Index signature for type 'string' is missing in type 'GlobalComponents'.
node_modules/.pnpm/@ozwasyd+element-plus@file+..+final-candidate.tgz_vue@3.5.32_typescript@6.0.2_/node_modules/@ozwasyd/element-plus/es/components/metric-primitives/index.d.ts(2676,24): error TS2344: Type 'GlobalComponents' does not satisfy the constraint 'Record<string, Component<any, any, any, ComputedOptions, MethodOptions, {}, any>>'.
  Index signature for type 'string' is missing in type 'GlobalComponents'.
node_modules/.pnpm/@ozwasyd+element-plus@file+..+final-candidate.tgz_vue@3.5.32_typescript@6.0.2_/node_modules/@ozwasyd/element-plus/es/components/metric-primitives/index.d.ts(2720,22): error TS2344: Type 'GlobalComponents' does not satisfy the constraint 'Record<string, Component<any, any, any, ComputedOptions, MethodOptions, {}, any>>'.
  Index signature for type 'string' is missing in type 'GlobalComponents'.
node_modules/.pnpm/@ozwasyd+element-plus@file+..+final-candidate.tgz_vue@3.5.32_typescript@6.0.2_/node_modules/@ozwasyd/element-plus/es/components/metric-primitives/index.d.ts(2809,20): error TS2344: Type 'GlobalComponents' does not satisfy the constraint 'Record<string, Component<any, any, any, ComputedOptions, MethodOptions, {}, any>>'.
  Index signature for type 'string' is missing in type 'GlobalComponents'.
node_modules/.pnpm/@ozwasyd+element-plus@file+..+final-candidate.tgz_vue@3.5.32_typescript@6.0.2_/node_modules/@ozwasyd/element-plus/es/components/metric-primitives/index.d.ts(2900,26): error TS2344: Type 'GlobalComponents' does not satisfy the constraint 'Record<string, Component<any, any, any, ComputedOptions, MethodOptions, {}, any>>'.
  Index signature for type 'string' is missing in type 'GlobalComponents'.
node_modules/.pnpm/@ozwasyd+element-plus@file+..+final-candidate.tgz_vue@3.5.32_typescript@6.0.2_/node_modules/@ozwasyd/element-plus/es/components/metric-primitives/index.d.ts(2989,24): error TS2344: Type 'GlobalComponents' does not satisfy the constraint 'Record<string, Component<any, any, any, ComputedOptions, MethodOptions, {}, any>>'.
  Index signature for type 'string' is missing in type 'GlobalComponents'.
node_modules/.pnpm/@ozwasyd+element-plus@file+..+final-candidate.tgz_vue@3.5.32_typescript@6.0.2_/node_modules/@ozwasyd/element-plus/es/components/metric-primitives/index.d.ts(3033,22): error TS2344: Type 'GlobalComponents' does not satisfy the constraint 'Record<string, Component<any, any, any, ComputedOptions, MethodOptions, {}, any>>'.
  Index signature for type 'string' is missing in type 'GlobalComponents'.
node_modules/.pnpm/@ozwasyd+element-plus@file+..+final-candidate.tgz_vue@3.5.32_typescript@6.0.2_/node_modules/@ozwasyd/element-plus/es/components/metric-primitives/index.d.ts(3122,20): error TS2344: Type 'GlobalComponents' does not satisfy the constraint 'Record<string, Component<any, any, any, ComputedOptions, MethodOptions, {}, any>>'.
  Index signature for type 'string' is missing in type 'GlobalComponents'.
node_modules/.pnpm/@ozwasyd+element-plus@file+..+final-candidate.tgz_vue@3.5.32_typescript@6.0.2_/node_modules/@ozwasyd/element-plus/es/components/metric-primitives/index.d.ts(3334,26): error TS2344: Type 'GlobalComponents' does not satisfy the constraint 'Record<string, Component<any, any, any, ComputedOptions, MethodOptions, {}, any>>'.
  Index signature for type 'string' is missing in type 'GlobalComponents'.
node_modules/.pnpm/@ozwasyd+element-plus@file+..+final-candidate.tgz_vue@3.5.32_typescript@6.0.2_/node_modules/@ozwasyd/element-plus/es/components/metric-primitives/index.d.ts(3523,24): error TS2344: Type 'GlobalComponents' does not satisfy the constraint 'Record<string, Component<any, any, any, ComputedOptions, MethodOptions, {}, any>>'.
  Index signature for type 'string' is missing in type 'GlobalComponents'.
node_modules/.pnpm/@ozwasyd+element-plus@file+..+final-candidate.tgz_vue@3.5.32_typescript@6.0.2_/node_modules/@ozwasyd/element-plus/es/components/metric-primitives/index.d.ts(3617,22): error TS2344: Type 'GlobalComponents' does not satisfy the constraint 'Record<string, Component<any, any, any, ComputedOptions, MethodOptions, {}, any>>'.
  Index signature for type 'string' is missing in type 'GlobalComponents'.
node_modules/.pnpm/@ozwasyd+element-plus@file+..+final-candidate.tgz_vue@3.5.32_typescript@6.0.2_/node_modules/@ozwasyd/element-plus/es/components/metric-primitives/index.d.ts(3806,20): error TS2344: Type 'GlobalComponents' does not satisfy the constraint 'Record<string, Component<any, any, any, ComputedOptions, MethodOptions, {}, any>>'.
  Index signature for type 'string' is missing in type 'GlobalComponents'.
node_modules/.pnpm/@ozwasyd+element-plus@file+..+final-candidate.tgz_vue@3.5.32_typescript@6.0.2_/node_modules/@ozwasyd/element-plus/es/components/metric-primitives/index.d.ts(4061,26): error TS2344: Type 'GlobalComponents' does not satisfy the constraint 'Record<string, Component<any, any, any, ComputedOptions, MethodOptions, {}, any>>'.
  Index signature for type 'string' is missing in type 'GlobalComponents'.
node_modules/.pnpm/@ozwasyd+element-plus@file+..+final-candidate.tgz_vue@3.5.32_typescript@6.0.2_/node_modules/@ozwasyd/element-plus/es/components/metric-primitives/index.d.ts(4286,24): error TS2344: Type 'GlobalComponents' does not satisfy the constraint 'Record<string, Component<any, any, any, ComputedOptions, MethodOptions, {}, any>>'.
  Index signature for type 'string' is missing in type 'GlobalComponents'.
node_modules/.pnpm/@ozwasyd+element-plus@file+..+final-candidate.tgz_vue@3.5.32_typescript@6.0.2_/node_modules/@ozwasyd/element-plus/es/components/metric-primitives/index.d.ts(4398,22): error TS2344: Type 'GlobalComponents' does not satisfy the constraint 'Record<string, Component<any, any, any, ComputedOptions, MethodOptions, {}, any>>'.
  Index signature for type 'string' is missing in type 'GlobalComponents'.
node_modules/.pnpm/@ozwasyd+element-plus@file+..+final-candidate.tgz_vue@3.5.32_typescript@6.0.2_/node_modules/@ozwasyd/element-plus/es/components/metric-primitives/index.d.ts(4623,20): error TS2344: Type 'GlobalComponents' does not satisfy the constraint 'Record<string, Component<any, any, any, ComputedOptions, MethodOptions, {}, any>>'.
  Index signature for type 'string' is missing in type 'GlobalComponents'.
node_modules/.pnpm/@ozwasyd+element-plus@file+..+final-candidate.tgz_vue@3.5.32_typescript@6.0.2_/node_modules/@ozwasyd/element-plus/es/components/metric-primitives/index.d.ts(4751,26): error TS2344: Type 'GlobalComponents' does not satisfy the constraint 'Record<string, Component<any, any, any, ComputedOptions, MethodOptions, {}, any>>'.
  Index signature for type 'string' is missing in type 'GlobalComponents'.
node_modules/.pnpm/@ozwasyd+element-plus@file+..+final-candidate.tgz_vue@3.5.32_typescript@6.0.2_/node_modules/@ozwasyd/element-plus/es/components/metric-primitives/index.d.ts(4870,24): error TS2344: Type 'GlobalComponents' does not satisfy the constraint 'Record<string, Component<any, any, any, ComputedOptions, MethodOptions, {}, any>>'.
  Index signature for type 'string' is missing in type 'GlobalComponents'.
node_modules/.pnpm/@ozwasyd+element-plus@file+..+final-candidate.tgz_vue@3.5.32_typescript@6.0.2_/node_modules/@ozwasyd/element-plus/es/components/metric-primitives/index.d.ts(4929,22): error TS2344: Type 'GlobalComponents' does not satisfy the constraint 'Record<string, Component<any, any, any, ComputedOptions, MethodOptions, {}, any>>'.
  Index signature for type 'string' is missing in type 'GlobalComponents'.
node_modules/.pnpm/@ozwasyd+element-plus@file+..+final-candidate.tgz_vue@3.5.32_typescript@6.0.2_/node_modules/@ozwasyd/element-plus/es/components/metric-primitives/index.d.ts(5048,20): error TS2344: Type 'GlobalComponents' does not satisfy the constraint 'Record<string, Component<any, any, any, ComputedOptions, MethodOptions, {}, any>>'.
  Index signature for type 'string' is missing in type 'GlobalComponents'.
node_modules/.pnpm/@ozwasyd+element-plus@file+..+final-candidate.tgz_vue@3.5.32_typescript@6.0.2_/node_modules/@ozwasyd/element-plus/es/components/metric-primitives/index.d.ts(5384,26): error TS2344: Type 'GlobalComponents' does not satisfy the constraint 'Record<string, Component<any, any, any, ComputedOptions, MethodOptions, {}, any>>'.
  Index signature for type 'string' is missing in type 'GlobalComponents'.
node_modules/.pnpm/@ozwasyd+element-plus@file+..+final-candidate.tgz_vue@3.5.32_typescript@6.0.2_/node_modules/@ozwasyd/element-plus/es/components/metric-primitives/index.d.ts(5675,24): error TS2344: Type 'GlobalComponents' does not satisfy the constraint 'Record<string, Component<any, any, any, ComputedOptions, MethodOptions, {}, any>>'.
  Index signature for type 'string' is missing in type 'GlobalComponents'.
node_modules/.pnpm/@ozwasyd+element-plus@file+..+final-candidate.tgz_vue@3.5.32_typescript@6.0.2_/node_modules/@ozwasyd/element-plus/es/components/metric-primitives/index.d.ts(5820,22): error TS2344: Type 'GlobalComponents' does not satisfy the constraint 'Record<string, Component<any, any, any, ComputedOptions, MethodOptions, {}, any>>'.
  Index signature for type 'string' is missing in type 'GlobalComponents'.
node_modules/.pnpm/@ozwasyd+element-plus@file+..+final-candidate.tgz_vue@3.5.32_typescript@6.0.2_/node_modules/@ozwasyd/element-plus/es/components/metric-primitives/index.d.ts(6111,20): error TS2344: Type 'GlobalComponents' does not satisfy the constraint 'Record<string, Component<any, any, any, ComputedOptions, MethodOptions, {}, any>>'.
  Index signature for type 'string' is missing in type 'GlobalComponents'.
node_modules/.pnpm/@ozwasyd+element-plus@file+..+final-candidate.tgz_vue@3.5.32_typescript@6.0.2_/node_modules/@ozwasyd/element-plus/es/components/metric-primitives/index.d.ts(6383,26): error TS2344: Type 'GlobalComponents' does not satisfy the constraint 'Record<string, Component<any, any, any, ComputedOptions, MethodOptions, {}, any>>'.
  Index signature for type 'string' is missing in type 'GlobalComponents'.
node_modules/.pnpm/@ozwasyd+element-plus@file+..+final-candidate.tgz_vue@3.5.32_typescript@6.0.2_/node_modules/@ozwasyd/element-plus/es/components/metric-primitives/index.d.ts(6621,24): error TS2344: Type 'GlobalComponents' does not satisfy the constraint 'Record<string, Component<any, any, any, ComputedOptions, MethodOptions, {}, any>>'.
  Index signature for type 'string' is missing in type 'GlobalComponents'.
node_modules/.pnpm/@ozwasyd+element-plus@file+..+final-candidate.tgz_vue@3.5.32_typescript@6.0.2_/node_modules/@ozwasyd/element-plus/es/components/metric-primitives/index.d.ts(6741,22): error TS2344: Type 'GlobalComponents' does not satisfy the constraint 'Record<string, Component<any, any, any, ComputedOptions, MethodOptions, {}, any>>'.
  Index signature for type 'string' is missing in type 'GlobalComponents'.
node_modules/.pnpm/@ozwasyd+element-plus@file+..+final-candidate.tgz_vue@3.5.32_typescript@6.0.2_/node_modules/@ozwasyd/element-plus/es/components/metric-primitives/index.d.ts(6979,20): error TS2344: Type 'GlobalComponents' does not satisfy the constraint 'Record<string, Component<any, any, any, ComputedOptions, MethodOptions, {}, any>>'.
  Index signature for type 'string' is missing in type 'GlobalComponents'.
node_modules/.pnpm/@ozwasyd+element-plus@file+..+final-candidate.tgz_vue@3.5.32_typescript@6.0.2_/node_modules/@ozwasyd/element-plus/es/components/settings-primitives/index.d.ts(172,26): error TS2344: Type 'GlobalComponents' does not satisfy the constraint 'Record<string, Component<any, any, any, ComputedOptions, MethodOptions, {}, any>>'.
  Index signature for type 'string' is missing in type 'GlobalComponents'.
node_modules/.pnpm/@ozwasyd+element-plus@file+..+final-candidate.tgz_vue@3.5.32_typescript@6.0.2_/node_modules/@ozwasyd/element-plus/es/components/settings-primitives/index.d.ts(329,24): error TS2344: Type 'GlobalComponents' does not satisfy the constraint 'Record<string, Component<any, any, any, ComputedOptions, MethodOptions, {}, any>>'.
  Index signature for type 'string' is missing in type 'GlobalComponents'.
node_modules/.pnpm/@ozwasyd+element-plus@file+..+final-candidate.tgz_vue@3.5.32_typescript@6.0.2_/node_modules/@ozwasyd/element-plus/es/components/settings-primitives/index.d.ts(407,22): error TS2344: Type 'GlobalComponents' does not satisfy the constraint 'Record<string, Component<any, any, any, ComputedOptions, MethodOptions, {}, any>>'.
  Index signature for type 'string' is missing in type 'GlobalComponents'.
node_modules/.pnpm/@ozwasyd+element-plus@file+..+final-candidate.tgz_vue@3.5.32_typescript@6.0.2_/node_modules/@ozwasyd/element-plus/es/components/settings-primitives/index.d.ts(564,20): error TS2344: Type 'GlobalComponents' does not satisfy the constraint 'Record<string, Component<any, any, any, ComputedOptions, MethodOptions, {}, any>>'.
  Index signature for type 'string' is missing in type 'GlobalComponents'.
node_modules/.pnpm/@ozwasyd+element-plus@file+..+final-candidate.tgz_vue@3.5.32_typescript@6.0.2_/node_modules/@ozwasyd/element-plus/es/components/settings-primitives/index.d.ts(664,26): error TS2344: Type 'GlobalComponents' does not satisfy the constraint 'Record<string, Component<any, any, any, ComputedOptions, MethodOptions, {}, any>>'.
  Index signature for type 'string' is missing in type 'GlobalComponents'.
node_modules/.pnpm/@ozwasyd+element-plus@file+..+final-candidate.tgz_vue@3.5.32_typescript@6.0.2_/node_modules/@ozwasyd/element-plus/es/components/settings-primitives/index.d.ts(761,24): error TS2344: Type 'GlobalComponents' does not satisfy the constraint 'Record<string, Component<any, any, any, ComputedOptions, MethodOptions, {}, any>>'.
  Index signature for type 'string' is missing in type 'GlobalComponents'.
node_modules/.pnpm/@ozwasyd+element-plus@file+..+final-candidate.tgz_vue@3.5.32_typescript@6.0.2_/node_modules/@ozwasyd/element-plus/es/components/settings-primitives/index.d.ts(809,22): error TS2344: Type 'GlobalComponents' does not satisfy the constraint 'Record<string, Component<any, any, any, ComputedOptions, MethodOptions, {}, any>>'.
  Index signature for type 'string' is missing in type 'GlobalComponents'.
node_modules/.pnpm/@ozwasyd+element-plus@file+..+final-candidate.tgz_vue@3.5.32_typescript@6.0.2_/node_modules/@ozwasyd/element-plus/es/components/settings-primitives/index.d.ts(906,20): error TS2344: Type 'GlobalComponents' does not satisfy the constraint 'Record<string, Component<any, any, any, ComputedOptions, MethodOptions, {}, any>>'.
  Index signature for type 'string' is missing in type 'GlobalComponents'.
node_modules/.pnpm/@ozwasyd+element-plus@file+..+final-candidate.tgz_vue@3.5.32_typescript@6.0.2_/node_modules/@ozwasyd/element-plus/es/components/settings-primitives/index.d.ts(1139,26): error TS2344: Type 'GlobalComponents' does not satisfy the constraint 'Record<string, Component<any, any, any, ComputedOptions, MethodOptions, {}, any>>'.
  Index signature for type 'string' is missing in type 'GlobalComponents'.
node_modules/.pnpm/@ozwasyd+element-plus@file+..+final-candidate.tgz_vue@3.5.32_typescript@6.0.2_/node_modules/@ozwasyd/element-plus/es/components/settings-primitives/index.d.ts(1346,24): error TS2344: Type 'GlobalComponents' does not satisfy the constraint 'Record<string, Component<any, any, any, ComputedOptions, MethodOptions, {}, any>>'.
  Index signature for type 'string' is missing in type 'GlobalComponents'.
node_modules/.pnpm/@ozwasyd+element-plus@file+..+final-candidate.tgz_vue@3.5.32_typescript@6.0.2_/node_modules/@ozwasyd/element-plus/es/components/settings-primitives/index.d.ts(1449,22): error TS2344: Type 'GlobalComponents' does not satisfy the constraint 'Record<string, Component<any, any, any, ComputedOptions, MethodOptions, {}, any>>'.
  Index signature for type 'string' is missing in type 'GlobalComponents'.
node_modules/.pnpm/@ozwasyd+element-plus@file+..+final-candidate.tgz_vue@3.5.32_typescript@6.0.2_/node_modules/@ozwasyd/element-plus/es/components/settings-primitives/index.d.ts(1656,20): error TS2344: Type 'GlobalComponents' does not satisfy the constraint 'Record<string, Component<any, any, any, ComputedOptions, MethodOptions, {}, any>>'.
  Index signature for type 'string' is missing in type 'GlobalComponents'.
node_modules/.pnpm/@ozwasyd+element-plus@file+..+final-candidate.tgz_vue@3.5.32_typescript@6.0.2_/node_modules/@ozwasyd/element-plus/es/components/settings-primitives/index.d.ts(1877,26): error TS2344: Type 'GlobalComponents' does not satisfy the constraint 'Record<string, Component<any, any, any, ComputedOptions, MethodOptions, {}, any>>'.
  Index signature for type 'string' is missing in type 'GlobalComponents'.
node_modules/.pnpm/@ozwasyd+element-plus@file+..+final-candidate.tgz_vue@3.5.32_typescript@6.0.2_/node_modules/@ozwasyd/element-plus/es/components/settings-primitives/index.d.ts(2074,24): error TS2344: Type 'GlobalComponents' does not satisfy the constraint 'Record<string, Component<any, any, any, ComputedOptions, MethodOptions, {}, any>>'.
  Index signature for type 'string' is missing in type 'GlobalComponents'.
node_modules/.pnpm/@ozwasyd+element-plus@file+..+final-candidate.tgz_vue@3.5.32_typescript@6.0.2_/node_modules/@ozwasyd/element-plus/es/components/settings-primitives/index.d.ts(2172,22): error TS2344: Type 'GlobalComponents' does not satisfy the constraint 'Record<string, Component<any, any, any, ComputedOptions, MethodOptions, {}, any>>'.
  Index signature for type 'string' is missing in type 'GlobalComponents'.
node_modules/.pnpm/@ozwasyd+element-plus@file+..+final-candidate.tgz_vue@3.5.32_typescript@6.0.2_/node_modules/@ozwasyd/element-plus/es/components/settings-primitives/index.d.ts(2369,20): error TS2344: Type 'GlobalComponents' does not satisfy the constraint 'Record<string, Component<any, any, any, ComputedOptions, MethodOptions, {}, any>>'.
  Index signature for type 'string' is missing in type 'GlobalComponents'.
node_modules/.pnpm/@ozwasyd+element-plus@file+..+final-candidate.tgz_vue@3.5.32_typescript@6.0.2_/node_modules/@ozwasyd/element-plus/es/components/settings-primitives/index.d.ts(2602,26): error TS2344: Type 'GlobalComponents' does not satisfy the constraint 'Record<string, Component<any, any, any, ComputedOptions, MethodOptions, {}, any>>'.
  Index signature for type 'string' is missing in type 'GlobalComponents'.
node_modules/.pnpm/@ozwasyd+element-plus@file+..+final-candidate.tgz_vue@3.5.32_typescript@6.0.2_/node_modules/@ozwasyd/element-plus/es/components/settings-primitives/index.d.ts(2809,24): error TS2344: Type 'GlobalComponents' does not satisfy the constraint 'Record<string, Component<any, any, any, ComputedOptions, MethodOptions, {}, any>>'.
  Index signature for type 'string' is missing in type 'GlobalComponents'.
node_modules/.pnpm/@ozwasyd+element-plus@file+..+final-candidate.tgz_vue@3.5.32_typescript@6.0.2_/node_modules/@ozwasyd/element-plus/es/components/settings-primitives/index.d.ts(2912,22): error TS2344: Type 'GlobalComponents' does not satisfy the constraint 'Record<string, Component<any, any, any, ComputedOptions, MethodOptions, {}, any>>'.
  Index signature for type 'string' is missing in type 'GlobalComponents'.
node_modules/.pnpm/@ozwasyd+element-plus@file+..+final-candidate.tgz_vue@3.5.32_typescript@6.0.2_/node_modules/@ozwasyd/element-plus/es/components/settings-primitives/index.d.ts(3119,20): error TS2344: Type 'GlobalComponents' does not satisfy the constraint 'Record<string, Component<any, any, any, ComputedOptions, MethodOptions, {}, any>>'.
  Index signature for type 'string' is missing in type 'GlobalComponents'.
node_modules/.pnpm/@ozwasyd+element-plus@file+..+final-candidate.tgz_vue@3.5.32_typescript@6.0.2_/node_modules/@ozwasyd/element-plus/es/components/settings-primitives/index.d.ts(3284,26): error TS2344: Type 'GlobalComponents' does not satisfy the constraint 'Record<string, Component<any, any, any, ComputedOptions, MethodOptions, {}, any>>'.
  Index signature for type 'string' is missing in type 'GlobalComponents'.
node_modules/.pnpm/@ozwasyd+element-plus@file+..+final-candidate.tgz_vue@3.5.32_typescript@6.0.2_/node_modules/@ozwasyd/element-plus/es/components/settings-primitives/index.d.ts(3433,24): error TS2344: Type 'GlobalComponents' does not satisfy the constraint 'Record<string, Component<any, any, any, ComputedOptions, MethodOptions, {}, any>>'.
  Index signature for type 'string' is missing in type 'GlobalComponents'.
node_modules/.pnpm/@ozwasyd+element-plus@file+..+final-candidate.tgz_vue@3.5.32_typescript@6.0.2_/node_modules/@ozwasyd/element-plus/es/components/settings-primitives/index.d.ts(3507,22): error TS2344: Type 'GlobalComponents' does not satisfy the constraint 'Record<string, Component<any, any, any, ComputedOptions, MethodOptions, {}, any>>'.
  Index signature for type 'string' is missing in type 'GlobalComponents'.
node_modules/.pnpm/@ozwasyd+element-plus@file+..+final-candidate.tgz_vue@3.5.32_typescript@6.0.2_/node_modules/@ozwasyd/element-plus/es/components/settings-primitives/index.d.ts(3656,20): error TS2344: Type 'GlobalComponents' does not satisfy the constraint 'Record<string, Component<any, any, any, ComputedOptions, MethodOptions, {}, any>>'.
  Index signature for type 'string' is missing in type 'GlobalComponents'.
node_modules/.pnpm/@ozwasyd+element-plus@file+..+final-candidate.tgz_vue@3.5.32_typescript@6.0.2_/node_modules/@ozwasyd/element-plus/es/components/settings-primitives/index.d.ts(3835,26): error TS2344: Type 'GlobalComponents' does not satisfy the constraint 'Record<string, Component<any, any, any, ComputedOptions, MethodOptions, {}, any>>'.
  Index signature for type 'string' is missing in type 'GlobalComponents'.
node_modules/.pnpm/@ozwasyd+element-plus@file+..+final-candidate.tgz_vue@3.5.32_typescript@6.0.2_/node_modules/@ozwasyd/element-plus/es/components/settings-primitives/index.d.ts(3998,24): error TS2344: Type 'GlobalComponents' does not satisfy the constraint 'Record<string, Component<any, any, any, ComputedOptions, MethodOptions, {}, any>>'.
  Index signature for type 'string' is missing in type 'GlobalComponents'.
node_modules/.pnpm/@ozwasyd+element-plus@file+..+final-candidate.tgz_vue@3.5.32_typescript@6.0.2_/node_modules/@ozwasyd/element-plus/es/components/settings-primitives/index.d.ts(4079,22): error TS2344: Type 'GlobalComponents' does not satisfy the constraint 'Record<string, Component<any, any, any, ComputedOptions, MethodOptions, {}, any>>'.
  Index signature for type 'string' is missing in type 'GlobalComponents'.
node_modules/.pnpm/@ozwasyd+element-plus@file+..+final-candidate.tgz_vue@3.5.32_typescript@6.0.2_/node_modules/@ozwasyd/element-plus/es/components/settings-primitives/index.d.ts(4242,20): error TS2344: Type 'GlobalComponents' does not satisfy the constraint 'Record<string, Component<any, any, any, ComputedOptions, MethodOptions, {}, any>>'.
  Index signature for type 'string' is missing in type 'GlobalComponents'.
node_modules/.pnpm/@ozwasyd+element-plus@file+..+final-candidate.tgz_vue@3.5.32_typescript@6.0.2_/node_modules/@ozwasyd/element-plus/es/components/settings-primitives/index.d.ts(4333,26): error TS2344: Type 'GlobalComponents' does not satisfy the constraint 'Record<string, Component<any, any, any, ComputedOptions, MethodOptions, {}, any>>'.
  Index signature for type 'string' is missing in type 'GlobalComponents'.
node_modules/.pnpm/@ozwasyd+element-plus@file+..+final-candidate.tgz_vue@3.5.32_typescript@6.0.2_/node_modules/@ozwasyd/element-plus/es/components/settings-primitives/index.d.ts(4422,24): error TS2344: Type 'GlobalComponents' does not satisfy the constraint 'Record<string, Component<any, any, any, ComputedOptions, MethodOptions, {}, any>>'.
  Index signature for type 'string' is missing in type 'GlobalComponents'.
node_modules/.pnpm/@ozwasyd+element-plus@file+..+final-candidate.tgz_vue@3.5.32_typescript@6.0.2_/node_modules/@ozwasyd/element-plus/es/components/settings-primitives/index.d.ts(4466,22): error TS2344: Type 'GlobalComponents' does not satisfy the constraint 'Record<string, Component<any, any, any, ComputedOptions, MethodOptions, {}, any>>'.
  Index signature for type 'string' is missing in type 'GlobalComponents'.
node_modules/.pnpm/@ozwasyd+element-plus@file+..+final-candidate.tgz_vue@3.5.32_typescript@6.0.2_/node_modules/@ozwasyd/element-plus/es/components/settings-primitives/index.d.ts(4555,20): error TS2344: Type 'GlobalComponents' does not satisfy the constraint 'Record<string, Component<any, any, any, ComputedOptions, MethodOptions, {}, any>>'.
  Index signature for type 'string' is missing in type 'GlobalComponents'.
node_modules/.pnpm/@ozwasyd+element-plus@file+..+final-candidate.tgz_vue@3.5.32_typescript@6.0.2_/node_modules/@ozwasyd/element-plus/es/components/settings-primitives/index.d.ts(4722,26): error TS2344: Type 'GlobalComponents' does not satisfy the constraint 'Record<string, Component<any, any, any, ComputedOptions, MethodOptions, {}, any>>'.
  Index signature for type 'string' is missing in type 'GlobalComponents'.
node_modules/.pnpm/@ozwasyd+element-plus@file+..+final-candidate.tgz_vue@3.5.32_typescript@6.0.2_/node_modules/@ozwasyd/element-plus/es/components/settings-primitives/index.d.ts(4873,24): error TS2344: Type 'GlobalComponents' does not satisfy the constraint 'Record<string, Component<any, any, any, ComputedOptions, MethodOptions, {}, any>>'.
  Index signature for type 'string' is missing in type 'GlobalComponents'.
node_modules/.pnpm/@ozwasyd+element-plus@file+..+final-candidate.tgz_vue@3.5.32_typescript@6.0.2_/node_modules/@ozwasyd/element-plus/es/components/settings-primitives/index.d.ts(4948,22): error TS2344: Type 'GlobalComponents' does not satisfy the constraint 'Record<string, Component<any, any, any, ComputedOptions, MethodOptions, {}, any>>'.
  Index signature for type 'string' is missing in type 'GlobalComponents'.
node_modules/.pnpm/@ozwasyd+element-plus@file+..+final-candidate.tgz_vue@3.5.32_typescript@6.0.2_/node_modules/@ozwasyd/element-plus/es/components/settings-primitives/index.d.ts(5099,20): error TS2344: Type 'GlobalComponents' does not satisfy the constraint 'Record<string, Component<any, any, any, ComputedOptions, MethodOptions, {}, any>>'.
  Index signature for type 'string' is missing in type 'GlobalComponents'.
node_modules/.pnpm/@ozwasyd+element-plus@file+..+final-candidate.tgz_vue@3.5.32_typescript@6.0.2_/node_modules/@ozwasyd/element-plus/es/components/settings-primitives/index.d.ts(5195,26): error TS2344: Type 'GlobalComponents' does not satisfy the constraint 'Record<string, Component<any, any, any, ComputedOptions, MethodOptions, {}, any>>'.
  Index signature for type 'string' is missing in type 'GlobalComponents'.
node_modules/.pnpm/@ozwasyd+element-plus@file+..+final-candidate.tgz_vue@3.5.32_typescript@6.0.2_/node_modules/@ozwasyd/element-plus/es/components/settings-primitives/index.d.ts(5288,24): error TS2344: Type 'GlobalComponents' does not satisfy the constraint 'Record<string, Component<any, any, any, ComputedOptions, MethodOptions, {}, any>>'.
  Index signature for type 'string' is missing in type 'GlobalComponents'.
node_modules/.pnpm/@ozwasyd+element-plus@file+..+final-candidate.tgz_vue@3.5.32_typescript@6.0.2_/node_modules/@ozwasyd/element-plus/es/components/settings-primitives/index.d.ts(5334,22): error TS2344: Type 'GlobalComponents' does not satisfy the constraint 'Record<string, Component<any, any, any, ComputedOptions, MethodOptions, {}, any>>'.
  Index signature for type 'string' is missing in type 'GlobalComponents'.
node_modules/.pnpm/@ozwasyd+element-plus@file+..+final-candidate.tgz_vue@3.5.32_typescript@6.0.2_/node_modules/@ozwasyd/element-plus/es/components/settings-primitives/index.d.ts(5427,20): error TS2344: Type 'GlobalComponents' does not satisfy the constraint 'Record<string, Component<any, any, any, ComputedOptions, MethodOptions, {}, any>>'.
  Index signature for type 'string' is missing in type 'GlobalComponents'.
node_modules/.pnpm/@ozwasyd+element-plus@file+..+final-candidate.tgz_vue@3.5.32_typescript@6.0.2_/node_modules/@ozwasyd/element-plus/es/components/settings-primitives/index.d.ts(5646,26): error TS2344: Type 'GlobalComponents' does not satisfy the constraint 'Record<string, Component<any, any, any, ComputedOptions, MethodOptions, {}, any>>'.
  Index signature for type 'string' is missing in type 'GlobalComponents'.
node_modules/.pnpm/@ozwasyd+element-plus@file+..+final-candidate.tgz_vue@3.5.32_typescript@6.0.2_/node_modules/@ozwasyd/element-plus/es/components/settings-primitives/index.d.ts(5841,24): error TS2344: Type 'GlobalComponents' does not satisfy the constraint 'Record<string, Component<any, any, any, ComputedOptions, MethodOptions, {}, any>>'.
  Index signature for type 'string' is missing in type 'GlobalComponents'.
node_modules/.pnpm/@ozwasyd+element-plus@file+..+final-candidate.tgz_vue@3.5.32_typescript@6.0.2_/node_modules/@ozwasyd/element-plus/es/components/settings-primitives/index.d.ts(5938,22): error TS2344: Type 'GlobalComponents' does not satisfy the constraint 'Record<string, Component<any, any, any, ComputedOptions, MethodOptions, {}, any>>'.
  Index signature for type 'string' is missing in type 'GlobalComponents'.
node_modules/.pnpm/@ozwasyd+element-plus@file+..+final-candidate.tgz_vue@3.5.32_typescript@6.0.2_/node_modules/@ozwasyd/element-plus/es/components/settings-primitives/index.d.ts(6133,20): error TS2344: Type 'GlobalComponents' does not satisfy the constraint 'Record<string, Component<any, any, any, ComputedOptions, MethodOptions, {}, any>>'.
  Index signature for type 'string' is missing in type 'GlobalComponents'.
node_modules/.pnpm/@ozwasyd+element-plus@file+..+final-candidate.tgz_vue@3.5.32_typescript@6.0.2_/node_modules/@ozwasyd/element-plus/es/components/settings-primitives/index.d.ts(6310,26): error TS2344: Type 'GlobalComponents' does not satisfy the constraint 'Record<string, Component<any, any, any, ComputedOptions, MethodOptions, {}, any>>'.
  Index signature for type 'string' is missing in type 'GlobalComponents'.
node_modules/.pnpm/@ozwasyd+element-plus@file+..+final-candidate.tgz_vue@3.5.32_typescript@6.0.2_/node_modules/@ozwasyd/element-plus/es/components/settings-primitives/index.d.ts(6471,24): error TS2344: Type 'GlobalComponents' does not satisfy the constraint 'Record<string, Component<any, any, any, ComputedOptions, MethodOptions, {}, any>>'.
  Index signature for type 'string' is missing in type 'GlobalComponents'.
node_modules/.pnpm/@ozwasyd+element-plus@file+..+final-candidate.tgz_vue@3.5.32_typescript@6.0.2_/node_modules/@ozwasyd/element-plus/es/components/settings-primitives/index.d.ts(6551,22): error TS2344: Type 'GlobalComponents' does not satisfy the constraint 'Record<string, Component<any, any, any, ComputedOptions, MethodOptions, {}, any>>'.
  Index signature for type 'string' is missing in type 'GlobalComponents'.
node_modules/.pnpm/@ozwasyd+element-plus@file+..+final-candidate.tgz_vue@3.5.32_typescript@6.0.2_/node_modules/@ozwasyd/element-plus/es/components/settings-primitives/index.d.ts(6712,20): error TS2344: Type 'GlobalComponents' does not satisfy the constraint 'Record<string, Component<any, any, any, ComputedOptions, MethodOptions, {}, any>>'.
  Index signature for type 'string' is missing in type 'GlobalComponents'.
node_modules/.pnpm/@ozwasyd+element-plus@file+..+final-candidate.tgz_vue@3.5.32_typescript@6.0.2_/node_modules/@ozwasyd/element-plus/es/components/settings-primitives/index.d.ts(6878,26): error TS2344: Type 'GlobalComponents' does not satisfy the constraint 'Record<string, Component<any, any, any, ComputedOptions, MethodOptions, {}, any>>'.
  Index signature for type 'string' is missing in type 'GlobalComponents'.
node_modules/.pnpm/@ozwasyd+element-plus@file+..+final-candidate.tgz_vue@3.5.32_typescript@6.0.2_/node_modules/@ozwasyd/element-plus/es/components/settings-primitives/index.d.ts(7029,24): error TS2344: Type 'GlobalComponents' does not satisfy the constraint 'Record<string, Component<any, any, any, ComputedOptions, MethodOptions, {}, any>>'.
  Index signature for type 'string' is missing in type 'GlobalComponents'.
node_modules/.pnpm/@ozwasyd+element-plus@file+..+final-candidate.tgz_vue@3.5.32_typescript@6.0.2_/node_modules/@ozwasyd/element-plus/es/components/settings-primitives/index.d.ts(7104,22): error TS2344: Type 'GlobalComponents' does not satisfy the constraint 'Record<string, Component<any, any, any, ComputedOptions, MethodOptions, {}, any>>'.
  Index signature for type 'string' is missing in type 'GlobalComponents'.
node_modules/.pnpm/@ozwasyd+element-plus@file+..+final-candidate.tgz_vue@3.5.32_typescript@6.0.2_/node_modules/@ozwasyd/element-plus/es/components/settings-primitives/index.d.ts(7255,20): error TS2344: Type 'GlobalComponents' does not satisfy the constraint 'Record<string, Component<any, any, any, ComputedOptions, MethodOptions, {}, any>>'.
  Index signature for type 'string' is missing in type 'GlobalComponents'.
node_modules/.pnpm/@ozwasyd+element-plus@file+..+final-candidate.tgz_vue@3.5.32_typescript@6.0.2_/node_modules/@ozwasyd/element-plus/es/components/settings-primitives/index.d.ts(7555,26): error TS2344: Type 'GlobalComponents' does not satisfy the constraint 'Record<string, Component<any, any, any, ComputedOptions, MethodOptions, {}, any>>'.
  Index signature for type 'string' is missing in type 'GlobalComponents'.
node_modules/.pnpm/@ozwasyd+element-plus@file+..+final-candidate.tgz_vue@3.5.32_typescript@6.0.2_/node_modules/@ozwasyd/element-plus/es/components/settings-primitives/index.d.ts(7819,24): error TS2344: Type 'GlobalComponents' does not satisfy the constraint 'Record<string, Component<any, any, any, ComputedOptions, MethodOptions, {}, any>>'.
  Index signature for type 'string' is missing in type 'GlobalComponents'.
node_modules/.pnpm/@ozwasyd+element-plus@file+..+final-candidate.tgz_vue@3.5.32_typescript@6.0.2_/node_modules/@ozwasyd/element-plus/es/components/settings-primitives/index.d.ts(7952,22): error TS2344: Type 'GlobalComponents' does not satisfy the constraint 'Record<string, Component<any, any, any, ComputedOptions, MethodOptions, {}, any>>'.
  Index signature for type 'string' is missing in type 'GlobalComponents'.
node_modules/.pnpm/@ozwasyd+element-plus@file+..+final-candidate.tgz_vue@3.5.32_typescript@6.0.2_/node_modules/@ozwasyd/element-plus/es/components/settings-primitives/index.d.ts(8216,20): error TS2344: Type 'GlobalComponents' does not satisfy the constraint 'Record<string, Component<any, any, any, ComputedOptions, MethodOptions, {}, any>>'.
  Index signature for type 'string' is missing in type 'GlobalComponents'.
node_modules/.pnpm/@ozwasyd+element-plus@file+..+final-candidate.tgz_vue@3.5.32_typescript@6.0.2_/node_modules/@ozwasyd/element-plus/es/components/table-v2/src/components/sort-icon.d.ts(5,13): error TS2503: Cannot find namespace 'JSX'.
node_modules/.pnpm/@ozwasyd+element-plus@file+..+final-candidate.tgz_vue@3.5.32_typescript@6.0.2_/node_modules/@ozwasyd/element-plus/es/components/table-v2/src/types.d.ts(92,13): error TS2503: Cannot find namespace 'JSX'.
node_modules/.pnpm/@ozwasyd+element-plus@file+..+final-candidate.tgz_vue@3.5.32_typescript@6.0.2_/node_modules/@ozwasyd/element-plus/es/components/table/src/util.d.ts(55,18): error TS2344: Type 'GlobalComponents' does not satisfy the constraint 'Record<string, Component<any, any, any, ComputedOptions, MethodOptions, {}, any>>'.
  Index signature for type 'string' is missing in type 'GlobalComponents'.
node_modules/.pnpm/@ozwasyd+element-plus@file+..+final-candidate.tgz_vue@3.5.32_typescript@6.0.2_/node_modules/@ozwasyd/element-plus/es/components/tree-v2/index.d.ts(267,547): error TS2300: Duplicate identifier 'event'.
node_modules/.pnpm/@ozwasyd+element-plus@file+..+final-candidate.tgz_vue@3.5.32_typescript@6.0.2_/node_modules/@ozwasyd/element-plus/es/components/tree-v2/index.d.ts(267,574): error TS2300: Duplicate identifier 'event'.
