
> @ test:package-candidate /workspace/FsusUI
> node ./scripts/with-node-heap.mjs node ./scripts/test-npm-candidate.mjs && pnpm run test:markdown-heavy-feature-package

[npm-candidate] 13 fixture scenarios passed
✔ bundle license attribution is retained without resolving a workspace dependency (87.472597ms)
✔ rewrites both quote styles in ESM, CommonJS, and declaration files (61.437031ms)
✔ refuses an actual unrewritable @element-plus/icons-vue root reference in a full bundle (93.294836ms)
✔ refuses a remaining quoted @element-plus/icons-vue subpath reference (60.183877ms)
✔ refuses an actual unrewritable @element-plus/motion root reference in a full bundle (64.578427ms)
✔ refuses a remaining quoted @element-plus/motion subpath reference (151.251702ms)
✔ strict mode still refuses incomplete release artifacts (163.955173ms)
✔ unresolved workspace dependency versions remain fatal (84.465643ms)
✔ known bundled workspace dependencies are still removed from the manifest (94.641452ms)
ℹ tests 9
ℹ suites 0
ℹ pass 9
ℹ fail 0
ℹ cancelled 0
ℹ skipped 0
ℹ todo 0
ℹ duration_ms 4139.53512

> @ test:markdown-heavy-feature-package /workspace/FsusUI
> node ./scripts/with-node-heap.mjs node --import tsx --test ./scripts/markdown-heavy-feature-frame-rollup.test.mjs

✔ emits one self-contained asset and portable ESM, CJS, and UMD URLs (19904.375009ms)
✔ does not take ownership of the same query from another importer (4.510345ms)
ℹ tests 2
ℹ suites 0
ℹ pass 2
ℹ fail 0
ℹ cancelled 0
ℹ skipped 0
ℹ todo 0
ℹ duration_ms 21810.714752
