  FsusUI.Avalonia.FormGenerator -> /workspace/FsusUI-desktop-tabs-diagnostic/dotnet/FsusUI.Avalonia.FormGenerator/bin/Release/netstandard2.0/FsusUI.Avalonia.FormGenerator.dll
  FsusUI.Avalonia -> /workspace/FsusUI-desktop-tabs-diagnostic/dotnet/FsusUI.Avalonia/bin/Release/net10.0/FsusUI.Avalonia.dll
  FsusUI.Avalonia.Icons -> /workspace/FsusUI-desktop-tabs-diagnostic/dotnet/FsusUI.Avalonia.Icons/bin/Release/net10.0/FsusUI.Avalonia.Icons.dll
  FsusUI.Avalonia.Themes -> /workspace/FsusUI-desktop-tabs-diagnostic/dotnet/FsusUI.Avalonia.Themes/bin/Release/net10.0/FsusUI.Avalonia.Themes.dll
  FsusUI.Avalonia.Demo -> /workspace/FsusUI-desktop-tabs-diagnostic/dotnet/FsusUI.Avalonia.Demo/bin/Release/net10.0/FsusUI.Avalonia.Demo.dll
/workspace/FsusUI-desktop-tabs-diagnostic/dotnet/FsusUI.Avalonia.HeadlessTests/FsusMarkdownEditorPageAndHistoryHeadlessTests.cs(162,5): warning xUnit2013: Do not use Assert.Equal() to check for collection size. Use Assert.Single instead. (https://xunit.net/xunit.analyzers/rules/xUnit2013) [/workspace/FsusUI-desktop-tabs-diagnostic/dotnet/FsusUI.Avalonia.HeadlessTests/FsusUI.Avalonia.HeadlessTests.csproj]
  FsusUI.Avalonia.HeadlessTests -> /workspace/FsusUI-desktop-tabs-diagnostic/dotnet/FsusUI.Avalonia.HeadlessTests/bin/Release/net10.0/FsusUI.Avalonia.HeadlessTests.dll
Test run for /workspace/FsusUI-desktop-tabs-diagnostic/dotnet/FsusUI.Avalonia.HeadlessTests/bin/Release/net10.0/FsusUI.Avalonia.HeadlessTests.dll (.NETCoreApp,Version=v10.0)
VSTest version 18.0.2 (x64)

Starting test execution, please wait...
A total of 1 test files matched the specified pattern.
[xUnit.net 00:00:02.07]     FsusUI.Avalonia.HeadlessTests.FsusDesktopShellHeadlessTests.DocumentContentKeepsSingleVisualParentAcrossThemeRemovalAndRemount [FAIL]
  Failed FsusUI.Avalonia.HeadlessTests.FsusDesktopShellHeadlessTests.DocumentContentKeepsSingleVisualParentAcrossThemeRemovalAndRemount [612 ms]
  Error Message:
   System.InvalidOperationException : The control Grid already has a visual parent ContentPresenter (Name = PART_SelectedContentHost) while trying to add it as a child of ContentPresenter (Name = PART_SelectedContentHost, Host = FsusUI.Avalonia.Controls.FsusDocumentTabs).
  Stack Trace:
     at Avalonia.Visual.Avalonia.Collections.IAvaloniaListItemValidator<Avalonia.Visual>.Validate(Visual item)
   at Avalonia.Collections.AvaloniaList`1.Add(T item)
   at Avalonia.Controls.Presenters.ContentPresenter.UpdateChild(Object content)
   at Avalonia.Controls.Presenters.ContentPresenter.UpdateChild()
   at Avalonia.Controls.Presenters.ContentPresenter.ApplyTemplate()
   at Avalonia.Layout.Layoutable.MeasureCore(Size availableSize)
   at Avalonia.Layout.Layoutable.Measure(Size availableSize)
   at Avalonia.Controls.Grid.MeasureCell(Int32 cell, Boolean forceInfinityV)
   at Avalonia.Controls.Grid.MeasureCellsGroup(Int32 cellsHead, Boolean ignoreDesiredSizeU, Boolean forceInfinityV, Boolean& hasDesiredSizeUChanged)
   at Avalonia.Controls.Grid.MeasureCellsGroup(Int32 cellsHead, Boolean ignoreDesiredSizeU, Boolean forceInfinityV)
   at Avalonia.Controls.Grid.MeasureOverride(Size constraint)
   at Avalonia.Layout.Layoutable.MeasureCore(Size availableSize)
   at Avalonia.Layout.Layoutable.Measure(Size availableSize)
   at Avalonia.Layout.Layoutable.MeasureOverride(Size availableSize)
   at Avalonia.Layout.Layoutable.MeasureCore(Size availableSize)
   at Avalonia.Layout.Layoutable.Measure(Size availableSize)
   at Avalonia.Layout.LayoutHelper.MeasureChild(Layoutable control, Size availableSize, Thickness padding, Thickness borderThickness)
   at Avalonia.Controls.Presenters.ContentPresenter.MeasureOverride(Size availableSize)
   at Avalonia.Layout.Layoutable.MeasureCore(Size availableSize)
   at Avalonia.Layout.Layoutable.Measure(Size availableSize)
   at Avalonia.Layout.LayoutHelper.MeasureChild(Layoutable control, Size availableSize, Thickness padding)
   at Avalonia.Controls.Decorator.MeasureOverride(Size availableSize)
   at Avalonia.Controls.Primitives.VisualLayerManager.MeasureOverride(Size availableSize)
   at Avalonia.Layout.Layoutable.MeasureCore(Size availableSize)
   at Avalonia.Layout.Layoutable.Measure(Size availableSize)
   at Avalonia.Layout.Layoutable.MeasureOverride(Size availableSize)
   at Avalonia.Layout.Layoutable.MeasureCore(Size availableSize)
   at Avalonia.Layout.Layoutable.Measure(Size availableSize)
   at Avalonia.Layout.Layoutable.MeasureOverride(Size availableSize)
   at Avalonia.Controls.Window.MeasureOverride(Size availableSize)
   at Avalonia.Controls.WindowBase.MeasureCore(Size availableSize)
   at Avalonia.Layout.Layoutable.Measure(Size availableSize)
   at Avalonia.Controls.TopLevelHost.MeasureOverride(Size availableSize)
   at Avalonia.Layout.Layoutable.MeasureCore(Size availableSize)
   at Avalonia.Layout.Layoutable.Measure(Size availableSize)
   at Avalonia.Layout.LayoutManager.Measure(Layoutable control)
   at Avalonia.Layout.LayoutManager.ExecuteMeasurePass()
   at Avalonia.Layout.LayoutManager.InnerLayoutPass()
   at Avalonia.Layout.LayoutManager.ExecuteLayoutPass()
   at Avalonia.Layout.LayoutManager.ExecuteQueuedLayoutPass()
   at Avalonia.Media.MediaContext.FireInvokeOnRenderCallbacks()
   at Avalonia.Media.MediaContext.RenderCore()
   at Avalonia.Media.MediaContext.Render()
   at Avalonia.Threading.DispatcherOperation.InvokeCore()
   at Avalonia.Threading.DispatcherOperation.Execute()
   at Avalonia.Threading.Dispatcher.ExecuteJob(DispatcherOperation job)
   at Avalonia.Threading.Dispatcher.RunJobs(Nullable`1 priority, CancellationToken cancellationToken)
   at Avalonia.Threading.Dispatcher.RunJobs(Nullable`1 priority)
   at FsusUI.Avalonia.HeadlessTests.FsusDesktopShellHeadlessTests.DocumentContentKeepsSingleVisualParentAcrossThemeRemovalAndRemount() in /workspace/FsusUI-desktop-tabs-diagnostic/dotnet/FsusUI.Avalonia.HeadlessTests/FsusDesktopShellHeadlessTests.cs:line 381
   at System.Reflection.MethodBaseInvoker.InterpretedInvoke_Method(Object obj, IntPtr* args)
   at System.Reflection.MethodBaseInvoker.InvokeWithNoArgs(Object obj, BindingFlags invokeAttr)
Results File: /tmp/desktop-tabs-content-evidence/before.trx

Failed!  - Failed:     1, Passed:     0, Skipped:     0, Total:     1, Duration: 633 ms - FsusUI.Avalonia.HeadlessTests.dll (net10.0)
