  FsusUI.Avalonia.FormGenerator -> /workspace/FsusUI-desktop-tabs-diagnostic/dotnet/FsusUI.Avalonia.FormGenerator/bin/Release/netstandard2.0/FsusUI.Avalonia.FormGenerator.dll
  FsusUI.Avalonia -> /workspace/FsusUI-desktop-tabs-diagnostic/dotnet/FsusUI.Avalonia/bin/Release/net10.0/FsusUI.Avalonia.dll
  FsusUI.Avalonia.Icons -> /workspace/FsusUI-desktop-tabs-diagnostic/dotnet/FsusUI.Avalonia.Icons/bin/Release/net10.0/FsusUI.Avalonia.Icons.dll
  FsusUI.Avalonia.Themes -> /workspace/FsusUI-desktop-tabs-diagnostic/dotnet/FsusUI.Avalonia.Themes/bin/Release/net10.0/FsusUI.Avalonia.Themes.dll
  FsusUI.Avalonia.Demo -> /workspace/FsusUI-desktop-tabs-diagnostic/dotnet/FsusUI.Avalonia.Demo/bin/Release/net10.0/FsusUI.Avalonia.Demo.dll
/workspace/FsusUI-desktop-tabs-diagnostic/dotnet/FsusUI.Avalonia.HeadlessTests/FsusMarkdownEditorPageAndHistoryHeadlessTests.cs(162,5): warning xUnit2013: Do not use Assert.Equal() to check for collection size. Use Assert.Single instead. (https://xunit.net/xunit.analyzers/rules/xUnit2013) [/workspace/FsusUI-desktop-tabs-diagnostic/dotnet/FsusUI.Avalonia.HeadlessTests/FsusUI.Avalonia.HeadlessTests.csproj]
  FsusUI.Avalonia.HeadlessTests -> /workspace/FsusUI-desktop-tabs-diagnostic/dotnet/FsusUI.Avalonia.HeadlessTests/bin/Release/net10.0/FsusUI.Avalonia.HeadlessTests.dll
Test run for /workspace/FsusUI-desktop-tabs-diagnostic/dotnet/FsusUI.Avalonia.HeadlessTests/bin/Release/net10.0/FsusUI.Avalonia.HeadlessTests.dll (.NETCoreApp,Version=v10.0)
VSTest version 18.0.2 (x64)

Starting test execution, please wait...
A total of 1 test files matched the specified pattern.
[xUnit.net 00:00:02.14]     FsusUI.Avalonia.HeadlessTests.FsusDesktopShellHeadlessTests.DocumentContentKeepsSingleVisualParentAcrossThemeRemovalAndRemount [FAIL]
  Failed FsusUI.Avalonia.HeadlessTests.FsusDesktopShellHeadlessTests.DocumentContentKeepsSingleVisualParentAcrossThemeRemovalAndRemount [782 ms]
  Error Message:
   Assert.Null() Failure: Value is not null
Expected: null
Actual:   ContentPresenter { ActualThemeVariant = null, Background = null, BackgroundSizing = CenterBorder, BorderBrush = null, BorderThickness = 0,0,0,0, ··· }
  Stack Trace:
     at FsusUI.Avalonia.HeadlessTests.FsusDesktopShellHeadlessTests.DocumentContentKeepsSingleVisualParentAcrossThemeRemovalAndRemount() in /workspace/FsusUI-desktop-tabs-diagnostic/dotnet/FsusUI.Avalonia.HeadlessTests/FsusDesktopShellHeadlessTests.cs:line 378
   at System.Reflection.MethodBaseInvoker.InterpretedInvoke_Method(Object obj, IntPtr* args)
   at System.Reflection.MethodBaseInvoker.InvokeWithNoArgs(Object obj, BindingFlags invokeAttr)
Results File: /tmp/desktop-tabs-content-evidence/before-final.trx

Failed!  - Failed:     1, Passed:     0, Skipped:     0, Total:     1, Duration: 808 ms - FsusUI.Avalonia.HeadlessTests.dll (net10.0)
