  FsusUI.Avalonia.FormGenerator -> /workspace/tablev2-isolatedfonts/dotnet/FsusUI.Avalonia.FormGenerator/bin/Release/netstandard2.0/FsusUI.Avalonia.FormGenerator.dll
  FsusUI.Avalonia -> /workspace/tablev2-isolatedfonts/dotnet/FsusUI.Avalonia/bin/Release/net10.0/FsusUI.Avalonia.dll
  FsusUI.Avalonia.Icons -> /workspace/tablev2-isolatedfonts/dotnet/FsusUI.Avalonia.Icons/bin/Release/net10.0/FsusUI.Avalonia.Icons.dll
  FsusUI.Avalonia.Themes -> /workspace/tablev2-isolatedfonts/dotnet/FsusUI.Avalonia.Themes/bin/Release/net10.0/FsusUI.Avalonia.Themes.dll
  FsusUI.Avalonia.Demo -> /workspace/tablev2-isolatedfonts/dotnet/FsusUI.Avalonia.Demo/bin/Release/net10.0/FsusUI.Avalonia.Demo.dll
/workspace/tablev2-isolatedfonts/dotnet/FsusUI.Avalonia.HeadlessTests/FsusMarkdownEditorPageAndHistoryHeadlessTests.cs(162,5): warning xUnit2013: Do not use Assert.Equal() to check for collection size. Use Assert.Single instead. (https://xunit.net/xunit.analyzers/rules/xUnit2013) [/workspace/tablev2-isolatedfonts/dotnet/FsusUI.Avalonia.HeadlessTests/FsusUI.Avalonia.HeadlessTests.csproj]
  FsusUI.Avalonia.HeadlessTests -> /workspace/tablev2-isolatedfonts/dotnet/FsusUI.Avalonia.HeadlessTests/bin/Release/net10.0/FsusUI.Avalonia.HeadlessTests.dll
Test run for /workspace/tablev2-isolatedfonts/dotnet/FsusUI.Avalonia.HeadlessTests/bin/Release/net10.0/FsusUI.Avalonia.HeadlessTests.dll (.NETCoreApp,Version=v10.0)
VSTest version 18.0.2 (x64)

The following Tests are available:
    FsusUI.Avalonia.HeadlessTests.FsusTableV2RenderedEvidenceTests.RendersPopulatedAndEmptyContentRegionsToPng
    FsusUI.Avalonia.HeadlessTests.FsusTableV2RenderedEvidenceTests.RendersWholeHeaderAndOverlayContentRegionsToPng
    FsusUI.Avalonia.HeadlessTests.FsusVirtualizationHeadlessTests.AutoResizerAndTableV2VirtualizeRowsColumnsResizeAndBudget
    FsusUI.Avalonia.HeadlessTests.FsusVirtualizationHeadlessTests.TableV2BindsTypedRowsFixedColumnsAndRealKeyboardScroll
    FsusUI.Avalonia.HeadlessTests.FsusVirtualizationHeadlessTests.TableV2MeasuresDynamicRowsAndRaisesRealScrollCallbacks
    FsusUI.Avalonia.HeadlessTests.FsusVirtualizationHeadlessTests.TableV2UsesFixedDataGetterAndExpandedRowCallbacks
    FsusUI.Avalonia.HeadlessTests.FsusVirtualizationHeadlessTests.TableV2MapsViewportGeometryAndCacheToRealLayout
    FsusUI.Avalonia.HeadlessTests.FsusVirtualizationHeadlessTests.TableV2SortsTypedRowsAndReportsColumnSort
    FsusUI.Avalonia.HeadlessTests.FsusVirtualizationHeadlessTests.TableV2RendersBoundedContentRegions
    FsusUI.Avalonia.HeadlessTests.FsusVirtualizationHeadlessTests.TableV2ContentRegionsReceiveScopedPayloads
    FsusUI.Avalonia.HeadlessTests.FsusVirtualizationHeadlessTests.TableV2VirtualizesFrozenAxesNavigatesAndRejectsStaleBackgroundResults
    FsusUI.Avalonia.HeadlessTests.FsusVirtualizationHeadlessTests.VirtualizationThemeVisualAccessibilityPerformanceAndPlatformBaselinesCoverStable34
