  FsusUI.Avalonia.FormGenerator -> /workspace/FsusUI-desktop-tabs-diagnostic/dotnet/FsusUI.Avalonia.FormGenerator/bin/Release/netstandard2.0/FsusUI.Avalonia.FormGenerator.dll
  FsusUI.Avalonia -> /workspace/FsusUI-desktop-tabs-diagnostic/dotnet/FsusUI.Avalonia/bin/Release/net10.0/FsusUI.Avalonia.dll
  FsusUI.Avalonia.Icons -> /workspace/FsusUI-desktop-tabs-diagnostic/dotnet/FsusUI.Avalonia.Icons/bin/Release/net10.0/FsusUI.Avalonia.Icons.dll
  FsusUI.Avalonia.Themes -> /workspace/FsusUI-desktop-tabs-diagnostic/dotnet/FsusUI.Avalonia.Themes/bin/Release/net10.0/FsusUI.Avalonia.Themes.dll
  FsusUI.Avalonia.Demo -> /workspace/FsusUI-desktop-tabs-diagnostic/dotnet/FsusUI.Avalonia.Demo/bin/Release/net10.0/FsusUI.Avalonia.Demo.dll
/workspace/FsusUI-desktop-tabs-diagnostic/dotnet/FsusUI.Avalonia.HeadlessTests/FsusMarkdownEditorPageAndHistoryHeadlessTests.cs(162,5): warning xUnit2013: Do not use Assert.Equal() to check for collection size. Use Assert.Single instead. (https://xunit.net/xunit.analyzers/rules/xUnit2013) [/workspace/FsusUI-desktop-tabs-diagnostic/dotnet/FsusUI.Avalonia.HeadlessTests/FsusUI.Avalonia.HeadlessTests.csproj]
  FsusUI.Avalonia.HeadlessTests -> /workspace/FsusUI-desktop-tabs-diagnostic/dotnet/FsusUI.Avalonia.HeadlessTests/bin/Release/net10.0/FsusUI.Avalonia.HeadlessTests.dll
Test run for /workspace/FsusUI-desktop-tabs-diagnostic/dotnet/FsusUI.Avalonia.HeadlessTests/bin/Release/net10.0/FsusUI.Avalonia.HeadlessTests.dll (.NETCoreApp,Version=v10.0)
VSTest version 18.0.2 (x64)

Starting test execution, please wait...
A total of 1 test files matched the specified pattern.
[xUnit.net 00:00:01.97]     FsusUI.Avalonia.HeadlessTests.FsusDesktopShellHeadlessTests.DocumentContentKeepsSingleVisualParentAcrossThemeRemovalAndRemount(useRecyclingTemplate: True) [FAIL]
  Failed FsusUI.Avalonia.HeadlessTests.FsusDesktopShellHeadlessTests.DocumentContentKeepsSingleVisualParentAcrossThemeRemovalAndRemount(useRecyclingTemplate: True) [34 ms]
  Error Message:
   Assert.Null() Failure: Value is not null
Expected: null
Actual:   FuncDataTemplate { }
  Stack Trace:
     at FsusUI.Avalonia.HeadlessTests.FsusDesktopShellHeadlessTests.<>c__DisplayClass4_0.<DocumentContentKeepsSingleVisualParentAcrossThemeRemovalAndRemount>g__AssertRetiredPresenter|1(ContentPresenter outgoingHost) in /workspace/FsusUI-desktop-tabs-diagnostic/dotnet/FsusUI.Avalonia.HeadlessTests/FsusDesktopShellHeadlessTests.cs:line 426
   at FsusUI.Avalonia.HeadlessTests.FsusDesktopShellHeadlessTests.DocumentContentKeepsSingleVisualParentAcrossThemeRemovalAndRemount(Boolean useRecyclingTemplate) in /workspace/FsusUI-desktop-tabs-diagnostic/dotnet/FsusUI.Avalonia.HeadlessTests/FsusDesktopShellHeadlessTests.cs:line 389
   at InvokeStub_FsusDesktopShellHeadlessTests.DocumentContentKeepsSingleVisualParentAcrossThemeRemovalAndRemount(Object, Span`1)
   at System.Reflection.MethodBaseInvoker.InvokeWithOneArg(Object obj, BindingFlags invokeAttr, Binder binder, Object[] parameters, CultureInfo culture)
WARNING: Overwriting results file: /tmp/desktop-tabs-recycling-evidence/before.trx
Results File: /tmp/desktop-tabs-recycling-evidence/before.trx

Failed!  - Failed:     1, Passed:     1, Skipped:     0, Total:     2, Duration: 776 ms - FsusUI.Avalonia.HeadlessTests.dll (net10.0)
