<?xml version="1.0" encoding="utf-8"?>
<TestRun id="33dcdd13-5438-42aa-b854-7da9cd147461" name="@845b6801dd61 2026-10-09 10:45:46" xmlns="http://microsoft.com/schemas/VisualStudio/TeamTest/2010">
  <Times creation="2026-10-09T10:45:46.2817149+00:00" queuing="2026-10-09T10:45:46.2817150+00:00" start="2026-10-09T10:45:42.8564581+00:00" finish="2026-10-09T10:45:46.4110286+00:00" />
  <TestSettings name="default" id="93a8e65c-134f-42e2-81a4-9b989b72fa2c">
    <Deployment runDeploymentRoot="_845b6801dd61_2026-10-09_10_45_46" />
  </TestSettings>
  <Results>
    <UnitTestResult executionId="18eae5cb-9681-4b81-926d-b77621d59ed7" testId="f68bce81-ff59-8e04-7f28-9cc58fedbe7b" testName="FsusUI.Avalonia.HeadlessTests.FsusDesktopShellHeadlessTests.DocumentTabsSupportCloseDragReorderOverflowContextAndPlatformCycling(headerWidth: 120)" computerName="845b6801dd61" duration="00:00:01.2739663" startTime="2026-10-09T10:45:44.5063285+00:00" endTime="2026-10-09T10:45:45.8027174+00:00" testType="13cdc9d9-ddb5-4fa4-a97d-d965ccfc6d4b" outcome="Failed" testListId="8c84fa94-04c1-424b-9868-57a2d4851a1d" relativeResultsDirectory="18eae5cb-9681-4b81-926d-b77621d59ed7">
      <Output>
        <ErrorInfo>
          <Message>System.InvalidOperationException : Could not create glyphTypeface. Font family: $Default (key: ). Style: Normal. Weight: Normal. Stretch: Normal</Message>
          <StackTrace>   at Avalonia.Media.Typeface.get_GlyphTypeface()
   at Avalonia.Media.TextFormatting.TextRunProperties.get_CachedGlyphTypeface()
   at Avalonia.Media.TextFormatting.TextLineImpl.CreateLineMetrics()
   at Avalonia.Media.TextFormatting.TextLineImpl.FinalizeLine()
   at Avalonia.Media.TextFormatting.TextFormatterImpl.FormatLine(ITextSource textSource, Int32 firstTextSourceIndex, Double paragraphWidth, TextParagraphProperties paragraphProperties, TextLineBreak previousLineBreak, TextRunCache textRunCache)
   at Avalonia.Media.TextFormatting.TextLayout.CreateTextLines()
   at Avalonia.Media.TextFormatting.TextLayout..ctor(ITextSource textSource, TextParagraphProperties paragraphProperties, TextTrimming textTrimming, Double maxWidth, Double maxHeight, Int32 maxLines, TextRunCache textRunCache)
   at Avalonia.Controls.TextBlock.CreateTextLayout(String text)
   at Avalonia.Controls.TextBlock.get_TextLayout()
   at Avalonia.Controls.TextBlock.MeasureOverride(Size availableSize)
   at Avalonia.Layout.Layoutable.MeasureCore(Size availableSize)
   at Avalonia.Layout.Layoutable.Measure(Size availableSize)
   at Avalonia.Layout.LayoutManager.Measure(Layoutable control)
   at Avalonia.Layout.LayoutManager.ExecuteMeasurePass()
   at Avalonia.Layout.LayoutManager.InnerLayoutPass()
   at Avalonia.Layout.LayoutManager.ExecuteLayoutPass()
   at Avalonia.Layout.LayoutManager.ExecuteQueuedLayoutPass()
   at Avalonia.Media.MediaContext.FireInvokeOnRenderCallbacks()
   at Avalonia.Media.MediaContext.RenderCore()
   at Avalonia.Media.MediaContext.Render()
   at Avalonia.Threading.DispatcherOperation.InvokeCore()
   at Avalonia.Threading.DispatcherOperation.Execute()
   at Avalonia.Threading.Dispatcher.ExecuteJob(DispatcherOperation job)
   at Avalonia.Threading.Dispatcher.RunJobs(Nullable`1 priority, CancellationToken cancellationToken)
   at Avalonia.Threading.Dispatcher.RunJobs(Nullable`1 priority)
   at FsusUI.Avalonia.HeadlessTests.FsusDesktopShellHeadlessTests.DocumentTabsSupportCloseDragReorderOverflowContextAndPlatformCycling(Double headerWidth) in /workspace/FsusUI-desktop-tabs-template-refresh/dotnet/FsusUI.Avalonia.HeadlessTests/FsusDesktopShellHeadlessTests.cs:line 313
   at System.Reflection.MethodBaseInvoker.InterpretedInvoke_Method(Object obj, IntPtr* args)
   at System.Reflection.MethodBaseInvoker.InvokeDirectByRefWithFewArgs(Object obj, Span`1 copyOfArgs, BindingFlags invokeAttr)</StackTrace>
        </ErrorInfo>
      </Output>
    </UnitTestResult>
    <UnitTestResult executionId="3c2ff2ed-2c64-4bb4-a9fa-3051aba501b7" testId="0226f97a-b339-b6cd-3e54-d1d0660a72a9" testName="FsusUI.Avalonia.HeadlessTests.FsusDesktopShellHeadlessTests.DocumentTabsSupportCloseDragReorderOverflowContextAndPlatformCycling(headerWidth: 220)" computerName="845b6801dd61" duration="00:00:00.4586860" startTime="2026-10-09T10:45:45.8402254+00:00" endTime="2026-10-09T10:45:46.2999267+00:00" testType="13cdc9d9-ddb5-4fa4-a97d-d965ccfc6d4b" outcome="Passed" testListId="8c84fa94-04c1-424b-9868-57a2d4851a1d" relativeResultsDirectory="3c2ff2ed-2c64-4bb4-a9fa-3051aba501b7" />
  </Results>
  <TestDefinitions>
    <UnitTest name="FsusUI.Avalonia.HeadlessTests.FsusDesktopShellHeadlessTests.DocumentTabsSupportCloseDragReorderOverflowContextAndPlatformCycling(headerWidth: 220)" storage="/workspace/fsusui-desktop-tabs-template-refresh/dotnet/fsusui.avalonia.headlesstests/bin/release/net10.0/fsusui.avalonia.headlesstests.dll" id="0226f97a-b339-b6cd-3e54-d1d0660a72a9">
      <Execution id="3c2ff2ed-2c64-4bb4-a9fa-3051aba501b7" />
      <TestMethod codeBase="/workspace/FsusUI-desktop-tabs-template-refresh/dotnet/FsusUI.Avalonia.HeadlessTests/bin/Release/net10.0/FsusUI.Avalonia.HeadlessTests.dll" adapterTypeName="executor://xunit/VsTestRunner3/netcore/" className="FsusUI.Avalonia.HeadlessTests.FsusDesktopShellHeadlessTests" name="DocumentTabsSupportCloseDragReorderOverflowContextAndPlatformCycling" />
    </UnitTest>
    <UnitTest name="FsusUI.Avalonia.HeadlessTests.FsusDesktopShellHeadlessTests.DocumentTabsSupportCloseDragReorderOverflowContextAndPlatformCycling(headerWidth: 120)" storage="/workspace/fsusui-desktop-tabs-template-refresh/dotnet/fsusui.avalonia.headlesstests/bin/release/net10.0/fsusui.avalonia.headlesstests.dll" id="f68bce81-ff59-8e04-7f28-9cc58fedbe7b">
      <Execution id="18eae5cb-9681-4b81-926d-b77621d59ed7" />
      <TestMethod codeBase="/workspace/FsusUI-desktop-tabs-template-refresh/dotnet/FsusUI.Avalonia.HeadlessTests/bin/Release/net10.0/FsusUI.Avalonia.HeadlessTests.dll" adapterTypeName="executor://xunit/VsTestRunner3/netcore/" className="FsusUI.Avalonia.HeadlessTests.FsusDesktopShellHeadlessTests" name="DocumentTabsSupportCloseDragReorderOverflowContextAndPlatformCycling" />
    </UnitTest>
  </TestDefinitions>
  <TestEntries>
    <TestEntry testId="f68bce81-ff59-8e04-7f28-9cc58fedbe7b" executionId="18eae5cb-9681-4b81-926d-b77621d59ed7" testListId="8c84fa94-04c1-424b-9868-57a2d4851a1d" />
    <TestEntry testId="0226f97a-b339-b6cd-3e54-d1d0660a72a9" executionId="3c2ff2ed-2c64-4bb4-a9fa-3051aba501b7" testListId="8c84fa94-04c1-424b-9868-57a2d4851a1d" />
  </TestEntries>
  <TestLists>
    <TestList name="Results Not in a List" id="8c84fa94-04c1-424b-9868-57a2d4851a1d" />
    <TestList name="All Loaded Results" id="19431567-8539-422a-85d7-44ee4e166bda" />
  </TestLists>
  <ResultSummary outcome="Failed">
    <Counters total="2" executed="2" passed="1" failed="1" error="0" timeout="0" aborted="0" inconclusive="0" passedButRunAborted="0" notRunnable="0" notExecuted="0" disconnected="0" warning="0" completed="0" inProgress="0" pending="0" />
    <Output>
      <StdOut>[xUnit.net 00:00:00.00] xUnit.net VSTest Adapter v3.1.4+50e68bbb8b (64-bit .NET 10.0.12)
[xUnit.net 00:00:00.21]   Discovering: FsusUI.Avalonia.HeadlessTests
[xUnit.net 00:00:00.65]   Discovered:  FsusUI.Avalonia.HeadlessTests
[xUnit.net 00:00:00.87]   Starting:    FsusUI.Avalonia.HeadlessTests
[xUnit.net 00:00:02.52]       System.InvalidOperationException : Could not create glyphTypeface. Font family: $Default (key: ). Style: Normal. Weight: Normal. Stretch: Normal
[xUnit.net 00:00:02.52]       Stack Trace:
[xUnit.net 00:00:02.52]            at Avalonia.Media.Typeface.get_GlyphTypeface()
[xUnit.net 00:00:02.52]            at Avalonia.Media.TextFormatting.TextRunProperties.get_CachedGlyphTypeface()
[xUnit.net 00:00:02.52]            at Avalonia.Media.TextFormatting.TextLineImpl.CreateLineMetrics()
[xUnit.net 00:00:02.52]            at Avalonia.Media.TextFormatting.TextLineImpl.FinalizeLine()
[xUnit.net 00:00:02.52]            at Avalonia.Media.TextFormatting.TextFormatterImpl.FormatLine(ITextSource textSource, Int32 firstTextSourceIndex, Double paragraphWidth, TextParagraphProperties paragraphProperties, TextLineBreak previousLineBreak, TextRunCache textRunCache)
[xUnit.net 00:00:02.52]            at Avalonia.Media.TextFormatting.TextLayout.CreateTextLines()
[xUnit.net 00:00:02.52]            at Avalonia.Media.TextFormatting.TextLayout..ctor(ITextSource textSource, TextParagraphProperties paragraphProperties, TextTrimming textTrimming, Double maxWidth, Double maxHeight, Int32 maxLines, TextRunCache textRunCache)
[xUnit.net 00:00:02.52]            at Avalonia.Controls.TextBlock.CreateTextLayout(String text)
[xUnit.net 00:00:02.52]            at Avalonia.Controls.TextBlock.get_TextLayout()
[xUnit.net 00:00:02.52]            at Avalonia.Controls.TextBlock.MeasureOverride(Size availableSize)
[xUnit.net 00:00:02.52]            at Avalonia.Layout.Layoutable.MeasureCore(Size availableSize)
[xUnit.net 00:00:02.52]            at Avalonia.Layout.Layoutable.Measure(Size availableSize)
[xUnit.net 00:00:02.52]            at Avalonia.Layout.LayoutManager.Measure(Layoutable control)
[xUnit.net 00:00:02.52]            at Avalonia.Layout.LayoutManager.ExecuteMeasurePass()
[xUnit.net 00:00:02.52]            at Avalonia.Layout.LayoutManager.InnerLayoutPass()
[xUnit.net 00:00:02.52]            at Avalonia.Layout.LayoutManager.ExecuteLayoutPass()
[xUnit.net 00:00:02.52]            at Avalonia.Layout.LayoutManager.ExecuteQueuedLayoutPass()
[xUnit.net 00:00:02.52]            at Avalonia.Media.MediaContext.FireInvokeOnRenderCallbacks()
[xUnit.net 00:00:02.52]            at Avalonia.Media.MediaContext.RenderCore()
[xUnit.net 00:00:02.52]            at Avalonia.Media.MediaContext.Render()
[xUnit.net 00:00:02.52]            at Avalonia.Threading.DispatcherOperation.InvokeCore()
[xUnit.net 00:00:02.52]            at Avalonia.Threading.DispatcherOperation.Execute()
[xUnit.net 00:00:02.52]            at Avalonia.Threading.Dispatcher.ExecuteJob(DispatcherOperation job)
[xUnit.net 00:00:02.52]            at Avalonia.Threading.Dispatcher.RunJobs(Nullable`1 priority, CancellationToken cancellationToken)
[xUnit.net 00:00:02.52]            at Avalonia.Threading.Dispatcher.RunJobs(Nullable`1 priority)
[xUnit.net 00:00:02.52]         /workspace/FsusUI-desktop-tabs-template-refresh/dotnet/FsusUI.Avalonia.HeadlessTests/FsusDesktopShellHeadlessTests.cs(313,0): at FsusUI.Avalonia.HeadlessTests.FsusDesktopShellHeadlessTests.DocumentTabsSupportCloseDragReorderOverflowContextAndPlatformCycling(Double headerWidth)
[xUnit.net 00:00:02.52]            at System.Reflection.MethodBaseInvoker.InterpretedInvoke_Method(Object obj, IntPtr* args)
[xUnit.net 00:00:02.52]            at System.Reflection.MethodBaseInvoker.InvokeDirectByRefWithFewArgs(Object obj, Span`1 copyOfArgs, BindingFlags invokeAttr)
[xUnit.net 00:00:03.03]   Finished:    FsusUI.Avalonia.HeadlessTests
</StdOut>
    </Output>
    <RunInfos>
      <RunInfo computerName="845b6801dd61" outcome="Error" timestamp="2026-10-09T10:45:45.8125215+00:00">
        <Text>[xUnit.net 00:00:02.52]     FsusUI.Avalonia.HeadlessTests.FsusDesktopShellHeadlessTests.DocumentTabsSupportCloseDragReorderOverflowContextAndPlatformCycling(headerWidth: 120) [FAIL]</Text>
      </RunInfo>
    </RunInfos>
  </ResultSummary>
</TestRun>