node:internal/modules/esm/resolve:271
    throw new ERR_MODULE_NOT_FOUND(
          ^

Error [ERR_MODULE_NOT_FOUND]: Cannot find module '/workspace/FsusUI-public-declaration-integration/vue/internal/build/src/build-info' imported from /workspace/FsusUI-public-declaration-integration/vue/internal/build/src/utils/pkg.ts
    at finalizeResolution (node:internal/modules/esm/resolve:271:11)
    at moduleResolve (node:internal/modules/esm/resolve:865:10)
    at defaultResolve (node:internal/modules/esm/resolve:992:11)
    at #cachedDefaultResolve (node:internal/modules/esm/loader:701:20)
    at #resolveAndMaybeBlockOnLoaderThread (node:internal/modules/esm/loader:721:38)
    at ModuleLoader.resolveSync (node:internal/modules/esm/loader:759:56)
    at ModuleLoader.getOrCreateModuleJob (node:internal/modules/esm/loader:600:27)
    at ModuleJobSync.syncLink (node:internal/modules/esm/module_job:163:33)
    at ModuleJobSync.link (node:internal/modules/esm/module_job:489:17)
    at new ModuleJobSync (node:internal/modules/esm/module_job:479:26) {
  code: 'ERR_MODULE_NOT_FOUND',
  url: 'file:///workspace/FsusUI-public-declaration-integration/vue/internal/build/src/build-info'
}

Node.js v24.19.0
✖ scripts/motion-declaration-path.test.mjs (194.264058ms)
ℹ tests 1
ℹ suites 0
ℹ pass 0
ℹ fail 1
ℹ cancelled 0
ℹ skipped 0
ℹ todo 0
ℹ duration_ms 213.701022

✖ failing tests:

test at scripts/motion-declaration-path.test.mjs:1:1
✖ scripts/motion-declaration-path.test.mjs (194.264058ms)
  'test failed'
