<?xml version="1.0" encoding="utf-8"?>
<TestRun id="adc14196-40e3-40c3-91fd-ed3461902993" name="@d45ac3896e5a 2026-10-09 08:57:34" xmlns="http://microsoft.com/schemas/VisualStudio/TeamTest/2010">
  <Times creation="2026-10-09T08:57:34.6174953+00:00" queuing="2026-10-09T08:57:34.6174953+00:00" start="2026-10-09T08:57:31.3786376+00:00" finish="2026-10-09T08:57:37.0805013+00:00" />
  <TestSettings name="default" id="29d76bd1-51e5-4340-8c87-362f5d8212ed">
    <Deployment runDeploymentRoot="_d45ac3896e5a_2026-10-09_08_57_34" />
  </TestSettings>
  <Results>
    <UnitTestResult executionId="5fd4c586-3f5c-492e-ba9e-92a23ed5e0ec" testId="8c2bf773-9cfa-65b9-4e0b-860e5fb1b1c7" testName="FsusUI.Avalonia.HeadlessTests.FsusNativeMenuTests.PreserveRootsProfileReturnsExactlySuppliedRootsWithMetadataAndCommandState" computerName="d45ac3896e5a" duration="00:00:00.0009517" startTime="2026-10-09T08:57:35.8961214+00:00" endTime="2026-10-09T08:57:35.8971529+00:00" testType="13cdc9d9-ddb5-4fa4-a97d-d965ccfc6d4b" outcome="Passed" testListId="8c84fa94-04c1-424b-9868-57a2d4851a1d" relativeResultsDirectory="5fd4c586-3f5c-492e-ba9e-92a23ed5e0ec" />
    <UnitTestResult executionId="be60649b-8000-4d08-949b-4626c338b627" testId="08190d5e-f441-912b-e5f3-c4f2300f112f" testName="FsusUI.Avalonia.HeadlessTests.FsusBundledInterFontRegistrationRegressionTests.LinuxMonospaceAliasesResolveTheNativeFixedPitchFamilyAndLayout(family: &quot;ui-monospace, SFMono-Regular, Menlo, Monaco, Conso&quot;···)" computerName="d45ac3896e5a" duration="00:00:00.0507473" startTime="2026-10-09T08:57:34.1378084+00:00" endTime="2026-10-09T08:57:34.1891416+00:00" testType="13cdc9d9-ddb5-4fa4-a97d-d965ccfc6d4b" outcome="Passed" testListId="8c84fa94-04c1-424b-9868-57a2d4851a1d" relativeResultsDirectory="be60649b-8000-4d08-949b-4626c338b627" />
    <UnitTestResult executionId="ae21de40-c309-45a5-bb2a-cf0394219a55" testId="ab151e03-0027-9fab-346f-8a7527f0de37" testName="FsusUI.Avalonia.HeadlessTests.FsusNativeMenuHeadlessTests.PreserveRootsProfileAttachesExactlySuppliedRootsAndKeepsCommandState" computerName="d45ac3896e5a" duration="00:00:00.0041376" startTime="2026-10-09T08:57:34.5791620+00:00" endTime="2026-10-09T08:57:34.5834269+00:00" testType="13cdc9d9-ddb5-4fa4-a97d-d965ccfc6d4b" outcome="Passed" testListId="8c84fa94-04c1-424b-9868-57a2d4851a1d" relativeResultsDirectory="ae21de40-c309-45a5-bb2a-cf0394219a55" />
    <UnitTestResult executionId="03bbc910-8106-466b-a6f2-e29de90da861" testId="aa6c4dc1-2fa7-7400-9801-20d856594a43" testName="FsusUI.Avalonia.HeadlessTests.FsusNativeMenuTests.CustomShortcutUpdateImmediatelyRefreshesNativeMenuAccelerator(platform: macOS)" computerName="d45ac3896e5a" duration="00:00:00.0046230" startTime="2026-10-09T08:57:35.7819572+00:00" endTime="2026-10-09T08:57:35.7866686+00:00" testType="13cdc9d9-ddb5-4fa4-a97d-d965ccfc6d4b" outcome="Passed" testListId="8c84fa94-04c1-424b-9868-57a2d4851a1d" relativeResultsDirectory="03bbc910-8106-466b-a6f2-e29de90da861" />
    <UnitTestResult executionId="61554f17-cb4d-4fe8-af93-cc9303329694" testId="aece82bb-a578-534f-6854-bdc8e7802bae" testName="FsusUI.Avalonia.HeadlessTests.FsusNativeMenuTests.CustomShortcutUpdateImmediatelyRefreshesNativeMenuAccelerator(platform: Linux)" computerName="d45ac3896e5a" duration="00:00:00.0002738" startTime="2026-10-09T08:57:35.7920167+00:00" endTime="2026-10-09T08:57:35.7923912+00:00" testType="13cdc9d9-ddb5-4fa4-a97d-d965ccfc6d4b" outcome="Passed" testListId="8c84fa94-04c1-424b-9868-57a2d4851a1d" relativeResultsDirectory="61554f17-cb4d-4fe8-af93-cc9303329694" />
    <UnitTestResult executionId="942ab76c-7967-46f7-adf2-1431de20b4e4" testId="4165fc1d-3a18-4ac9-960d-c00b1210c535" testName="FsusUI.Avalonia.HeadlessTests.FsusNativeMenuTests.CustomShortcutUpdateImmediatelyRefreshesNativeMenuAccelerator(platform: Windows)" computerName="d45ac3896e5a" duration="00:00:00.0046653" startTime="2026-10-09T08:57:35.7712877+00:00" endTime="2026-10-09T08:57:35.7760522+00:00" testType="13cdc9d9-ddb5-4fa4-a97d-d965ccfc6d4b" outcome="Passed" testListId="8c84fa94-04c1-424b-9868-57a2d4851a1d" relativeResultsDirectory="942ab76c-7967-46f7-adf2-1431de20b4e4" />
    <UnitTestResult executionId="761ac9de-dc01-4a7e-b441-f9a7ebb285a3" testId="31c02228-4798-7bb0-30e4-87606fadb38e" testName="FsusUI.Avalonia.HeadlessTests.FsusShortcutRecorderHeadlessTests.ControlTemplateAppliesAcrossLightAndDarkThemes" computerName="d45ac3896e5a" duration="00:00:00.1163624" startTime="2026-10-09T08:57:35.9241982+00:00" endTime="2026-10-09T08:57:36.0406600+00:00" testType="13cdc9d9-ddb5-4fa4-a97d-d965ccfc6d4b" outcome="Passed" testListId="8c84fa94-04c1-424b-9868-57a2d4851a1d" relativeResultsDirectory="761ac9de-dc01-4a7e-b441-f9a7ebb285a3" />
    <UnitTestResult executionId="d5a21d03-4b1f-4291-b121-a8e0dd3a3e8f" testId="a2cf1280-a3af-a409-77ea-8cf68d6ef21c" testName="FsusUI.Avalonia.HeadlessTests.FsusShortcutRecorderHeadlessTests.PlaceholderAndAccessibleClearActionRestoreRecorderFocus" computerName="d45ac3896e5a" duration="00:00:00.1029918" startTime="2026-10-09T08:57:36.5801474+00:00" endTime="2026-10-09T08:57:36.6832401+00:00" testType="13cdc9d9-ddb5-4fa4-a97d-d965ccfc6d4b" outcome="Passed" testListId="8c84fa94-04c1-424b-9868-57a2d4851a1d" relativeResultsDirectory="d5a21d03-4b1f-4291-b121-a8e0dd3a3e8f" />
    <UnitTestResult executionId="ee3c30d9-7893-4442-864d-d67bb4fd15dc" testId="e0705852-0099-8bb7-3633-063a9fafa61b" testName="FsusUI.Avalonia.HeadlessTests.FsusVirtualizationHeadlessTests.AutoResizerAndTableV2VirtualizeRowsColumnsResizeAndBudget" computerName="d45ac3896e5a" duration="00:00:00.0170929" startTime="2026-10-09T08:57:36.8619533+00:00" endTime="2026-10-09T08:57:36.8791435+00:00" testType="13cdc9d9-ddb5-4fa4-a97d-d965ccfc6d4b" outcome="Passed" testListId="8c84fa94-04c1-424b-9868-57a2d4851a1d" relativeResultsDirectory="ee3c30d9-7893-4442-864d-d67bb4fd15dc" />
    <UnitTestResult executionId="742503c7-9dff-4f18-a835-c0e030af0d70" testId="69b3a850-ac6e-f0ba-8582-ecc457c21403" testName="FsusUI.Avalonia.HeadlessTests.FsusVirtualizationHeadlessTests.TableV2UsesFixedDataGetterAndExpandedRowCallbacks" computerName="d45ac3896e5a" duration="00:00:00.0045483" startTime="2026-10-09T08:57:36.8524294+00:00" endTime="2026-10-09T08:57:36.8570631+00:00" testType="13cdc9d9-ddb5-4fa4-a97d-d965ccfc6d4b" outcome="Passed" testListId="8c84fa94-04c1-424b-9868-57a2d4851a1d" relativeResultsDirectory="742503c7-9dff-4f18-a835-c0e030af0d70" />
    <UnitTestResult executionId="e612da22-7565-4c24-8653-8ab874b00732" testId="2c02f114-141c-6c2a-15e4-ba71a0d664e6" testName="FsusUI.Avalonia.HeadlessTests.FsusNativeMenuHeadlessTests.InitiallyDisabledCommandStaysDisabledInRenderedMenu" computerName="d45ac3896e5a" duration="00:00:00.0469781" startTime="2026-10-09T08:57:34.5266045+00:00" endTime="2026-10-09T08:57:34.5736778+00:00" testType="13cdc9d9-ddb5-4fa4-a97d-d965ccfc6d4b" outcome="Passed" testListId="8c84fa94-04c1-424b-9868-57a2d4851a1d" relativeResultsDirectory="e612da22-7565-4c24-8653-8ab874b00732" />
    <UnitTestResult executionId="db41b115-e3c0-4a30-b29b-802b32386da2" testId="7c4f4440-5025-d367-d9e7-687134b9dc21" testName="FsusUI.Avalonia.HeadlessTests.FsusVirtualizationHeadlessTests.TableV2MeasuresDynamicRowsAndRaisesRealScrollCallbacks" computerName="d45ac3896e5a" duration="00:00:00.0120350" startTime="2026-10-09T08:57:36.9063371+00:00" endTime="2026-10-09T08:57:36.9184825+00:00" testType="13cdc9d9-ddb5-4fa4-a97d-d965ccfc6d4b" outcome="Passed" testListId="8c84fa94-04c1-424b-9868-57a2d4851a1d" relativeResultsDirectory="db41b115-e3c0-4a30-b29b-802b32386da2" />
    <UnitTestResult executionId="b5012fc0-e4dc-408f-9bf5-4dd306b40660" testId="78461630-bf38-d316-bae1-27c3211117a0" testName="FsusUI.Avalonia.HeadlessTests.FsusBundledInterFontRegistrationRegressionTests.DeclaredBodyStackResolvesTheRegisteredBundledFamily" computerName="d45ac3896e5a" duration="00:00:00.0090658" startTime="2026-10-09T08:57:34.2445075+00:00" endTime="2026-10-09T08:57:34.2536725+00:00" testType="13cdc9d9-ddb5-4fa4-a97d-d965ccfc6d4b" outcome="Passed" testListId="8c84fa94-04c1-424b-9868-57a2d4851a1d" relativeResultsDirectory="b5012fc0-e4dc-408f-9bf5-4dd306b40660" />
    <UnitTestResult executionId="755e163d-1932-4847-9e4e-f377727f82bd" testId="4b6dca01-fe0a-695f-17ec-1b9a9e0d4d31" testName="FsusUI.Avalonia.HeadlessTests.FsusShortcutRecorderHeadlessTests.EscapeCancelsRecordingAndDoesNotChangeOriginalValue" computerName="d45ac3896e5a" duration="00:00:00.1009803" startTime="2026-10-09T08:57:36.6907207+00:00" endTime="2026-10-09T08:57:36.7918028+00:00" testType="13cdc9d9-ddb5-4fa4-a97d-d965ccfc6d4b" outcome="Passed" testListId="8c84fa94-04c1-424b-9868-57a2d4851a1d" relativeResultsDirectory="755e163d-1932-4847-9e4e-f377727f82bd" />
    <UnitTestResult executionId="586955fd-fe67-42b5-aa64-330b07f21a23" testId="6915b60f-c64c-7bc4-87cf-c71446a4020f" testName="FsusUI.Avalonia.HeadlessTests.FsusNativeMenuHeadlessTests.NativeMenuAttachesToWindowAndSynchronouslyReflectsCommandState" computerName="d45ac3896e5a" duration="00:00:00.0036481" startTime="2026-10-09T08:57:34.5884222+00:00" endTime="2026-10-09T08:57:34.5921453+00:00" testType="13cdc9d9-ddb5-4fa4-a97d-d965ccfc6d4b" outcome="Passed" testListId="8c84fa94-04c1-424b-9868-57a2d4851a1d" relativeResultsDirectory="586955fd-fe67-42b5-aa64-330b07f21a23" />
    <UnitTestResult executionId="635710e3-29b1-453c-9dba-c93e6272a34f" testId="b1bbe885-5969-c487-b2bd-7801ab883cba" testName="FsusUI.Avalonia.HeadlessTests.FsusVirtualizationHeadlessTests.TableV2MapsViewportGeometryAndCacheToRealLayout" computerName="d45ac3896e5a" duration="00:00:00.0008069" startTime="2026-10-09T08:57:36.9595565+00:00" endTime="2026-10-09T08:57:36.9604411+00:00" testType="13cdc9d9-ddb5-4fa4-a97d-d965ccfc6d4b" outcome="Passed" testListId="8c84fa94-04c1-424b-9868-57a2d4851a1d" relativeResultsDirectory="635710e3-29b1-453c-9dba-c93e6272a34f" />
    <UnitTestResult executionId="cdf714a3-27a0-4a76-a178-4af311c0c159" testId="e7a8f6f2-04b4-34e9-e9db-9d327a828bbe" testName="FsusUI.Avalonia.HeadlessTests.FsusVirtualizationHeadlessTests.TableV2ContentRegionsReceiveScopedPayloads" computerName="d45ac3896e5a" duration="00:00:00.0305640" startTime="2026-10-09T08:57:36.9236459+00:00" endTime="2026-10-09T08:57:36.9543014+00:00" testType="13cdc9d9-ddb5-4fa4-a97d-d965ccfc6d4b" outcome="Passed" testListId="8c84fa94-04c1-424b-9868-57a2d4851a1d" relativeResultsDirectory="cdf714a3-27a0-4a76-a178-4af311c0c159" />
    <UnitTestResult executionId="8838e9da-e892-4006-875e-11752f27c89a" testId="27c6a15e-539d-23b9-c340-9eb9a2a2c657" testName="FsusUI.Avalonia.HeadlessTests.FsusVirtualizationHeadlessTests.TableV2BindsTypedRowsFixedColumnsAndRealKeyboardScroll" computerName="d45ac3896e5a" duration="00:00:00.0481911" startTime="2026-10-09T08:57:36.7986143+00:00" endTime="2026-10-09T08:57:36.8469042+00:00" testType="13cdc9d9-ddb5-4fa4-a97d-d965ccfc6d4b" outcome="Passed" testListId="8c84fa94-04c1-424b-9868-57a2d4851a1d" relativeResultsDirectory="8838e9da-e892-4006-875e-11752f27c89a" />
    <UnitTestResult executionId="3a1c1b8e-ed3d-4ed3-b943-41e84a89bbac" testId="f11f02a3-9a3f-40a1-358f-488893058fe2" testName="FsusUI.Avalonia.HeadlessTests.FsusVirtualizationHeadlessTests.AutoResizerObservesArrangedViewportAndHonorsDisabledAxes" computerName="d45ac3896e5a" duration="00:00:00.0031457" startTime="2026-10-09T08:57:36.9651273+00:00" endTime="2026-10-09T08:57:36.9683458+00:00" testType="13cdc9d9-ddb5-4fa4-a97d-d965ccfc6d4b" outcome="Passed" testListId="8c84fa94-04c1-424b-9868-57a2d4851a1d" relativeResultsDirectory="3a1c1b8e-ed3d-4ed3-b943-41e84a89bbac" />
    <UnitTestResult executionId="50bd4409-a8b1-4da1-a427-db8ab0caec59" testId="859fa253-cedd-5813-bbda-2f592951f53c" testName="FsusUI.Avalonia.HeadlessTests.FsusShortcutRecorderHeadlessTests.UserStartsRecordingAndPressesCtrlShiftPToCaptureOneShortcut(platform: Windows, primaryModifier: Control, displayShortcut: &quot;Ctrl+Shift+P&quot;)" computerName="d45ac3896e5a" duration="00:00:00.0825897" startTime="2026-10-09T08:57:36.3846398+00:00" endTime="2026-10-09T08:57:36.4673455+00:00" testType="13cdc9d9-ddb5-4fa4-a97d-d965ccfc6d4b" outcome="Passed" testListId="8c84fa94-04c1-424b-9868-57a2d4851a1d" relativeResultsDirectory="50bd4409-a8b1-4da1-a427-db8ab0caec59" />
    <UnitTestResult executionId="1dc6ef02-cb70-4e06-9a31-e4bcda52d4e5" testId="6d6cef4a-5d20-fffc-f353-29425e8fffd2" testName="FsusUI.Avalonia.HeadlessTests.FsusShortcutRecorderHeadlessTests.InjectedExistingShortcutsShowAccessibleConflictStatus" computerName="d45ac3896e5a" duration="00:00:00.1089358" startTime="2026-10-09T08:57:36.1722468+00:00" endTime="2026-10-09T08:57:36.2813009+00:00" testType="13cdc9d9-ddb5-4fa4-a97d-d965ccfc6d4b" outcome="Passed" testListId="8c84fa94-04c1-424b-9868-57a2d4851a1d" relativeResultsDirectory="1dc6ef02-cb70-4e06-9a31-e4bcda52d4e5" />
    <UnitTestResult executionId="85b5afed-8eb0-4617-a620-88aa54b93e2f" testId="7fe86793-661a-b415-10c1-873352050d7e" testName="FsusUI.Avalonia.HeadlessTests.FsusNativeMenuTests.SameCommandModelUsableByCommandPaletteAndNativeMenu(platform: Linux, displayShortcut: &quot;Ctrl+S&quot;, nativePrimaryModifier: Control)" computerName="d45ac3896e5a" duration="00:00:00.0001685" startTime="2026-10-09T08:57:35.8665652+00:00" endTime="2026-10-09T08:57:35.8668017+00:00" testType="13cdc9d9-ddb5-4fa4-a97d-d965ccfc6d4b" outcome="Passed" testListId="8c84fa94-04c1-424b-9868-57a2d4851a1d" relativeResultsDirectory="85b5afed-8eb0-4617-a620-88aa54b93e2f" />
    <UnitTestResult executionId="2f78f458-7e95-40b4-b648-d36ec37a73a4" testId="ca0f1827-a902-741c-60e4-f7ba360c329d" testName="FsusUI.Avalonia.HeadlessTests.FsusTreeScrollingHeadlessTests.ScrollingExpandedRowsPreservesOffsetAndRoutesPointerToRetainedNode" computerName="d45ac3896e5a" duration="00:00:01.1657290" startTime="2026-10-09T08:57:34.5974857+00:00" endTime="2026-10-09T08:57:35.7633045+00:00" testType="13cdc9d9-ddb5-4fa4-a97d-d965ccfc6d4b" outcome="Passed" testListId="8c84fa94-04c1-424b-9868-57a2d4851a1d" relativeResultsDirectory="2f78f458-7e95-40b4-b648-d36ec37a73a4" />
    <UnitTestResult executionId="d9bc5992-4e84-4601-94e4-d5f8aa4f7fd3" testId="d626e27b-921b-aede-8011-76984e338f93" testName="FsusUI.Avalonia.HeadlessTests.FsusNativeMenuTests.DockMenuContractAndWindowlessRoutingFallbackWorks" computerName="d45ac3896e5a" duration="00:00:00.0013055" startTime="2026-10-09T08:57:35.9021271+00:00" endTime="2026-10-09T08:57:35.9035087+00:00" testType="13cdc9d9-ddb5-4fa4-a97d-d965ccfc6d4b" outcome="Passed" testListId="8c84fa94-04c1-424b-9868-57a2d4851a1d" relativeResultsDirectory="d9bc5992-4e84-4601-94e4-d5f8aa4f7fd3" />
    <UnitTestResult executionId="8d9e4e4b-0552-4298-8d8a-9dd3167c3885" testId="df204aa4-01a9-5eb5-e9b2-1152e3f36aec" testName="FsusUI.Avalonia.HeadlessTests.FsusNativeMenuHeadlessTests.CommandPaletteIntegratesWithSharedCommandsInHeadless" computerName="d45ac3896e5a" duration="00:00:00.0113545" startTime="2026-10-09T08:57:34.5098979+00:00" endTime="2026-10-09T08:57:34.5213450+00:00" testType="13cdc9d9-ddb5-4fa4-a97d-d965ccfc6d4b" outcome="Passed" testListId="8c84fa94-04c1-424b-9868-57a2d4851a1d" relativeResultsDirectory="8d9e4e4b-0552-4298-8d8a-9dd3167c3885" />
    <UnitTestResult executionId="bbd8debe-80a8-4d6e-9c55-333d6a2f1f28" testId="302cd869-9774-5490-b257-c2d8d6d86fa7" testName="FsusUI.Avalonia.HeadlessTests.FsusNativeMenuTests.SameCommandModelUsableByCommandPaletteAndNativeMenu(platform: Windows, displayShortcut: &quot;Ctrl+S&quot;, nativePrimaryModifier: Control)" computerName="d45ac3896e5a" duration="00:00:00.0008360" startTime="2026-10-09T08:57:35.8600054+00:00" endTime="2026-10-09T08:57:35.8609192+00:00" testType="13cdc9d9-ddb5-4fa4-a97d-d965ccfc6d4b" outcome="Passed" testListId="8c84fa94-04c1-424b-9868-57a2d4851a1d" relativeResultsDirectory="bbd8debe-80a8-4d6e-9c55-333d6a2f1f28" />
    <UnitTestResult executionId="9306c7f2-e48e-4cc7-ba15-8cdfb8576c61" testId="13e65226-ca45-b60d-2a7f-3b14224042ab" testName="FsusUI.Avalonia.HeadlessTests.FsusNativeMenuTests.RecentSubmenuRebuildAndDockAttachmentUseNeutralRoles" computerName="d45ac3896e5a" duration="00:00:00.0085521" startTime="2026-10-09T08:57:35.8389975+00:00" endTime="2026-10-09T08:57:35.8477163+00:00" testType="13cdc9d9-ddb5-4fa4-a97d-d965ccfc6d4b" outcome="Passed" testListId="8c84fa94-04c1-424b-9868-57a2d4851a1d" relativeResultsDirectory="9306c7f2-e48e-4cc7-ba15-8cdfb8576c61" />
    <UnitTestResult executionId="ef3ba96f-7434-4969-ab53-a19d2cc176f0" testId="a140aeee-b087-d1f1-65ad-34b834566274" testName="FsusUI.Avalonia.HeadlessTests.FsusNativeMenuTests.DocumentStateChangesSynchronouslyUpdateItemEnabledState" computerName="d45ac3896e5a" duration="00:00:00.0009271" startTime="2026-10-09T08:57:35.9099519+00:00" endTime="2026-10-09T08:57:35.9109440+00:00" testType="13cdc9d9-ddb5-4fa4-a97d-d965ccfc6d4b" outcome="Passed" testListId="8c84fa94-04c1-424b-9868-57a2d4851a1d" relativeResultsDirectory="ef3ba96f-7434-4969-ab53-a19d2cc176f0" />
    <UnitTestResult executionId="faf1e2c4-bee6-472e-a194-d2e131f07d93" testId="b8ce8ab0-ea36-dda2-61c5-7a45e2d67c32" testName="FsusUI.Avalonia.HeadlessTests.FsusNativeMenuTests.SameCommandModelUsableByCommandPaletteAndNativeMenu(platform: macOS, displayShortcut: &quot;Command+S&quot;, nativePrimaryModifier: Meta)" computerName="d45ac3896e5a" duration="00:00:00.0011084" startTime="2026-10-09T08:57:35.8535102+00:00" endTime="2026-10-09T08:57:35.8547022+00:00" testType="13cdc9d9-ddb5-4fa4-a97d-d965ccfc6d4b" outcome="Passed" testListId="8c84fa94-04c1-424b-9868-57a2d4851a1d" relativeResultsDirectory="faf1e2c4-bee6-472e-a194-d2e131f07d93" />
    <UnitTestResult executionId="70cc8b4f-8470-4bf4-b241-af09bcb7f48b" testId="61294269-b310-acee-4a42-ec7680ca82cf" testName="FsusUI.Avalonia.HeadlessTests.FsusNativeMenuTests.DockPrimaryAcceleratorUsesCommandWithoutMutatingSharedGesture" computerName="d45ac3896e5a" duration="00:00:00.0019082" startTime="2026-10-09T08:57:35.8265716+00:00" endTime="2026-10-09T08:57:35.8285530+00:00" testType="13cdc9d9-ddb5-4fa4-a97d-d965ccfc6d4b" outcome="Passed" testListId="8c84fa94-04c1-424b-9868-57a2d4851a1d" relativeResultsDirectory="70cc8b4f-8470-4bf4-b241-af09bcb7f48b" />
    <UnitTestResult executionId="5d9acb94-3240-4105-a04b-33fc4c43ff7c" testId="d2831217-7816-16bc-67bc-ccfa4072e92a" testName="FsusUI.Avalonia.HeadlessTests.FsusBundledInterFontRegistrationRegressionTests.BundledInterResolvesGlyphsAndLaysOutTextInAFluentWindow" computerName="d45ac3896e5a" duration="00:00:00.2220873" startTime="2026-10-09T08:57:34.2590172+00:00" endTime="2026-10-09T08:57:34.4812031+00:00" testType="13cdc9d9-ddb5-4fa4-a97d-d965ccfc6d4b" outcome="Passed" testListId="8c84fa94-04c1-424b-9868-57a2d4851a1d" relativeResultsDirectory="5d9acb94-3240-4105-a04b-33fc4c43ff7c" />
    <UnitTestResult executionId="9efae6e0-40b8-4f6f-9df5-4cdf65b00ffb" testId="edfde5dd-473c-d15f-5af5-f572ca17dbbc" testName="FsusUI.Avalonia.HeadlessTests.FsusNativeMenuTests.RebuildAndDisposeDetachPreviousCommandListeners" computerName="d45ac3896e5a" duration="00:00:00.0016426" startTime="2026-10-09T08:57:35.8123491+00:00" endTime="2026-10-09T08:57:35.8140860+00:00" testType="13cdc9d9-ddb5-4fa4-a97d-d965ccfc6d4b" outcome="Passed" testListId="8c84fa94-04c1-424b-9868-57a2d4851a1d" relativeResultsDirectory="9efae6e0-40b8-4f6f-9df5-4cdf65b00ffb" />
    <UnitTestResult executionId="ddd24d19-4e86-4921-94eb-fd2263b9c255" testId="8b9a2a8c-a06e-65b3-1147-e95f0a9087c6" testName="FsusUI.Avalonia.HeadlessTests.FsusBundledInterFontRegistrationRegressionTests.LinuxMonospaceAliasesResolveTheNativeFixedPitchFamilyAndLayout(family: &quot;monospace&quot;)" computerName="d45ac3896e5a" duration="00:00:00.0928126" startTime="2026-10-09T08:57:33.9992024+00:00" endTime="2026-10-09T08:57:34.1031604+00:00" testType="13cdc9d9-ddb5-4fa4-a97d-d965ccfc6d4b" outcome="Passed" testListId="8c84fa94-04c1-424b-9868-57a2d4851a1d" relativeResultsDirectory="ddd24d19-4e86-4921-94eb-fd2263b9c255" />
    <UnitTestResult executionId="f75ff8ff-edef-4f73-9ebd-c38d04400c6b" testId="1f609f85-de3a-550b-511c-9b273ba1864a" testName="FsusUI.Avalonia.HeadlessTests.FsusNativeMenuTests.CustomShortcutUpdateImmediatelyRefreshesNativeMenuAccelerator(platform: Auto)" computerName="d45ac3896e5a" duration="00:00:00.0001800" startTime="2026-10-09T08:57:35.7976124+00:00" endTime="2026-10-09T08:57:35.7978592+00:00" testType="13cdc9d9-ddb5-4fa4-a97d-d965ccfc6d4b" outcome="Passed" testListId="8c84fa94-04c1-424b-9868-57a2d4851a1d" relativeResultsDirectory="f75ff8ff-edef-4f73-9ebd-c38d04400c6b" />
    <UnitTestResult executionId="4e8159ce-e60e-4565-b186-463822142e77" testId="4c645704-4448-88d3-06cd-924f0a5f4aa8" testName="FsusUI.Avalonia.HeadlessTests.FsusShortcutRecorderHeadlessTests.UserStartsRecordingAndPressesCtrlShiftPToCaptureOneShortcut(platform: Linux, primaryModifier: Control, displayShortcut: &quot;Ctrl+Shift+P&quot;)" computerName="d45ac3896e5a" duration="00:00:00.0854686" startTime="2026-10-09T08:57:36.2924711+00:00" endTime="2026-10-09T08:57:36.3780533+00:00" testType="13cdc9d9-ddb5-4fa4-a97d-d965ccfc6d4b" outcome="Passed" testListId="8c84fa94-04c1-424b-9868-57a2d4851a1d" relativeResultsDirectory="4e8159ce-e60e-4565-b186-463822142e77" />
    <UnitTestResult executionId="b40d085f-cb4e-4152-93a5-6ffac6050a10" testId="22aced77-af3b-a77a-7f24-d1715e9701cf" testName="FsusUI.Avalonia.HeadlessTests.FsusNativeMenuTests.InitiallyDisabledCommandStaysDisabledAfterBuildAndReflectsNestedState" computerName="d45ac3896e5a" duration="00:00:00.0018424" startTime="2026-10-09T08:57:35.9167061+00:00" endTime="2026-10-09T08:57:35.9186234+00:00" testType="13cdc9d9-ddb5-4fa4-a97d-d965ccfc6d4b" outcome="Passed" testListId="8c84fa94-04c1-424b-9868-57a2d4851a1d" relativeResultsDirectory="b40d085f-cb4e-4152-93a5-6ffac6050a10" />
    <UnitTestResult executionId="9724fc21-1043-4188-9a1f-53c95007955d" testId="ace77650-aae5-6543-c8fb-7a296ad77d09" testName="FsusUI.Avalonia.HeadlessTests.FsusBundledInterFontRegistrationRegressionTests.DeclaredMonospaceStackRetainsItsAvailableNamedFamily" computerName="d45ac3896e5a" duration="00:00:00.0402536" startTime="2026-10-09T08:57:34.1977385+00:00" endTime="2026-10-09T08:57:34.2381062+00:00" testType="13cdc9d9-ddb5-4fa4-a97d-d965ccfc6d4b" outcome="Passed" testListId="8c84fa94-04c1-424b-9868-57a2d4851a1d" relativeResultsDirectory="9724fc21-1043-4188-9a1f-53c95007955d" />
    <UnitTestResult executionId="3d63a3e0-a01e-404b-a4ea-9bbf630261fc" testId="af7ad8cc-478d-d45d-3cb5-53a9bf76a889" testName="FsusUI.Avalonia.HeadlessTests.FsusVirtualizationHeadlessTests.TableV2RendersBoundedContentRegions" computerName="d45ac3896e5a" duration="00:00:00.0020336" startTime="2026-10-09T08:57:36.9897363+00:00" endTime="2026-10-09T08:57:36.9918526+00:00" testType="13cdc9d9-ddb5-4fa4-a97d-d965ccfc6d4b" outcome="Passed" testListId="8c84fa94-04c1-424b-9868-57a2d4851a1d" relativeResultsDirectory="3d63a3e0-a01e-404b-a4ea-9bbf630261fc" />
    <UnitTestResult executionId="236d0540-7f4c-4205-b2e4-de9ad33cf1ff" testId="58225808-ece4-4d2c-580b-30d3cdd33e58" testName="FsusUI.Avalonia.HeadlessTests.FsusVirtualizationHeadlessTests.TableV2SortsTypedRowsAndReportsColumnSort" computerName="d45ac3896e5a" duration="00:00:00.0071078" startTime="2026-10-09T08:57:36.9768270+00:00" endTime="2026-10-09T08:57:36.9840209+00:00" testType="13cdc9d9-ddb5-4fa4-a97d-d965ccfc6d4b" outcome="Passed" testListId="8c84fa94-04c1-424b-9868-57a2d4851a1d" relativeResultsDirectory="236d0540-7f4c-4205-b2e4-de9ad33cf1ff" />
    <UnitTestResult executionId="2bd44b28-6827-407a-8095-17bb3e460f28" testId="0f3a4b13-b1c4-374b-51c4-356b4f715629" testName="FsusUI.Avalonia.HeadlessTests.FsusVirtualizationHeadlessTests.TableV2VirtualizesFrozenAxesNavigatesAndRejectsStaleBackgroundResults" computerName="d45ac3896e5a" duration="00:00:00.0169025" startTime="2026-10-09T08:57:36.8841102+00:00" endTime="2026-10-09T08:57:36.9010972+00:00" testType="13cdc9d9-ddb5-4fa4-a97d-d965ccfc6d4b" outcome="Passed" testListId="8c84fa94-04c1-424b-9868-57a2d4851a1d" relativeResultsDirectory="2bd44b28-6827-407a-8095-17bb3e460f28" />
    <UnitTestResult executionId="96d9c504-1edc-47b4-a170-afd86e6b85fb" testId="692d6b56-a9fa-9ba5-cd29-041047dc78a8" testName="FsusUI.Avalonia.HeadlessTests.FsusNativeMenuTests.DefaultPaletteSearchUsesHostPlatformAfterExplicitSearches" computerName="d45ac3896e5a" duration="00:00:00.0004475" startTime="2026-10-09T08:57:35.8197040+00:00" endTime="2026-10-09T08:57:35.8202246+00:00" testType="13cdc9d9-ddb5-4fa4-a97d-d965ccfc6d4b" outcome="Passed" testListId="8c84fa94-04c1-424b-9868-57a2d4851a1d" relativeResultsDirectory="96d9c504-1edc-47b4-a170-afd86e6b85fb" />
    <UnitTestResult executionId="546586bf-f8ef-43b5-8903-aa499ba017fd" testId="6e3cb0e0-9c4f-0e3e-4d60-01c911dc38d1" testName="FsusUI.Avalonia.HeadlessTests.FsusNativeMenuTests.SynthesizedRootsOptionGatesMissingRequiredRoots" computerName="d45ac3896e5a" duration="00:00:00.0035393" startTime="2026-10-09T08:57:35.8035691+00:00" endTime="2026-10-09T08:57:35.8071868+00:00" testType="13cdc9d9-ddb5-4fa4-a97d-d965ccfc6d4b" outcome="Passed" testListId="8c84fa94-04c1-424b-9868-57a2d4851a1d" relativeResultsDirectory="546586bf-f8ef-43b5-8903-aa499ba017fd" />
    <UnitTestResult executionId="e60aecce-53fe-47fd-b88a-fb45fa421ac5" testId="d562df44-80a0-d379-71b0-bbbb33892c05" testName="FsusUI.Avalonia.HeadlessTests.FsusShortcutRecorderHeadlessTests.UserStartsRecordingAndPressesCtrlShiftPToCaptureOneShortcut(platform: macOS, primaryModifier: Meta, displayShortcut: &quot;Command+Shift+P&quot;)" computerName="d45ac3896e5a" duration="00:00:00.0903808" startTime="2026-10-09T08:57:36.4822185+00:00" endTime="2026-10-09T08:57:36.5727459+00:00" testType="13cdc9d9-ddb5-4fa4-a97d-d965ccfc6d4b" outcome="Passed" testListId="8c84fa94-04c1-424b-9868-57a2d4851a1d" relativeResultsDirectory="e60aecce-53fe-47fd-b88a-fb45fa421ac5" />
    <UnitTestResult executionId="9524ef56-b16d-471a-9666-f2f4c64a4a1a" testId="94bf53d3-9e7f-fd3b-9f96-41909a891392" testName="FsusUI.Avalonia.HeadlessTests.FsusNativeMenuTests.MacPlatformRolesInCorrectPositionsAndOtherPlatformsDoNotHaveInvalidItems" computerName="d45ac3896e5a" duration="00:00:00.0023928" startTime="2026-10-09T08:57:35.8884836+00:00" endTime="2026-10-09T08:57:35.8909496+00:00" testType="13cdc9d9-ddb5-4fa4-a97d-d965ccfc6d4b" outcome="Passed" testListId="8c84fa94-04c1-424b-9868-57a2d4851a1d" relativeResultsDirectory="9524ef56-b16d-471a-9666-f2f4c64a4a1a" />
    <UnitTestResult executionId="85f20725-2f76-4d14-a287-59d3df38672c" testId="7488d433-cac4-3d77-ed60-1c0001a17730" testName="FsusUI.Avalonia.HeadlessTests.FsusNativeMenuTests.PlatformSimulationBindsRolesAndCanonicalTopLevelOrder" computerName="d45ac3896e5a" duration="00:00:00.0110826" startTime="2026-10-09T08:57:35.8723428+00:00" endTime="2026-10-09T08:57:35.8835375+00:00" testType="13cdc9d9-ddb5-4fa4-a97d-d965ccfc6d4b" outcome="Passed" testListId="8c84fa94-04c1-424b-9868-57a2d4851a1d" relativeResultsDirectory="85f20725-2f76-4d14-a287-59d3df38672c" />
    <UnitTestResult executionId="91cabf27-b30f-4c25-800a-8a6b2a5b0dd1" testId="4365433f-859d-3012-c8b5-49866a2c3271" testName="FsusUI.Avalonia.HeadlessTests.FsusShortcutRecorderHeadlessTests.BackspaceOrDeleteClearsRecordedValue" computerName="d45ac3896e5a" duration="00:00:00.1037859" startTime="2026-10-09T08:57:36.0482925+00:00" endTime="2026-10-09T08:57:36.1521904+00:00" testType="13cdc9d9-ddb5-4fa4-a97d-d965ccfc6d4b" outcome="Passed" testListId="8c84fa94-04c1-424b-9868-57a2d4851a1d" relativeResultsDirectory="91cabf27-b30f-4c25-800a-8a6b2a5b0dd1" />
  </Results>
  <TestDefinitions>
    <UnitTest name="FsusUI.Avalonia.HeadlessTests.FsusVirtualizationHeadlessTests.TableV2RendersBoundedContentRegions" storage="/workspace/native-reviewed-integration/dotnet/fsusui.avalonia.headlesstests/bin/release/net10.0/fsusui.avalonia.headlesstests.dll" id="af7ad8cc-478d-d45d-3cb5-53a9bf76a889">
      <Execution id="3d63a3e0-a01e-404b-a4ea-9bbf630261fc" />
      <TestMethod codeBase="/workspace/native-reviewed-integration/dotnet/FsusUI.Avalonia.HeadlessTests/bin/Release/net10.0/FsusUI.Avalonia.HeadlessTests.dll" adapterTypeName="executor://xunit/VsTestRunner3/netcore/" className="FsusUI.Avalonia.HeadlessTests.FsusVirtualizationHeadlessTests" name="TableV2RendersBoundedContentRegions" />
    </UnitTest>
    <UnitTest name="FsusUI.Avalonia.HeadlessTests.FsusNativeMenuTests.DockPrimaryAcceleratorUsesCommandWithoutMutatingSharedGesture" storage="/workspace/native-reviewed-integration/dotnet/fsusui.avalonia.headlesstests/bin/release/net10.0/fsusui.avalonia.headlesstests.dll" id="61294269-b310-acee-4a42-ec7680ca82cf">
      <Execution id="70cc8b4f-8470-4bf4-b241-af09bcb7f48b" />
      <TestMethod codeBase="/workspace/native-reviewed-integration/dotnet/FsusUI.Avalonia.HeadlessTests/bin/Release/net10.0/FsusUI.Avalonia.HeadlessTests.dll" adapterTypeName="executor://xunit/VsTestRunner3/netcore/" className="FsusUI.Avalonia.HeadlessTests.FsusNativeMenuTests" name="DockPrimaryAcceleratorUsesCommandWithoutMutatingSharedGesture" />
    </UnitTest>
    <UnitTest name="FsusUI.Avalonia.HeadlessTests.FsusNativeMenuTests.CustomShortcutUpdateImmediatelyRefreshesNativeMenuAccelerator(platform: Linux)" storage="/workspace/native-reviewed-integration/dotnet/fsusui.avalonia.headlesstests/bin/release/net10.0/fsusui.avalonia.headlesstests.dll" id="aece82bb-a578-534f-6854-bdc8e7802bae">
      <Execution id="61554f17-cb4d-4fe8-af93-cc9303329694" />
      <TestMethod codeBase="/workspace/native-reviewed-integration/dotnet/FsusUI.Avalonia.HeadlessTests/bin/Release/net10.0/FsusUI.Avalonia.HeadlessTests.dll" adapterTypeName="executor://xunit/VsTestRunner3/netcore/" className="FsusUI.Avalonia.HeadlessTests.FsusNativeMenuTests" name="CustomShortcutUpdateImmediatelyRefreshesNativeMenuAccelerator" />
    </UnitTest>
    <UnitTest name="FsusUI.Avalonia.HeadlessTests.FsusShortcutRecorderHeadlessTests.ControlTemplateAppliesAcrossLightAndDarkThemes" storage="/workspace/native-reviewed-integration/dotnet/fsusui.avalonia.headlesstests/bin/release/net10.0/fsusui.avalonia.headlesstests.dll" id="31c02228-4798-7bb0-30e4-87606fadb38e">
      <Execution id="761ac9de-dc01-4a7e-b441-f9a7ebb285a3" />
      <TestMethod codeBase="/workspace/native-reviewed-integration/dotnet/FsusUI.Avalonia.HeadlessTests/bin/Release/net10.0/FsusUI.Avalonia.HeadlessTests.dll" adapterTypeName="executor://xunit/VsTestRunner3/netcore/" className="FsusUI.Avalonia.HeadlessTests.FsusShortcutRecorderHeadlessTests" name="ControlTemplateAppliesAcrossLightAndDarkThemes" />
    </UnitTest>
    <UnitTest name="FsusUI.Avalonia.HeadlessTests.FsusVirtualizationHeadlessTests.TableV2SortsTypedRowsAndReportsColumnSort" storage="/workspace/native-reviewed-integration/dotnet/fsusui.avalonia.headlesstests/bin/release/net10.0/fsusui.avalonia.headlesstests.dll" id="58225808-ece4-4d2c-580b-30d3cdd33e58">
      <Execution id="236d0540-7f4c-4205-b2e4-de9ad33cf1ff" />
      <TestMethod codeBase="/workspace/native-reviewed-integration/dotnet/FsusUI.Avalonia.HeadlessTests/bin/Release/net10.0/FsusUI.Avalonia.HeadlessTests.dll" adapterTypeName="executor://xunit/VsTestRunner3/netcore/" className="FsusUI.Avalonia.HeadlessTests.FsusVirtualizationHeadlessTests" name="TableV2SortsTypedRowsAndReportsColumnSort" />
    </UnitTest>
    <UnitTest name="FsusUI.Avalonia.HeadlessTests.FsusNativeMenuHeadlessTests.PreserveRootsProfileAttachesExactlySuppliedRootsAndKeepsCommandState" storage="/workspace/native-reviewed-integration/dotnet/fsusui.avalonia.headlesstests/bin/release/net10.0/fsusui.avalonia.headlesstests.dll" id="ab151e03-0027-9fab-346f-8a7527f0de37">
      <Execution id="ae21de40-c309-45a5-bb2a-cf0394219a55" />
      <TestMethod codeBase="/workspace/native-reviewed-integration/dotnet/FsusUI.Avalonia.HeadlessTests/bin/Release/net10.0/FsusUI.Avalonia.HeadlessTests.dll" adapterTypeName="executor://xunit/VsTestRunner3/netcore/" className="FsusUI.Avalonia.HeadlessTests.FsusNativeMenuHeadlessTests" name="PreserveRootsProfileAttachesExactlySuppliedRootsAndKeepsCommandState" />
    </UnitTest>
    <UnitTest name="FsusUI.Avalonia.HeadlessTests.FsusTreeScrollingHeadlessTests.ScrollingExpandedRowsPreservesOffsetAndRoutesPointerToRetainedNode" storage="/workspace/native-reviewed-integration/dotnet/fsusui.avalonia.headlesstests/bin/release/net10.0/fsusui.avalonia.headlesstests.dll" id="ca0f1827-a902-741c-60e4-f7ba360c329d">
      <Execution id="2f78f458-7e95-40b4-b648-d36ec37a73a4" />
      <TestMethod codeBase="/workspace/native-reviewed-integration/dotnet/FsusUI.Avalonia.HeadlessTests/bin/Release/net10.0/FsusUI.Avalonia.HeadlessTests.dll" adapterTypeName="executor://xunit/VsTestRunner3/netcore/" className="FsusUI.Avalonia.HeadlessTests.FsusTreeScrollingHeadlessTests" name="ScrollingExpandedRowsPreservesOffsetAndRoutesPointerToRetainedNode" />
    </UnitTest>
    <UnitTest name="FsusUI.Avalonia.HeadlessTests.FsusVirtualizationHeadlessTests.TableV2UsesFixedDataGetterAndExpandedRowCallbacks" storage="/workspace/native-reviewed-integration/dotnet/fsusui.avalonia.headlesstests/bin/release/net10.0/fsusui.avalonia.headlesstests.dll" id="69b3a850-ac6e-f0ba-8582-ecc457c21403">
      <Execution id="742503c7-9dff-4f18-a835-c0e030af0d70" />
      <TestMethod codeBase="/workspace/native-reviewed-integration/dotnet/FsusUI.Avalonia.HeadlessTests/bin/Release/net10.0/FsusUI.Avalonia.HeadlessTests.dll" adapterTypeName="executor://xunit/VsTestRunner3/netcore/" className="FsusUI.Avalonia.HeadlessTests.FsusVirtualizationHeadlessTests" name="TableV2UsesFixedDataGetterAndExpandedRowCallbacks" />
    </UnitTest>
    <UnitTest name="FsusUI.Avalonia.HeadlessTests.FsusBundledInterFontRegistrationRegressionTests.DeclaredBodyStackResolvesTheRegisteredBundledFamily" storage="/workspace/native-reviewed-integration/dotnet/fsusui.avalonia.headlesstests/bin/release/net10.0/fsusui.avalonia.headlesstests.dll" id="78461630-bf38-d316-bae1-27c3211117a0">
      <Execution id="b5012fc0-e4dc-408f-9bf5-4dd306b40660" />
      <TestMethod codeBase="/workspace/native-reviewed-integration/dotnet/FsusUI.Avalonia.HeadlessTests/bin/Release/net10.0/FsusUI.Avalonia.HeadlessTests.dll" adapterTypeName="executor://xunit/VsTestRunner3/netcore/" className="FsusUI.Avalonia.HeadlessTests.FsusBundledInterFontRegistrationRegressionTests" name="DeclaredBodyStackResolvesTheRegisteredBundledFamily" />
    </UnitTest>
    <UnitTest name="FsusUI.Avalonia.HeadlessTests.FsusBundledInterFontRegistrationRegressionTests.LinuxMonospaceAliasesResolveTheNativeFixedPitchFamilyAndLayout(family: &quot;monospace&quot;)" storage="/workspace/native-reviewed-integration/dotnet/fsusui.avalonia.headlesstests/bin/release/net10.0/fsusui.avalonia.headlesstests.dll" id="8b9a2a8c-a06e-65b3-1147-e95f0a9087c6">
      <Execution id="ddd24d19-4e86-4921-94eb-fd2263b9c255" />
      <TestMethod codeBase="/workspace/native-reviewed-integration/dotnet/FsusUI.Avalonia.HeadlessTests/bin/Release/net10.0/FsusUI.Avalonia.HeadlessTests.dll" adapterTypeName="executor://xunit/VsTestRunner3/netcore/" className="FsusUI.Avalonia.HeadlessTests.FsusBundledInterFontRegistrationRegressionTests" name="LinuxMonospaceAliasesResolveTheNativeFixedPitchFamilyAndLayout" />
    </UnitTest>
    <UnitTest name="FsusUI.Avalonia.HeadlessTests.FsusNativeMenuTests.RecentSubmenuRebuildAndDockAttachmentUseNeutralRoles" storage="/workspace/native-reviewed-integration/dotnet/fsusui.avalonia.headlesstests/bin/release/net10.0/fsusui.avalonia.headlesstests.dll" id="13e65226-ca45-b60d-2a7f-3b14224042ab">
      <Execution id="9306c7f2-e48e-4cc7-ba15-8cdfb8576c61" />
      <TestMethod codeBase="/workspace/native-reviewed-integration/dotnet/FsusUI.Avalonia.HeadlessTests/bin/Release/net10.0/FsusUI.Avalonia.HeadlessTests.dll" adapterTypeName="executor://xunit/VsTestRunner3/netcore/" className="FsusUI.Avalonia.HeadlessTests.FsusNativeMenuTests" name="RecentSubmenuRebuildAndDockAttachmentUseNeutralRoles" />
    </UnitTest>
    <UnitTest name="FsusUI.Avalonia.HeadlessTests.FsusVirtualizationHeadlessTests.AutoResizerAndTableV2VirtualizeRowsColumnsResizeAndBudget" storage="/workspace/native-reviewed-integration/dotnet/fsusui.avalonia.headlesstests/bin/release/net10.0/fsusui.avalonia.headlesstests.dll" id="e0705852-0099-8bb7-3633-063a9fafa61b">
      <Execution id="ee3c30d9-7893-4442-864d-d67bb4fd15dc" />
      <TestMethod codeBase="/workspace/native-reviewed-integration/dotnet/FsusUI.Avalonia.HeadlessTests/bin/Release/net10.0/FsusUI.Avalonia.HeadlessTests.dll" adapterTypeName="executor://xunit/VsTestRunner3/netcore/" className="FsusUI.Avalonia.HeadlessTests.FsusVirtualizationHeadlessTests" name="AutoResizerAndTableV2VirtualizeRowsColumnsResizeAndBudget" />
    </UnitTest>
    <UnitTest name="FsusUI.Avalonia.HeadlessTests.FsusShortcutRecorderHeadlessTests.EscapeCancelsRecordingAndDoesNotChangeOriginalValue" storage="/workspace/native-reviewed-integration/dotnet/fsusui.avalonia.headlesstests/bin/release/net10.0/fsusui.avalonia.headlesstests.dll" id="4b6dca01-fe0a-695f-17ec-1b9a9e0d4d31">
      <Execution id="755e163d-1932-4847-9e4e-f377727f82bd" />
      <TestMethod codeBase="/workspace/native-reviewed-integration/dotnet/FsusUI.Avalonia.HeadlessTests/bin/Release/net10.0/FsusUI.Avalonia.HeadlessTests.dll" adapterTypeName="executor://xunit/VsTestRunner3/netcore/" className="FsusUI.Avalonia.HeadlessTests.FsusShortcutRecorderHeadlessTests" name="EscapeCancelsRecordingAndDoesNotChangeOriginalValue" />
    </UnitTest>
    <UnitTest name="FsusUI.Avalonia.HeadlessTests.FsusNativeMenuTests.InitiallyDisabledCommandStaysDisabledAfterBuildAndReflectsNestedState" storage="/workspace/native-reviewed-integration/dotnet/fsusui.avalonia.headlesstests/bin/release/net10.0/fsusui.avalonia.headlesstests.dll" id="22aced77-af3b-a77a-7f24-d1715e9701cf">
      <Execution id="b40d085f-cb4e-4152-93a5-6ffac6050a10" />
      <TestMethod codeBase="/workspace/native-reviewed-integration/dotnet/FsusUI.Avalonia.HeadlessTests/bin/Release/net10.0/FsusUI.Avalonia.HeadlessTests.dll" adapterTypeName="executor://xunit/VsTestRunner3/netcore/" className="FsusUI.Avalonia.HeadlessTests.FsusNativeMenuTests" name="InitiallyDisabledCommandStaysDisabledAfterBuildAndReflectsNestedState" />
    </UnitTest>
    <UnitTest name="FsusUI.Avalonia.HeadlessTests.FsusNativeMenuHeadlessTests.CommandPaletteIntegratesWithSharedCommandsInHeadless" storage="/workspace/native-reviewed-integration/dotnet/fsusui.avalonia.headlesstests/bin/release/net10.0/fsusui.avalonia.headlesstests.dll" id="df204aa4-01a9-5eb5-e9b2-1152e3f36aec">
      <Execution id="8d9e4e4b-0552-4298-8d8a-9dd3167c3885" />
      <TestMethod codeBase="/workspace/native-reviewed-integration/dotnet/FsusUI.Avalonia.HeadlessTests/bin/Release/net10.0/FsusUI.Avalonia.HeadlessTests.dll" adapterTypeName="executor://xunit/VsTestRunner3/netcore/" className="FsusUI.Avalonia.HeadlessTests.FsusNativeMenuHeadlessTests" name="CommandPaletteIntegratesWithSharedCommandsInHeadless" />
    </UnitTest>
    <UnitTest name="FsusUI.Avalonia.HeadlessTests.FsusShortcutRecorderHeadlessTests.UserStartsRecordingAndPressesCtrlShiftPToCaptureOneShortcut(platform: Linux, primaryModifier: Control, displayShortcut: &quot;Ctrl+Shift+P&quot;)" storage="/workspace/native-reviewed-integration/dotnet/fsusui.avalonia.headlesstests/bin/release/net10.0/fsusui.avalonia.headlesstests.dll" id="4c645704-4448-88d3-06cd-924f0a5f4aa8">
      <Execution id="4e8159ce-e60e-4565-b186-463822142e77" />
      <TestMethod codeBase="/workspace/native-reviewed-integration/dotnet/FsusUI.Avalonia.HeadlessTests/bin/Release/net10.0/FsusUI.Avalonia.HeadlessTests.dll" adapterTypeName="executor://xunit/VsTestRunner3/netcore/" className="FsusUI.Avalonia.HeadlessTests.FsusShortcutRecorderHeadlessTests" name="UserStartsRecordingAndPressesCtrlShiftPToCaptureOneShortcut" />
    </UnitTest>
    <UnitTest name="FsusUI.Avalonia.HeadlessTests.FsusNativeMenuTests.DockMenuContractAndWindowlessRoutingFallbackWorks" storage="/workspace/native-reviewed-integration/dotnet/fsusui.avalonia.headlesstests/bin/release/net10.0/fsusui.avalonia.headlesstests.dll" id="d626e27b-921b-aede-8011-76984e338f93">
      <Execution id="d9bc5992-4e84-4601-94e4-d5f8aa4f7fd3" />
      <TestMethod codeBase="/workspace/native-reviewed-integration/dotnet/FsusUI.Avalonia.HeadlessTests/bin/Release/net10.0/FsusUI.Avalonia.HeadlessTests.dll" adapterTypeName="executor://xunit/VsTestRunner3/netcore/" className="FsusUI.Avalonia.HeadlessTests.FsusNativeMenuTests" name="DockMenuContractAndWindowlessRoutingFallbackWorks" />
    </UnitTest>
    <UnitTest name="FsusUI.Avalonia.HeadlessTests.FsusVirtualizationHeadlessTests.TableV2BindsTypedRowsFixedColumnsAndRealKeyboardScroll" storage="/workspace/native-reviewed-integration/dotnet/fsusui.avalonia.headlesstests/bin/release/net10.0/fsusui.avalonia.headlesstests.dll" id="27c6a15e-539d-23b9-c340-9eb9a2a2c657">
      <Execution id="8838e9da-e892-4006-875e-11752f27c89a" />
      <TestMethod codeBase="/workspace/native-reviewed-integration/dotnet/FsusUI.Avalonia.HeadlessTests/bin/Release/net10.0/FsusUI.Avalonia.HeadlessTests.dll" adapterTypeName="executor://xunit/VsTestRunner3/netcore/" className="FsusUI.Avalonia.HeadlessTests.FsusVirtualizationHeadlessTests" name="TableV2BindsTypedRowsFixedColumnsAndRealKeyboardScroll" />
    </UnitTest>
    <UnitTest name="FsusUI.Avalonia.HeadlessTests.FsusNativeMenuTests.PlatformSimulationBindsRolesAndCanonicalTopLevelOrder" storage="/workspace/native-reviewed-integration/dotnet/fsusui.avalonia.headlesstests/bin/release/net10.0/fsusui.avalonia.headlesstests.dll" id="7488d433-cac4-3d77-ed60-1c0001a17730">
      <Execution id="85f20725-2f76-4d14-a287-59d3df38672c" />
      <TestMethod codeBase="/workspace/native-reviewed-integration/dotnet/FsusUI.Avalonia.HeadlessTests/bin/Release/net10.0/FsusUI.Avalonia.HeadlessTests.dll" adapterTypeName="executor://xunit/VsTestRunner3/netcore/" className="FsusUI.Avalonia.HeadlessTests.FsusNativeMenuTests" name="PlatformSimulationBindsRolesAndCanonicalTopLevelOrder" />
    </UnitTest>
    <UnitTest name="FsusUI.Avalonia.HeadlessTests.FsusBundledInterFontRegistrationRegressionTests.BundledInterResolvesGlyphsAndLaysOutTextInAFluentWindow" storage="/workspace/native-reviewed-integration/dotnet/fsusui.avalonia.headlesstests/bin/release/net10.0/fsusui.avalonia.headlesstests.dll" id="d2831217-7816-16bc-67bc-ccfa4072e92a">
      <Execution id="5d9acb94-3240-4105-a04b-33fc4c43ff7c" />
      <TestMethod codeBase="/workspace/native-reviewed-integration/dotnet/FsusUI.Avalonia.HeadlessTests/bin/Release/net10.0/FsusUI.Avalonia.HeadlessTests.dll" adapterTypeName="executor://xunit/VsTestRunner3/netcore/" className="FsusUI.Avalonia.HeadlessTests.FsusBundledInterFontRegistrationRegressionTests" name="BundledInterResolvesGlyphsAndLaysOutTextInAFluentWindow" />
    </UnitTest>
    <UnitTest name="FsusUI.Avalonia.HeadlessTests.FsusNativeMenuTests.CustomShortcutUpdateImmediatelyRefreshesNativeMenuAccelerator(platform: Auto)" storage="/workspace/native-reviewed-integration/dotnet/fsusui.avalonia.headlesstests/bin/release/net10.0/fsusui.avalonia.headlesstests.dll" id="1f609f85-de3a-550b-511c-9b273ba1864a">
      <Execution id="f75ff8ff-edef-4f73-9ebd-c38d04400c6b" />
      <TestMethod codeBase="/workspace/native-reviewed-integration/dotnet/FsusUI.Avalonia.HeadlessTests/bin/Release/net10.0/FsusUI.Avalonia.HeadlessTests.dll" adapterTypeName="executor://xunit/VsTestRunner3/netcore/" className="FsusUI.Avalonia.HeadlessTests.FsusNativeMenuTests" name="CustomShortcutUpdateImmediatelyRefreshesNativeMenuAccelerator" />
    </UnitTest>
    <UnitTest name="FsusUI.Avalonia.HeadlessTests.FsusVirtualizationHeadlessTests.TableV2VirtualizesFrozenAxesNavigatesAndRejectsStaleBackgroundResults" storage="/workspace/native-reviewed-integration/dotnet/fsusui.avalonia.headlesstests/bin/release/net10.0/fsusui.avalonia.headlesstests.dll" id="0f3a4b13-b1c4-374b-51c4-356b4f715629">
      <Execution id="2bd44b28-6827-407a-8095-17bb3e460f28" />
      <TestMethod codeBase="/workspace/native-reviewed-integration/dotnet/FsusUI.Avalonia.HeadlessTests/bin/Release/net10.0/FsusUI.Avalonia.HeadlessTests.dll" adapterTypeName="executor://xunit/VsTestRunner3/netcore/" className="FsusUI.Avalonia.HeadlessTests.FsusVirtualizationHeadlessTests" name="TableV2VirtualizesFrozenAxesNavigatesAndRejectsStaleBackgroundResults" />
    </UnitTest>
    <UnitTest name="FsusUI.Avalonia.HeadlessTests.FsusShortcutRecorderHeadlessTests.BackspaceOrDeleteClearsRecordedValue" storage="/workspace/native-reviewed-integration/dotnet/fsusui.avalonia.headlesstests/bin/release/net10.0/fsusui.avalonia.headlesstests.dll" id="4365433f-859d-3012-c8b5-49866a2c3271">
      <Execution id="91cabf27-b30f-4c25-800a-8a6b2a5b0dd1" />
      <TestMethod codeBase="/workspace/native-reviewed-integration/dotnet/FsusUI.Avalonia.HeadlessTests/bin/Release/net10.0/FsusUI.Avalonia.HeadlessTests.dll" adapterTypeName="executor://xunit/VsTestRunner3/netcore/" className="FsusUI.Avalonia.HeadlessTests.FsusShortcutRecorderHeadlessTests" name="BackspaceOrDeleteClearsRecordedValue" />
    </UnitTest>
    <UnitTest name="FsusUI.Avalonia.HeadlessTests.FsusNativeMenuTests.CustomShortcutUpdateImmediatelyRefreshesNativeMenuAccelerator(platform: Windows)" storage="/workspace/native-reviewed-integration/dotnet/fsusui.avalonia.headlesstests/bin/release/net10.0/fsusui.avalonia.headlesstests.dll" id="4165fc1d-3a18-4ac9-960d-c00b1210c535">
      <Execution id="942ab76c-7967-46f7-adf2-1431de20b4e4" />
      <TestMethod codeBase="/workspace/native-reviewed-integration/dotnet/FsusUI.Avalonia.HeadlessTests/bin/Release/net10.0/FsusUI.Avalonia.HeadlessTests.dll" adapterTypeName="executor://xunit/VsTestRunner3/netcore/" className="FsusUI.Avalonia.HeadlessTests.FsusNativeMenuTests" name="CustomShortcutUpdateImmediatelyRefreshesNativeMenuAccelerator" />
    </UnitTest>
    <UnitTest name="FsusUI.Avalonia.HeadlessTests.FsusNativeMenuTests.SynthesizedRootsOptionGatesMissingRequiredRoots" storage="/workspace/native-reviewed-integration/dotnet/fsusui.avalonia.headlesstests/bin/release/net10.0/fsusui.avalonia.headlesstests.dll" id="6e3cb0e0-9c4f-0e3e-4d60-01c911dc38d1">
      <Execution id="546586bf-f8ef-43b5-8903-aa499ba017fd" />
      <TestMethod codeBase="/workspace/native-reviewed-integration/dotnet/FsusUI.Avalonia.HeadlessTests/bin/Release/net10.0/FsusUI.Avalonia.HeadlessTests.dll" adapterTypeName="executor://xunit/VsTestRunner3/netcore/" className="FsusUI.Avalonia.HeadlessTests.FsusNativeMenuTests" name="SynthesizedRootsOptionGatesMissingRequiredRoots" />
    </UnitTest>
    <UnitTest name="FsusUI.Avalonia.HeadlessTests.FsusNativeMenuTests.RebuildAndDisposeDetachPreviousCommandListeners" storage="/workspace/native-reviewed-integration/dotnet/fsusui.avalonia.headlesstests/bin/release/net10.0/fsusui.avalonia.headlesstests.dll" id="edfde5dd-473c-d15f-5af5-f572ca17dbbc">
      <Execution id="9efae6e0-40b8-4f6f-9df5-4cdf65b00ffb" />
      <TestMethod codeBase="/workspace/native-reviewed-integration/dotnet/FsusUI.Avalonia.HeadlessTests/bin/Release/net10.0/FsusUI.Avalonia.HeadlessTests.dll" adapterTypeName="executor://xunit/VsTestRunner3/netcore/" className="FsusUI.Avalonia.HeadlessTests.FsusNativeMenuTests" name="RebuildAndDisposeDetachPreviousCommandListeners" />
    </UnitTest>
    <UnitTest name="FsusUI.Avalonia.HeadlessTests.FsusShortcutRecorderHeadlessTests.PlaceholderAndAccessibleClearActionRestoreRecorderFocus" storage="/workspace/native-reviewed-integration/dotnet/fsusui.avalonia.headlesstests/bin/release/net10.0/fsusui.avalonia.headlesstests.dll" id="a2cf1280-a3af-a409-77ea-8cf68d6ef21c">
      <Execution id="d5a21d03-4b1f-4291-b121-a8e0dd3a3e8f" />
      <TestMethod codeBase="/workspace/native-reviewed-integration/dotnet/FsusUI.Avalonia.HeadlessTests/bin/Release/net10.0/FsusUI.Avalonia.HeadlessTests.dll" adapterTypeName="executor://xunit/VsTestRunner3/netcore/" className="FsusUI.Avalonia.HeadlessTests.FsusShortcutRecorderHeadlessTests" name="PlaceholderAndAccessibleClearActionRestoreRecorderFocus" />
    </UnitTest>
    <UnitTest name="FsusUI.Avalonia.HeadlessTests.FsusNativeMenuTests.PreserveRootsProfileReturnsExactlySuppliedRootsWithMetadataAndCommandState" storage="/workspace/native-reviewed-integration/dotnet/fsusui.avalonia.headlesstests/bin/release/net10.0/fsusui.avalonia.headlesstests.dll" id="8c2bf773-9cfa-65b9-4e0b-860e5fb1b1c7">
      <Execution id="5fd4c586-3f5c-492e-ba9e-92a23ed5e0ec" />
      <TestMethod codeBase="/workspace/native-reviewed-integration/dotnet/FsusUI.Avalonia.HeadlessTests/bin/Release/net10.0/FsusUI.Avalonia.HeadlessTests.dll" adapterTypeName="executor://xunit/VsTestRunner3/netcore/" className="FsusUI.Avalonia.HeadlessTests.FsusNativeMenuTests" name="PreserveRootsProfileReturnsExactlySuppliedRootsWithMetadataAndCommandState" />
    </UnitTest>
    <UnitTest name="FsusUI.Avalonia.HeadlessTests.FsusNativeMenuHeadlessTests.InitiallyDisabledCommandStaysDisabledInRenderedMenu" storage="/workspace/native-reviewed-integration/dotnet/fsusui.avalonia.headlesstests/bin/release/net10.0/fsusui.avalonia.headlesstests.dll" id="2c02f114-141c-6c2a-15e4-ba71a0d664e6">
      <Execution id="e612da22-7565-4c24-8653-8ab874b00732" />
      <TestMethod codeBase="/workspace/native-reviewed-integration/dotnet/FsusUI.Avalonia.HeadlessTests/bin/Release/net10.0/FsusUI.Avalonia.HeadlessTests.dll" adapterTypeName="executor://xunit/VsTestRunner3/netcore/" className="FsusUI.Avalonia.HeadlessTests.FsusNativeMenuHeadlessTests" name="InitiallyDisabledCommandStaysDisabledInRenderedMenu" />
    </UnitTest>
    <UnitTest name="FsusUI.Avalonia.HeadlessTests.FsusBundledInterFontRegistrationRegressionTests.DeclaredMonospaceStackRetainsItsAvailableNamedFamily" storage="/workspace/native-reviewed-integration/dotnet/fsusui.avalonia.headlesstests/bin/release/net10.0/fsusui.avalonia.headlesstests.dll" id="ace77650-aae5-6543-c8fb-7a296ad77d09">
      <Execution id="9724fc21-1043-4188-9a1f-53c95007955d" />
      <TestMethod codeBase="/workspace/native-reviewed-integration/dotnet/FsusUI.Avalonia.HeadlessTests/bin/Release/net10.0/FsusUI.Avalonia.HeadlessTests.dll" adapterTypeName="executor://xunit/VsTestRunner3/netcore/" className="FsusUI.Avalonia.HeadlessTests.FsusBundledInterFontRegistrationRegressionTests" name="DeclaredMonospaceStackRetainsItsAvailableNamedFamily" />
    </UnitTest>
    <UnitTest name="FsusUI.Avalonia.HeadlessTests.FsusNativeMenuTests.DefaultPaletteSearchUsesHostPlatformAfterExplicitSearches" storage="/workspace/native-reviewed-integration/dotnet/fsusui.avalonia.headlesstests/bin/release/net10.0/fsusui.avalonia.headlesstests.dll" id="692d6b56-a9fa-9ba5-cd29-041047dc78a8">
      <Execution id="96d9c504-1edc-47b4-a170-afd86e6b85fb" />
      <TestMethod codeBase="/workspace/native-reviewed-integration/dotnet/FsusUI.Avalonia.HeadlessTests/bin/Release/net10.0/FsusUI.Avalonia.HeadlessTests.dll" adapterTypeName="executor://xunit/VsTestRunner3/netcore/" className="FsusUI.Avalonia.HeadlessTests.FsusNativeMenuTests" name="DefaultPaletteSearchUsesHostPlatformAfterExplicitSearches" />
    </UnitTest>
    <UnitTest name="FsusUI.Avalonia.HeadlessTests.FsusNativeMenuTests.MacPlatformRolesInCorrectPositionsAndOtherPlatformsDoNotHaveInvalidItems" storage="/workspace/native-reviewed-integration/dotnet/fsusui.avalonia.headlesstests/bin/release/net10.0/fsusui.avalonia.headlesstests.dll" id="94bf53d3-9e7f-fd3b-9f96-41909a891392">
      <Execution id="9524ef56-b16d-471a-9666-f2f4c64a4a1a" />
      <TestMethod codeBase="/workspace/native-reviewed-integration/dotnet/FsusUI.Avalonia.HeadlessTests/bin/Release/net10.0/FsusUI.Avalonia.HeadlessTests.dll" adapterTypeName="executor://xunit/VsTestRunner3/netcore/" className="FsusUI.Avalonia.HeadlessTests.FsusNativeMenuTests" name="MacPlatformRolesInCorrectPositionsAndOtherPlatformsDoNotHaveInvalidItems" />
    </UnitTest>
    <UnitTest name="FsusUI.Avalonia.HeadlessTests.FsusNativeMenuHeadlessTests.NativeMenuAttachesToWindowAndSynchronouslyReflectsCommandState" storage="/workspace/native-reviewed-integration/dotnet/fsusui.avalonia.headlesstests/bin/release/net10.0/fsusui.avalonia.headlesstests.dll" id="6915b60f-c64c-7bc4-87cf-c71446a4020f">
      <Execution id="586955fd-fe67-42b5-aa64-330b07f21a23" />
      <TestMethod codeBase="/workspace/native-reviewed-integration/dotnet/FsusUI.Avalonia.HeadlessTests/bin/Release/net10.0/FsusUI.Avalonia.HeadlessTests.dll" adapterTypeName="executor://xunit/VsTestRunner3/netcore/" className="FsusUI.Avalonia.HeadlessTests.FsusNativeMenuHeadlessTests" name="NativeMenuAttachesToWindowAndSynchronouslyReflectsCommandState" />
    </UnitTest>
    <UnitTest name="FsusUI.Avalonia.HeadlessTests.FsusNativeMenuTests.SameCommandModelUsableByCommandPaletteAndNativeMenu(platform: Linux, displayShortcut: &quot;Ctrl+S&quot;, nativePrimaryModifier: Control)" storage="/workspace/native-reviewed-integration/dotnet/fsusui.avalonia.headlesstests/bin/release/net10.0/fsusui.avalonia.headlesstests.dll" id="7fe86793-661a-b415-10c1-873352050d7e">
      <Execution id="85b5afed-8eb0-4617-a620-88aa54b93e2f" />
      <TestMethod codeBase="/workspace/native-reviewed-integration/dotnet/FsusUI.Avalonia.HeadlessTests/bin/Release/net10.0/FsusUI.Avalonia.HeadlessTests.dll" adapterTypeName="executor://xunit/VsTestRunner3/netcore/" className="FsusUI.Avalonia.HeadlessTests.FsusNativeMenuTests" name="SameCommandModelUsableByCommandPaletteAndNativeMenu" />
    </UnitTest>
    <UnitTest name="FsusUI.Avalonia.HeadlessTests.FsusBundledInterFontRegistrationRegressionTests.LinuxMonospaceAliasesResolveTheNativeFixedPitchFamilyAndLayout(family: &quot;ui-monospace, SFMono-Regular, Menlo, Monaco, Conso&quot;···)" storage="/workspace/native-reviewed-integration/dotnet/fsusui.avalonia.headlesstests/bin/release/net10.0/fsusui.avalonia.headlesstests.dll" id="08190d5e-f441-912b-e5f3-c4f2300f112f">
      <Execution id="be60649b-8000-4d08-949b-4626c338b627" />
      <TestMethod codeBase="/workspace/native-reviewed-integration/dotnet/FsusUI.Avalonia.HeadlessTests/bin/Release/net10.0/FsusUI.Avalonia.HeadlessTests.dll" adapterTypeName="executor://xunit/VsTestRunner3/netcore/" className="FsusUI.Avalonia.HeadlessTests.FsusBundledInterFontRegistrationRegressionTests" name="LinuxMonospaceAliasesResolveTheNativeFixedPitchFamilyAndLayout" />
    </UnitTest>
    <UnitTest name="FsusUI.Avalonia.HeadlessTests.FsusNativeMenuTests.SameCommandModelUsableByCommandPaletteAndNativeMenu(platform: macOS, displayShortcut: &quot;Command+S&quot;, nativePrimaryModifier: Meta)" storage="/workspace/native-reviewed-integration/dotnet/fsusui.avalonia.headlesstests/bin/release/net10.0/fsusui.avalonia.headlesstests.dll" id="b8ce8ab0-ea36-dda2-61c5-7a45e2d67c32">
      <Execution id="faf1e2c4-bee6-472e-a194-d2e131f07d93" />
      <TestMethod codeBase="/workspace/native-reviewed-integration/dotnet/FsusUI.Avalonia.HeadlessTests/bin/Release/net10.0/FsusUI.Avalonia.HeadlessTests.dll" adapterTypeName="executor://xunit/VsTestRunner3/netcore/" className="FsusUI.Avalonia.HeadlessTests.FsusNativeMenuTests" name="SameCommandModelUsableByCommandPaletteAndNativeMenu" />
    </UnitTest>
    <UnitTest name="FsusUI.Avalonia.HeadlessTests.FsusVirtualizationHeadlessTests.AutoResizerObservesArrangedViewportAndHonorsDisabledAxes" storage="/workspace/native-reviewed-integration/dotnet/fsusui.avalonia.headlesstests/bin/release/net10.0/fsusui.avalonia.headlesstests.dll" id="f11f02a3-9a3f-40a1-358f-488893058fe2">
      <Execution id="3a1c1b8e-ed3d-4ed3-b943-41e84a89bbac" />
      <TestMethod codeBase="/workspace/native-reviewed-integration/dotnet/FsusUI.Avalonia.HeadlessTests/bin/Release/net10.0/FsusUI.Avalonia.HeadlessTests.dll" adapterTypeName="executor://xunit/VsTestRunner3/netcore/" className="FsusUI.Avalonia.HeadlessTests.FsusVirtualizationHeadlessTests" name="AutoResizerObservesArrangedViewportAndHonorsDisabledAxes" />
    </UnitTest>
    <UnitTest name="FsusUI.Avalonia.HeadlessTests.FsusVirtualizationHeadlessTests.TableV2ContentRegionsReceiveScopedPayloads" storage="/workspace/native-reviewed-integration/dotnet/fsusui.avalonia.headlesstests/bin/release/net10.0/fsusui.avalonia.headlesstests.dll" id="e7a8f6f2-04b4-34e9-e9db-9d327a828bbe">
      <Execution id="cdf714a3-27a0-4a76-a178-4af311c0c159" />
      <TestMethod codeBase="/workspace/native-reviewed-integration/dotnet/FsusUI.Avalonia.HeadlessTests/bin/Release/net10.0/FsusUI.Avalonia.HeadlessTests.dll" adapterTypeName="executor://xunit/VsTestRunner3/netcore/" className="FsusUI.Avalonia.HeadlessTests.FsusVirtualizationHeadlessTests" name="TableV2ContentRegionsReceiveScopedPayloads" />
    </UnitTest>
    <UnitTest name="FsusUI.Avalonia.HeadlessTests.FsusNativeMenuTests.DocumentStateChangesSynchronouslyUpdateItemEnabledState" storage="/workspace/native-reviewed-integration/dotnet/fsusui.avalonia.headlesstests/bin/release/net10.0/fsusui.avalonia.headlesstests.dll" id="a140aeee-b087-d1f1-65ad-34b834566274">
      <Execution id="ef3ba96f-7434-4969-ab53-a19d2cc176f0" />
      <TestMethod codeBase="/workspace/native-reviewed-integration/dotnet/FsusUI.Avalonia.HeadlessTests/bin/Release/net10.0/FsusUI.Avalonia.HeadlessTests.dll" adapterTypeName="executor://xunit/VsTestRunner3/netcore/" className="FsusUI.Avalonia.HeadlessTests.FsusNativeMenuTests" name="DocumentStateChangesSynchronouslyUpdateItemEnabledState" />
    </UnitTest>
    <UnitTest name="FsusUI.Avalonia.HeadlessTests.FsusVirtualizationHeadlessTests.TableV2MapsViewportGeometryAndCacheToRealLayout" storage="/workspace/native-reviewed-integration/dotnet/fsusui.avalonia.headlesstests/bin/release/net10.0/fsusui.avalonia.headlesstests.dll" id="b1bbe885-5969-c487-b2bd-7801ab883cba">
      <Execution id="635710e3-29b1-453c-9dba-c93e6272a34f" />
      <TestMethod codeBase="/workspace/native-reviewed-integration/dotnet/FsusUI.Avalonia.HeadlessTests/bin/Release/net10.0/FsusUI.Avalonia.HeadlessTests.dll" adapterTypeName="executor://xunit/VsTestRunner3/netcore/" className="FsusUI.Avalonia.HeadlessTests.FsusVirtualizationHeadlessTests" name="TableV2MapsViewportGeometryAndCacheToRealLayout" />
    </UnitTest>
    <UnitTest name="FsusUI.Avalonia.HeadlessTests.FsusShortcutRecorderHeadlessTests.UserStartsRecordingAndPressesCtrlShiftPToCaptureOneShortcut(platform: macOS, primaryModifier: Meta, displayShortcut: &quot;Command+Shift+P&quot;)" storage="/workspace/native-reviewed-integration/dotnet/fsusui.avalonia.headlesstests/bin/release/net10.0/fsusui.avalonia.headlesstests.dll" id="d562df44-80a0-d379-71b0-bbbb33892c05">
      <Execution id="e60aecce-53fe-47fd-b88a-fb45fa421ac5" />
      <TestMethod codeBase="/workspace/native-reviewed-integration/dotnet/FsusUI.Avalonia.HeadlessTests/bin/Release/net10.0/FsusUI.Avalonia.HeadlessTests.dll" adapterTypeName="executor://xunit/VsTestRunner3/netcore/" className="FsusUI.Avalonia.HeadlessTests.FsusShortcutRecorderHeadlessTests" name="UserStartsRecordingAndPressesCtrlShiftPToCaptureOneShortcut" />
    </UnitTest>
    <UnitTest name="FsusUI.Avalonia.HeadlessTests.FsusShortcutRecorderHeadlessTests.InjectedExistingShortcutsShowAccessibleConflictStatus" storage="/workspace/native-reviewed-integration/dotnet/fsusui.avalonia.headlesstests/bin/release/net10.0/fsusui.avalonia.headlesstests.dll" id="6d6cef4a-5d20-fffc-f353-29425e8fffd2">
      <Execution id="1dc6ef02-cb70-4e06-9a31-e4bcda52d4e5" />
      <TestMethod codeBase="/workspace/native-reviewed-integration/dotnet/FsusUI.Avalonia.HeadlessTests/bin/Release/net10.0/FsusUI.Avalonia.HeadlessTests.dll" adapterTypeName="executor://xunit/VsTestRunner3/netcore/" className="FsusUI.Avalonia.HeadlessTests.FsusShortcutRecorderHeadlessTests" name="InjectedExistingShortcutsShowAccessibleConflictStatus" />
    </UnitTest>
    <UnitTest name="FsusUI.Avalonia.HeadlessTests.FsusVirtualizationHeadlessTests.TableV2MeasuresDynamicRowsAndRaisesRealScrollCallbacks" storage="/workspace/native-reviewed-integration/dotnet/fsusui.avalonia.headlesstests/bin/release/net10.0/fsusui.avalonia.headlesstests.dll" id="7c4f4440-5025-d367-d9e7-687134b9dc21">
      <Execution id="db41b115-e3c0-4a30-b29b-802b32386da2" />
      <TestMethod codeBase="/workspace/native-reviewed-integration/dotnet/FsusUI.Avalonia.HeadlessTests/bin/Release/net10.0/FsusUI.Avalonia.HeadlessTests.dll" adapterTypeName="executor://xunit/VsTestRunner3/netcore/" className="FsusUI.Avalonia.HeadlessTests.FsusVirtualizationHeadlessTests" name="TableV2MeasuresDynamicRowsAndRaisesRealScrollCallbacks" />
    </UnitTest>
    <UnitTest name="FsusUI.Avalonia.HeadlessTests.FsusShortcutRecorderHeadlessTests.UserStartsRecordingAndPressesCtrlShiftPToCaptureOneShortcut(platform: Windows, primaryModifier: Control, displayShortcut: &quot;Ctrl+Shift+P&quot;)" storage="/workspace/native-reviewed-integration/dotnet/fsusui.avalonia.headlesstests/bin/release/net10.0/fsusui.avalonia.headlesstests.dll" id="859fa253-cedd-5813-bbda-2f592951f53c">
      <Execution id="50bd4409-a8b1-4da1-a427-db8ab0caec59" />
      <TestMethod codeBase="/workspace/native-reviewed-integration/dotnet/FsusUI.Avalonia.HeadlessTests/bin/Release/net10.0/FsusUI.Avalonia.HeadlessTests.dll" adapterTypeName="executor://xunit/VsTestRunner3/netcore/" className="FsusUI.Avalonia.HeadlessTests.FsusShortcutRecorderHeadlessTests" name="UserStartsRecordingAndPressesCtrlShiftPToCaptureOneShortcut" />
    </UnitTest>
    <UnitTest name="FsusUI.Avalonia.HeadlessTests.FsusNativeMenuTests.SameCommandModelUsableByCommandPaletteAndNativeMenu(platform: Windows, displayShortcut: &quot;Ctrl+S&quot;, nativePrimaryModifier: Control)" storage="/workspace/native-reviewed-integration/dotnet/fsusui.avalonia.headlesstests/bin/release/net10.0/fsusui.avalonia.headlesstests.dll" id="302cd869-9774-5490-b257-c2d8d6d86fa7">
      <Execution id="bbd8debe-80a8-4d6e-9c55-333d6a2f1f28" />
      <TestMethod codeBase="/workspace/native-reviewed-integration/dotnet/FsusUI.Avalonia.HeadlessTests/bin/Release/net10.0/FsusUI.Avalonia.HeadlessTests.dll" adapterTypeName="executor://xunit/VsTestRunner3/netcore/" className="FsusUI.Avalonia.HeadlessTests.FsusNativeMenuTests" name="SameCommandModelUsableByCommandPaletteAndNativeMenu" />
    </UnitTest>
    <UnitTest name="FsusUI.Avalonia.HeadlessTests.FsusNativeMenuTests.CustomShortcutUpdateImmediatelyRefreshesNativeMenuAccelerator(platform: macOS)" storage="/workspace/native-reviewed-integration/dotnet/fsusui.avalonia.headlesstests/bin/release/net10.0/fsusui.avalonia.headlesstests.dll" id="aa6c4dc1-2fa7-7400-9801-20d856594a43">
      <Execution id="03bbc910-8106-466b-a6f2-e29de90da861" />
      <TestMethod codeBase="/workspace/native-reviewed-integration/dotnet/FsusUI.Avalonia.HeadlessTests/bin/Release/net10.0/FsusUI.Avalonia.HeadlessTests.dll" adapterTypeName="executor://xunit/VsTestRunner3/netcore/" className="FsusUI.Avalonia.HeadlessTests.FsusNativeMenuTests" name="CustomShortcutUpdateImmediatelyRefreshesNativeMenuAccelerator" />
    </UnitTest>
  </TestDefinitions>
  <TestEntries>
    <TestEntry testId="8c2bf773-9cfa-65b9-4e0b-860e5fb1b1c7" executionId="5fd4c586-3f5c-492e-ba9e-92a23ed5e0ec" testListId="8c84fa94-04c1-424b-9868-57a2d4851a1d" />
    <TestEntry testId="08190d5e-f441-912b-e5f3-c4f2300f112f" executionId="be60649b-8000-4d08-949b-4626c338b627" testListId="8c84fa94-04c1-424b-9868-57a2d4851a1d" />
    <TestEntry testId="ab151e03-0027-9fab-346f-8a7527f0de37" executionId="ae21de40-c309-45a5-bb2a-cf0394219a55" testListId="8c84fa94-04c1-424b-9868-57a2d4851a1d" />
    <TestEntry testId="aa6c4dc1-2fa7-7400-9801-20d856594a43" executionId="03bbc910-8106-466b-a6f2-e29de90da861" testListId="8c84fa94-04c1-424b-9868-57a2d4851a1d" />
    <TestEntry testId="aece82bb-a578-534f-6854-bdc8e7802bae" executionId="61554f17-cb4d-4fe8-af93-cc9303329694" testListId="8c84fa94-04c1-424b-9868-57a2d4851a1d" />
    <TestEntry testId="4165fc1d-3a18-4ac9-960d-c00b1210c535" executionId="942ab76c-7967-46f7-adf2-1431de20b4e4" testListId="8c84fa94-04c1-424b-9868-57a2d4851a1d" />
    <TestEntry testId="31c02228-4798-7bb0-30e4-87606fadb38e" executionId="761ac9de-dc01-4a7e-b441-f9a7ebb285a3" testListId="8c84fa94-04c1-424b-9868-57a2d4851a1d" />
    <TestEntry testId="a2cf1280-a3af-a409-77ea-8cf68d6ef21c" executionId="d5a21d03-4b1f-4291-b121-a8e0dd3a3e8f" testListId="8c84fa94-04c1-424b-9868-57a2d4851a1d" />
    <TestEntry testId="e0705852-0099-8bb7-3633-063a9fafa61b" executionId="ee3c30d9-7893-4442-864d-d67bb4fd15dc" testListId="8c84fa94-04c1-424b-9868-57a2d4851a1d" />
    <TestEntry testId="69b3a850-ac6e-f0ba-8582-ecc457c21403" executionId="742503c7-9dff-4f18-a835-c0e030af0d70" testListId="8c84fa94-04c1-424b-9868-57a2d4851a1d" />
    <TestEntry testId="2c02f114-141c-6c2a-15e4-ba71a0d664e6" executionId="e612da22-7565-4c24-8653-8ab874b00732" testListId="8c84fa94-04c1-424b-9868-57a2d4851a1d" />
    <TestEntry testId="7c4f4440-5025-d367-d9e7-687134b9dc21" executionId="db41b115-e3c0-4a30-b29b-802b32386da2" testListId="8c84fa94-04c1-424b-9868-57a2d4851a1d" />
    <TestEntry testId="78461630-bf38-d316-bae1-27c3211117a0" executionId="b5012fc0-e4dc-408f-9bf5-4dd306b40660" testListId="8c84fa94-04c1-424b-9868-57a2d4851a1d" />
    <TestEntry testId="4b6dca01-fe0a-695f-17ec-1b9a9e0d4d31" executionId="755e163d-1932-4847-9e4e-f377727f82bd" testListId="8c84fa94-04c1-424b-9868-57a2d4851a1d" />
    <TestEntry testId="6915b60f-c64c-7bc4-87cf-c71446a4020f" executionId="586955fd-fe67-42b5-aa64-330b07f21a23" testListId="8c84fa94-04c1-424b-9868-57a2d4851a1d" />
    <TestEntry testId="b1bbe885-5969-c487-b2bd-7801ab883cba" executionId="635710e3-29b1-453c-9dba-c93e6272a34f" testListId="8c84fa94-04c1-424b-9868-57a2d4851a1d" />
    <TestEntry testId="e7a8f6f2-04b4-34e9-e9db-9d327a828bbe" executionId="cdf714a3-27a0-4a76-a178-4af311c0c159" testListId="8c84fa94-04c1-424b-9868-57a2d4851a1d" />
    <TestEntry testId="27c6a15e-539d-23b9-c340-9eb9a2a2c657" executionId="8838e9da-e892-4006-875e-11752f27c89a" testListId="8c84fa94-04c1-424b-9868-57a2d4851a1d" />
    <TestEntry testId="f11f02a3-9a3f-40a1-358f-488893058fe2" executionId="3a1c1b8e-ed3d-4ed3-b943-41e84a89bbac" testListId="8c84fa94-04c1-424b-9868-57a2d4851a1d" />
    <TestEntry testId="859fa253-cedd-5813-bbda-2f592951f53c" executionId="50bd4409-a8b1-4da1-a427-db8ab0caec59" testListId="8c84fa94-04c1-424b-9868-57a2d4851a1d" />
    <TestEntry testId="6d6cef4a-5d20-fffc-f353-29425e8fffd2" executionId="1dc6ef02-cb70-4e06-9a31-e4bcda52d4e5" testListId="8c84fa94-04c1-424b-9868-57a2d4851a1d" />
    <TestEntry testId="7fe86793-661a-b415-10c1-873352050d7e" executionId="85b5afed-8eb0-4617-a620-88aa54b93e2f" testListId="8c84fa94-04c1-424b-9868-57a2d4851a1d" />
    <TestEntry testId="ca0f1827-a902-741c-60e4-f7ba360c329d" executionId="2f78f458-7e95-40b4-b648-d36ec37a73a4" testListId="8c84fa94-04c1-424b-9868-57a2d4851a1d" />
    <TestEntry testId="d626e27b-921b-aede-8011-76984e338f93" executionId="d9bc5992-4e84-4601-94e4-d5f8aa4f7fd3" testListId="8c84fa94-04c1-424b-9868-57a2d4851a1d" />
    <TestEntry testId="df204aa4-01a9-5eb5-e9b2-1152e3f36aec" executionId="8d9e4e4b-0552-4298-8d8a-9dd3167c3885" testListId="8c84fa94-04c1-424b-9868-57a2d4851a1d" />
    <TestEntry testId="302cd869-9774-5490-b257-c2d8d6d86fa7" executionId="bbd8debe-80a8-4d6e-9c55-333d6a2f1f28" testListId="8c84fa94-04c1-424b-9868-57a2d4851a1d" />
    <TestEntry testId="13e65226-ca45-b60d-2a7f-3b14224042ab" executionId="9306c7f2-e48e-4cc7-ba15-8cdfb8576c61" testListId="8c84fa94-04c1-424b-9868-57a2d4851a1d" />
    <TestEntry testId="a140aeee-b087-d1f1-65ad-34b834566274" executionId="ef3ba96f-7434-4969-ab53-a19d2cc176f0" testListId="8c84fa94-04c1-424b-9868-57a2d4851a1d" />
    <TestEntry testId="b8ce8ab0-ea36-dda2-61c5-7a45e2d67c32" executionId="faf1e2c4-bee6-472e-a194-d2e131f07d93" testListId="8c84fa94-04c1-424b-9868-57a2d4851a1d" />
    <TestEntry testId="61294269-b310-acee-4a42-ec7680ca82cf" executionId="70cc8b4f-8470-4bf4-b241-af09bcb7f48b" testListId="8c84fa94-04c1-424b-9868-57a2d4851a1d" />
    <TestEntry testId="d2831217-7816-16bc-67bc-ccfa4072e92a" executionId="5d9acb94-3240-4105-a04b-33fc4c43ff7c" testListId="8c84fa94-04c1-424b-9868-57a2d4851a1d" />
    <TestEntry testId="edfde5dd-473c-d15f-5af5-f572ca17dbbc" executionId="9efae6e0-40b8-4f6f-9df5-4cdf65b00ffb" testListId="8c84fa94-04c1-424b-9868-57a2d4851a1d" />
    <TestEntry testId="8b9a2a8c-a06e-65b3-1147-e95f0a9087c6" executionId="ddd24d19-4e86-4921-94eb-fd2263b9c255" testListId="8c84fa94-04c1-424b-9868-57a2d4851a1d" />
    <TestEntry testId="1f609f85-de3a-550b-511c-9b273ba1864a" executionId="f75ff8ff-edef-4f73-9ebd-c38d04400c6b" testListId="8c84fa94-04c1-424b-9868-57a2d4851a1d" />
    <TestEntry testId="4c645704-4448-88d3-06cd-924f0a5f4aa8" executionId="4e8159ce-e60e-4565-b186-463822142e77" testListId="8c84fa94-04c1-424b-9868-57a2d4851a1d" />
    <TestEntry testId="22aced77-af3b-a77a-7f24-d1715e9701cf" executionId="b40d085f-cb4e-4152-93a5-6ffac6050a10" testListId="8c84fa94-04c1-424b-9868-57a2d4851a1d" />
    <TestEntry testId="ace77650-aae5-6543-c8fb-7a296ad77d09" executionId="9724fc21-1043-4188-9a1f-53c95007955d" testListId="8c84fa94-04c1-424b-9868-57a2d4851a1d" />
    <TestEntry testId="af7ad8cc-478d-d45d-3cb5-53a9bf76a889" executionId="3d63a3e0-a01e-404b-a4ea-9bbf630261fc" testListId="8c84fa94-04c1-424b-9868-57a2d4851a1d" />
    <TestEntry testId="58225808-ece4-4d2c-580b-30d3cdd33e58" executionId="236d0540-7f4c-4205-b2e4-de9ad33cf1ff" testListId="8c84fa94-04c1-424b-9868-57a2d4851a1d" />
    <TestEntry testId="0f3a4b13-b1c4-374b-51c4-356b4f715629" executionId="2bd44b28-6827-407a-8095-17bb3e460f28" testListId="8c84fa94-04c1-424b-9868-57a2d4851a1d" />
    <TestEntry testId="692d6b56-a9fa-9ba5-cd29-041047dc78a8" executionId="96d9c504-1edc-47b4-a170-afd86e6b85fb" testListId="8c84fa94-04c1-424b-9868-57a2d4851a1d" />
    <TestEntry testId="6e3cb0e0-9c4f-0e3e-4d60-01c911dc38d1" executionId="546586bf-f8ef-43b5-8903-aa499ba017fd" testListId="8c84fa94-04c1-424b-9868-57a2d4851a1d" />
    <TestEntry testId="d562df44-80a0-d379-71b0-bbbb33892c05" executionId="e60aecce-53fe-47fd-b88a-fb45fa421ac5" testListId="8c84fa94-04c1-424b-9868-57a2d4851a1d" />
    <TestEntry testId="94bf53d3-9e7f-fd3b-9f96-41909a891392" executionId="9524ef56-b16d-471a-9666-f2f4c64a4a1a" testListId="8c84fa94-04c1-424b-9868-57a2d4851a1d" />
    <TestEntry testId="7488d433-cac4-3d77-ed60-1c0001a17730" executionId="85f20725-2f76-4d14-a287-59d3df38672c" testListId="8c84fa94-04c1-424b-9868-57a2d4851a1d" />
    <TestEntry testId="4365433f-859d-3012-c8b5-49866a2c3271" executionId="91cabf27-b30f-4c25-800a-8a6b2a5b0dd1" testListId="8c84fa94-04c1-424b-9868-57a2d4851a1d" />
  </TestEntries>
  <TestLists>
    <TestList name="Results Not in a List" id="8c84fa94-04c1-424b-9868-57a2d4851a1d" />
    <TestList name="All Loaded Results" id="19431567-8539-422a-85d7-44ee4e166bda" />
  </TestLists>
  <ResultSummary outcome="Completed">
    <Counters total="46" executed="46" passed="46" failed="0" error="0" timeout="0" aborted="0" inconclusive="0" passedButRunAborted="0" notRunnable="0" notExecuted="0" disconnected="0" warning="0" completed="0" inProgress="0" pending="0" />
    <Output>
      <StdOut>[xUnit.net 00:00:00.00] xUnit.net VSTest Adapter v3.1.4+50e68bbb8b (64-bit .NET 10.0.12)
[xUnit.net 00:00:00.33]   Discovering: FsusUI.Avalonia.HeadlessTests
[xUnit.net 00:00:00.91]   Discovered:  FsusUI.Avalonia.HeadlessTests
[xUnit.net 00:00:01.25]   Starting:    FsusUI.Avalonia.HeadlessTests
Fontconfig error: No writable cache directories
Fontconfig error: No writable cache directories
Fontconfig error: No writable cache directories
Fontconfig error: No writable cache directories
Fontconfig error: No writable cache directories
Fontconfig error: No writable cache directories
Fontconfig error: No writable cache directories
Fontconfig error: No writable cache directories
Fontconfig error: No writable cache directories
Fontconfig error: No writable cache directories
Fontconfig error: No writable cache directories
Fontconfig error: No writable cache directories
Fontconfig error: No writable cache directories
Fontconfig error: No writable cache directories
Fontconfig error: No writable cache directories
Fontconfig error: No writable cache directories
Fontconfig error: No writable cache directories
Fontconfig error: No writable cache directories
Fontconfig error: No writable cache directories
Fontconfig error: No writable cache directories
Fontconfig error: No writable cache directories
Fontconfig error: No writable cache directories
Fontconfig error: No writable cache directories
Fontconfig error: No writable cache directories
Fontconfig error: No writable cache directories
Fontconfig error: No writable cache directories
Fontconfig error: No writable cache directories
Fontconfig error: No writable cache directories
Fontconfig error: No writable cache directories
[xUnit.net 00:00:05.07]   Finished:    FsusUI.Avalonia.HeadlessTests
</StdOut>
    </Output>
  </ResultSummary>
</TestRun>