[playwright-boundary] owner=playwright-boundary group=main cells=1 commit=d456f80e2f411ca81b4e98168638411e09eeac6a digest=4662122d518905a82a69a418bae4f2badc9923d1144c9a3765422fe18b0827b4

node:events:487
      throw er; // Unhandled 'error' event
      ^

Error: listen EADDRINUSE: address already in use 127.0.0.1:5252
    at Server.setupListenHandle [as _listen2] (node:net:2167:16)
    at listenInCluster (node:net:2224:12)
    at node:net:2448:7
    at process.processTicksAndRejections (node:internal/process/task_queues:90:21)
Emitted 'error' event on Server instance at:
    at emitErrorNT (node:net:2203:8)
    at process.processTicksAndRejections (node:internal/process/task_queues:90:21) {
  code: 'EADDRINUSE',
  errno: -98,
  syscall: 'listen',
  address: '127.0.0.1',
  port: 5252
}

Node.js v24.19.0
boundary server exited before binding http://127.0.0.1:5252 (1)
