{
  "config": {
    "configFile": "/workspace/FsusUI/vue/playwright.boundary-audit.config.ts",
    "rootDir": "/workspace/FsusUI/vue/tests/visual-boundary",
    "forbidOnly": false,
    "fullyParallel": false,
    "globalSetup": null,
    "globalTeardown": null,
    "globalTimeout": 0,
    "grep": {},
    "grepInvert": null,
    "maxFailures": 0,
    "metadata": {},
    "preserveOutput": "always",
    "projects": [
      {
        "outputDir": "/workspace/FsusUI/.tmp/issue825-ownership-standalone-output",
        "repeatEach": 1,
        "retries": 0,
        "metadata": {},
        "id": "desktop-light",
        "name": "desktop-light",
        "testDir": "/workspace/FsusUI/vue/tests/visual-boundary",
        "testIgnore": [
          "**/safe-area-*.spec.ts"
        ],
        "testMatch": [
          "**/*.@(spec|test).?(c|m)[jt]s?(x)"
        ],
        "timeout": 600000
      },
      {
        "outputDir": "/workspace/FsusUI/.tmp/issue825-ownership-standalone-output",
        "repeatEach": 1,
        "retries": 0,
        "metadata": {},
        "id": "mobile-light",
        "name": "mobile-light",
        "testDir": "/workspace/FsusUI/vue/tests/visual-boundary",
        "testIgnore": [
          "**/safe-area-*.spec.ts"
        ],
        "testMatch": [
          "**/*.@(spec|test).?(c|m)[jt]s?(x)"
        ],
        "timeout": 600000
      },
      {
        "outputDir": "/workspace/FsusUI/.tmp/issue825-ownership-standalone-output",
        "repeatEach": 1,
        "retries": 0,
        "metadata": {},
        "id": "tiny-light",
        "name": "tiny-light",
        "testDir": "/workspace/FsusUI/vue/tests/visual-boundary",
        "testIgnore": [
          "**/safe-area-*.spec.ts"
        ],
        "testMatch": [
          "**/*.@(spec|test).?(c|m)[jt]s?(x)"
        ],
        "timeout": 600000
      },
      {
        "outputDir": "/workspace/FsusUI/.tmp/issue825-ownership-standalone-output",
        "repeatEach": 1,
        "retries": 0,
        "metadata": {},
        "id": "desktop-dark",
        "name": "desktop-dark",
        "testDir": "/workspace/FsusUI/vue/tests/visual-boundary",
        "testIgnore": [
          "**/safe-area-*.spec.ts"
        ],
        "testMatch": [
          "**/*.@(spec|test).?(c|m)[jt]s?(x)"
        ],
        "timeout": 600000
      },
      {
        "outputDir": "/workspace/FsusUI/.tmp/issue825-ownership-standalone-output",
        "repeatEach": 1,
        "retries": 0,
        "metadata": {},
        "id": "mobile-dark",
        "name": "mobile-dark",
        "testDir": "/workspace/FsusUI/vue/tests/visual-boundary",
        "testIgnore": [
          "**/safe-area-*.spec.ts"
        ],
        "testMatch": [
          "**/*.@(spec|test).?(c|m)[jt]s?(x)"
        ],
        "timeout": 600000
      },
      {
        "outputDir": "/workspace/FsusUI/.tmp/issue825-ownership-standalone-output",
        "repeatEach": 1,
        "retries": 0,
        "metadata": {},
        "id": "tiny-dark",
        "name": "tiny-dark",
        "testDir": "/workspace/FsusUI/vue/tests/visual-boundary",
        "testIgnore": [
          "**/safe-area-*.spec.ts"
        ],
        "testMatch": [
          "**/*.@(spec|test).?(c|m)[jt]s?(x)"
        ],
        "timeout": 600000
      },
      {
        "outputDir": "/workspace/FsusUI/.tmp/issue825-ownership-standalone-output",
        "repeatEach": 1,
        "retries": 0,
        "metadata": {},
        "id": "safe-area-chromium",
        "name": "safe-area-chromium",
        "testDir": "/workspace/FsusUI/vue/tests/visual-boundary",
        "testIgnore": [],
        "testMatch": [
          "**/safe-area-*.spec.ts"
        ],
        "timeout": 600000
      },
      {
        "outputDir": "/workspace/FsusUI/.tmp/issue825-ownership-standalone-output",
        "repeatEach": 1,
        "retries": 0,
        "metadata": {},
        "id": "safe-area-webkit",
        "name": "safe-area-webkit",
        "testDir": "/workspace/FsusUI/vue/tests/visual-boundary",
        "testIgnore": [],
        "testMatch": [
          "**/safe-area-*.spec.ts"
        ],
        "timeout": 600000
      }
    ],
    "quiet": false,
    "reporter": [
      [
        "json"
      ]
    ],
    "reportSlowTests": {
      "max": 5,
      "threshold": 300000
    },
    "shard": null,
    "tags": [],
    "updateSnapshots": "missing",
    "updateSourceMethod": "patch",
    "version": "1.59.1",
    "workers": 1,
    "webServer": {
      "command": "pnpm -C .. run ensure:wasm && pnpm -C packages/demo-app exec vite --host 127.0.0.1 --port 5252 --strictPort",
      "url": "http://127.0.0.1:5252",
      "reuseExistingServer": false,
      "timeout": 120000
    }
  },
  "suites": [],
  "errors": [
    {
      "message": "Error: http://127.0.0.1:5252 is already used, make sure that nothing is running on the port/url or set reuseExistingServer:true in config.webServer.",
      "stack": "Error: http://127.0.0.1:5252 is already used, make sure that nothing is running on the port/url or set reuseExistingServer:true in config.webServer."
    }
  ],
  "stats": {
    "startTime": "2026-10-08T12:38:25.151Z",
    "duration": 17.435000000000173,
    "expected": 0,
    "skipped": 0,
    "unexpected": 0,
    "flaky": 0
  }
}

